11-29 21:47:10.700     0     0 I init    : processing action (MixHwrngIntoLinuxRng) from (<Builtin Action>:0)
11-29 21:47:10.710     0     0 I init    : Mixed 512 bytes from /dev/hw_random into /dev/urandom
11-29 21:47:10.711     0     0 I init    : processing action (late-init) from (/system/etc/init/hw/init.rc:427)
11-29 21:47:10.712     0     0 I init    : processing action (late-init) from (/system/etc/init/atrace.rc:3)
11-29 21:47:10.717     0     0 I init    : processing action (late-init) from (/vendor/etc/init/android.hardware.atrace@1.0-service.rc:1)
11-29 21:47:10.719     0     0 I init    : processing action (queue_property_triggers) from (<Builtin Action>:0)
11-29 21:47:10.720     0     0 I init    : processing action (early-fs) from (/system/etc/init/hw/init.rc:463)
11-29 21:47:10.721     0     0 I init    : starting service 'vold'...
11-29 21:47:10.723   177   177 E cutils-trace: Error opening trace file: Permission denied (13)
11-29 21:47:10.724   177   177 I hwservicemanager: getFrameworkHalManifest: Reading VINTF information.
11-29 21:47:10.730   177   177 I hwservicemanager: getFrameworkHalManifest: Successfully processed VINTF information
11-29 21:47:10.730   177   177 I hwservicemanager: getDeviceHalManifest: Reading VINTF information.
11-29 21:47:10.737   177   177 I hwservicemanager: getDeviceHalManifest: Successfully processed VINTF information
11-29 21:47:10.738   177   177 I hwservicemanager: Since android.hardware.keymaster@4.0::IKeymasterDevice/default is not registered, trying to start it as a lazy HAL.
--------- beginning of system
11-29 21:47:10.738   187   187 I vold    : Vold 3.0 (the awakening) firing up
11-29 21:47:10.738   187   187 D vold    : Detected support for: ext4 f2fs vfat
11-29 21:47:10.738   177   177 I hwservicemanager: Since android.hardware.keymaster@4.0::IKeymasterDevice/default is not registered, trying to start it as a lazy HAL.
11-29 21:47:10.740   187   187 D vold    : Found unmanaged dm device named product
11-29 21:47:10.740   187   187 D vold    : Found unmanaged dm device named vendor
11-29 21:47:10.740   187   187 D vold    : Found unmanaged dm device named system
11-29 21:47:10.740   187   187 D vold    : Found unmanaged dm device named system_ext
11-29 21:47:10.740   187   187 D vold    : Found unmanaged dm device named system-verity
11-29 21:47:10.740   187   187 W vold    : Failed to LOOP_GET_STATUS64 /dev/block/loop26: No such device or address
11-29 21:47:10.740   187   187 W vold    : Failed to LOOP_GET_STATUS64 /dev/block/loop25: No such device or address
11-29 21:47:10.740   187   187 W vold    : Failed to LOOP_GET_STATUS64 /dev/block/loop24: No such device or address
11-29 21:47:10.740   187   187 W vold    : Failed to LOOP_GET_STATUS64 /dev/block/loop23: No such device or address
11-29 21:47:10.740   187   187 W vold    : Failed to LOOP_GET_STATUS64 /dev/block/loop22: No such device or address
11-29 21:47:10.740   187   187 W vold    : Failed to LOOP_GET_STATUS64 /dev/block/loop21: No such device or address
11-29 21:47:10.740   187   187 W vold    : Failed to LOOP_GET_STATUS64 /dev/block/loop20: No such device or address
11-29 21:47:10.740   187   187 W vold    : Failed to LOOP_GET_STATUS64 /dev/block/loop19: No such device or address
11-29 21:47:10.740   187   187 W vold    : Failed to LOOP_GET_STATUS64 /dev/block/loop18: No such device or address
11-29 21:47:10.740   187   187 W vold    : Failed to LOOP_GET_STATUS64 /dev/block/loop17: No such device or address
11-29 21:47:10.740   187   187 W vold    : Failed to LOOP_GET_STATUS64 /dev/block/loop16: No such device or address
11-29 21:47:10.740   187   187 W vold    : Failed to LOOP_GET_STATUS64 /dev/block/loop10: No such device or address
11-29 21:47:10.740   187   187 D vold    : Found unmanaged loop device at /dev/block/loop3 named apex:
11-29 21:47:10.740   187   187 D vold    : Found unmanaged loop device at /dev/block/loop5 named apex:
11-29 21:47:10.740   187   187 W vold    : Failed to LOOP_GET_STATUS64 /dev/block/loop12: No such device or address
11-29 21:47:10.740   187   187 W vold    : Failed to LOOP_GET_STATUS64 /dev/block/loop7: No such device or address
11-29 21:47:10.740   187   187 D vold    : Found unmanaged loop device at /dev/block/loop0 named apex:
11-29 21:47:10.740   187   187 D vold    : Found unmanaged loop device at /dev/block/loop2 named apex:
11-29 21:47:10.740   187   187 W vold    : Failed to LOOP_GET_STATUS64 /dev/block/loop8: No such device or address
11-29 21:47:10.740   187   187 D vold    : Found unmanaged loop device at /dev/block/loop1 named apex:
11-29 21:47:10.740   187   187 W vold    : Failed to LOOP_GET_STATUS64 /dev/block/loop14: No such device or address
11-29 21:47:10.741   187   187 W vold    : Failed to LOOP_GET_STATUS64 /dev/block/loop9: No such device or address
11-29 21:47:10.741   187   187 W vold    : Failed to LOOP_GET_STATUS64 /dev/block/loop11: No such device or address
11-29 21:47:10.741   187   187 D vold    : Found unmanaged loop device at /dev/block/loop4 named apex:
11-29 21:47:10.741   187   187 W vold    : Failed to LOOP_GET_STATUS64 /dev/block/loop6: No such device or address
11-29 21:47:10.741   187   187 W vold    : Failed to LOOP_GET_STATUS64 /dev/block/loop13: No such device or address
11-29 21:47:10.741   187   187 W vold    : Failed to LOOP_GET_STATUS64 /dev/block/loop15: No such device or address
11-29 21:47:10.742   187   187 D vold    : VoldNativeService::start() completed OK
11-29 21:47:10.749     0     0 I init    : processing action (early-fs) from (/vendor/etc/init/hw/init.ranchu.rc:1)
11-29 21:47:10.751     0     0 I init    : processing action (fs) from (/vendor/etc/init/hw/init.ranchu.rc:4)
11-29 21:47:10.752     0     0 I init    : starting service 'wait_for_keymaster'...
11-29 21:47:10.755     0     0 I init    : SVC_EXEC service 'wait_for_keymaster' pid 188 (uid 0 gid 0+1 context default) started; waiting...
11-29 21:47:10.788     0     0 I wait_for_keymaster: Waiting for Keymaster device
11-29 21:47:10.801   192   192 E cutils-trace: Error opening trace file: Permission denied (13)
11-29 21:47:10.802   192   192 I HidlServiceManagement: Registered android.hardware.keymaster@4.1::IKeymasterDevice/default (start delay of 66ms)
11-29 21:47:10.802   192   192 I HidlServiceManagement: Removing namespace from process name android.hardware.keymaster@4.1-service to keymaster@4.1-service.
11-29 21:47:10.803   177   177 I hw-BpHwBinder: onLastStrongRef automatically unlinking death recipients
11-29 21:47:10.803   177   177 I hwservicemanager: getTransport: Cannot find entry android.hardware.keymaster@3.0::IKeymasterDevice/default in either framework or device manifest.
11-29 21:47:10.804     0     0 I HidlServiceManagement: getService: Trying again for android.hardware.keymaster@4.0::IKeymasterDevice/default...
11-29 21:47:10.806     0     0 I init    : starting service 'vendor.keymaster-4-1'...
11-29 21:47:10.809     0     0 I init    : Control message: Processed ctl.interface_start for 'android.hardware.keymaster@4.0::IKeymasterDevice/default' from pid: 177 (/system/bin/hwservicemanager)
11-29 21:47:10.810     0     0 I init    : Control message: Processed ctl.interface_start for 'android.hardware.keymaster@4.0::IKeymasterDevice/default' from pid: 177 (/system/bin/hwservicemanager)
11-29 21:47:10.834   187   187 D vold    : fscrypt_mount_metadata_encrypted: /data 0
11-29 21:47:10.834   187   187 D vold    : metadata_key_dir/key: /metadata/vold/metadata_encryption/key
11-29 21:47:10.836   177   177 I hwservicemanager: getTransport: Cannot find entry android.hardware.keymaster@3.0::IKeymasterDevice/default in either framework or device manifest.
11-29 21:47:10.836   187   187 I vold    : List of Keymaster HALs found:
11-29 21:47:10.836   187   187 I vold    : Keymaster HAL #1: SoftwareKeymasterDevice from Google SecurityLevel: SOFTWARE HAL: android.hardware.keymaster@4.1::IKeymasterDevice/default
11-29 21:47:10.836   187   187 D vold    : Computing HMAC with params { (seed: , nonce: 93f2caac338c25d6d0dbed32455cf49aea779f53dade55ab6bca29d1aa50807a) }
11-29 21:47:10.837   187   187 D vold    : Computing HMAC for SoftwareKeymasterDevice from Google SecurityLevel: SOFTWARE HAL: android.hardware.keymaster@4.1::IKeymasterDevice/default
11-29 21:47:10.837   187   187 I vold    : Using SoftwareKeymasterDevice from Google for encryption.  Security level: SOFTWARE, HAL: android.hardware.keymaster@4.1::IKeymasterDevice/default
11-29 21:47:10.837   177   177 I hwservicemanager: getTransport: Cannot find entry android.hardware.boot@1.0::IBootControl/default in either framework or device manifest.
11-29 21:47:10.837   187   187 D vold    : Key exists, using: /metadata/vold/metadata_encryption/key
11-29 21:47:10.839   177   177 I hwservicemanager: getTransport: Cannot find entry android.hardware.keymaster@3.0::IKeymasterDevice/default in either framework or device manifest.
11-29 21:47:10.840   187   187 I vold    : List of Keymaster HALs found:
11-29 21:47:10.840   187   187 I vold    : Keymaster HAL #1: SoftwareKeymasterDevice from Google SecurityLevel: SOFTWARE HAL: android.hardware.keymaster@4.1::IKeymasterDevice/default
11-29 21:47:10.840   187   187 I vold    : Using SoftwareKeymasterDevice from Google for encryption.  Security level: SOFTWARE, HAL: android.hardware.keymaster@4.1::IKeymasterDevice/default
11-29 21:47:10.843   187   187 D vold    : Mounting metadata-encrypted filesystem:/data
11-29 21:47:10.844   177   177 I hwservicemanager: getTransport: Cannot find entry android.hardware.keymaster@3.0::IKeymasterDevice/default in either framework or device manifest.
11-29 21:47:10.844   187   187 I vold    : List of Keymaster HALs found:
11-29 21:47:10.844   187   187 I vold    : Keymaster HAL #1: SoftwareKeymasterDevice from Google SecurityLevel: SOFTWARE HAL: android.hardware.keymaster@4.1::IKeymasterDevice/default
11-29 21:47:10.844   187   187 I vold    : [libfs_mgr]superblock s_max_mnt_count:65535,/dev/block/dm-5
11-29 21:47:10.844   187   187 I vold    : [libfs_mgr]Filesystem on /dev/block/dm-5 was not cleanly shutdown; state flags: 0x1, incompat feature flags: 0x30046
11-29 21:47:10.869     0     0 I wait_for_keymaster: List of Keymaster HALs found:
11-29 21:47:10.870     0     0 I wait_for_keymaster: Keymaster HAL #1: SoftwareKeymasterDevice from Google SecurityLevel: SOFTWARE HAL: android.hardware.keymaster@4.1::IKeymasterDevice/default
11-29 21:47:10.872     0     0 D wait_for_keymaster: Computing HMAC with params { (seed: , nonce: 93f2caac338c25d6d0dbed32455cf49aea779f53dade55ab6bca29d1aa50807a) }
11-29 21:47:10.872     0     0 D wait_for_keymaster: Computing HMAC for SoftwareKeymasterDevice from Google SecurityLevel: SOFTWARE HAL: android.hardware.keymaster@4.1::IKeymasterDevice/default
11-29 21:47:10.872     0     0 I wait_for_keymaster: Using SoftwareKeymasterDevice from Google for encryption.  Security level: SOFTWARE, HAL: android.hardware.keymaster@4.1::IKeymasterDevice/default
11-29 21:47:10.874     0     0 I wait_for_keymaster: Keymaster device ready
11-29 21:47:10.875     0     0 I         : wait_for_keymas (188) used greatest stack depth: 11864 bytes left
11-29 21:47:10.876     0     0 I init    : Service 'wait_for_keymaster' (pid 188) exited with status 0 waiting took 0.122000 seconds
11-29 21:47:10.877     0     0 I init    : Sending signal 9 to service 'wait_for_keymaster' (pid 188) process group...
11-29 21:47:10.878     0     0 I libprocessgroup: Successfully killed process cgroup uid 0 pid 188 in 0ms
11-29 21:47:10.880     0     0 I init    : [libfs_mgr]Invalid ext4 superblock on '/dev/block/vdc'
11-29 21:47:10.881     0     0 E init    : [libfs_mgr]mount_with_alternatives(): skipping mount due to invalid magic, mountpoint=/data blk_dev=/dev/block/vdc rec[4].fs_type=ext4
11-29 21:47:10.883     0     0 I init    : Calling: /system/bin/vdc cryptfs mountFstab /dev/block/vdc /data
11-29 21:47:10.900     0     0 D vdc     : Waited 0ms for vold
11-29 21:47:10.911     0     0 W EXT4-fs (dm-5): Ignoring removed nomblk_io_submit option
11-29 21:47:10.912     0     0 I EXT4-fs (dm-5): Using encoding defined by superblock: utf8-12.1.0 with flags 0x0
11-29 21:47:10.927   187   187 I vold    : [libfs_mgr]check_fs(): mount(/dev/block/dm-5,/data,ext4)=0: Success
11-29 21:47:10.944   187   187 I vold    : [libfs_mgr]check_fs(): unmount(/data) succeeded
11-29 21:47:10.944   187   187 I vold    : [libfs_mgr]Running /system/bin/e2fsck on /dev/block/dm-5
11-29 21:47:10.982     0     0 I EXT4-fs (dm-5): 41 orphan inodes deleted
11-29 21:47:10.983     0     0 I EXT4-fs (dm-5): recovery complete
11-29 21:47:10.990     0     0 I EXT4-fs (dm-5): mounted filesystem with ordered data mode. Opts: errors=remount-ro,nomblk_io_submit
11-29 21:47:11.027     0     0 I e2fsck  : e2fsck 1.45.4 (23-Sep-2019)
11-29 21:47:11.040     0     0 I e2fsck  : Pass 1: Checking inodes, blocks, and sizes
11-29 21:47:11.339     0     0 I e2fsck  : Pass 2: Checking directory structure
11-29 21:47:11.420   187   187 I vold    : [libfs_mgr]superblock s_max_mnt_count:65535,/dev/block/dm-5
11-29 21:47:11.421   187   187 W vold    : [libfs_mgr]Reserved blocks 32768 is too large; capping to 31457
11-29 21:47:11.427   187   187 I vold    : [libfs_mgr]__mount(source=/dev/block/dm-5,target=/data,type=ext4)=0: Success
11-29 21:47:11.427   187   187 D vold    : Mounted /data
11-29 21:47:11.427   187   194 D vold    : Disk at 253:5 changed
11-29 21:47:11.435     0     0 I e2fsck  : Pass 3: Checking directory connectivity
11-29 21:47:11.437     0     0 I e2fsck  : Pass 4: Checking reference counts
11-29 21:47:11.449     0     0 I e2fsck  : Pass 5: Checking group summary information
11-29 21:47:11.481     0     0 I e2fsck  : /dev/block/dm-5: 37445/393216 files (1.1% non-contiguous), 406613/1572864 blocks
11-29 21:47:11.483     1     1 W libc    : Unable to set property "ro.crypto.state" to "unsupported": error code: 0xb
11-29 21:47:11.487     0     0 W EXT4-fs (dm-5): Ignoring removed nomblk_io_submit option
11-29 21:47:11.488     0     0 I EXT4-fs (dm-5): Using encoding defined by superblock: utf8-12.1.0 with flags 0x0
11-29 21:47:11.491   213   213 I HidlServiceManagement: Registered android.hardware.atrace@1.0::IAtraceDevice/default (start delay of 14ms)
11-29 21:47:11.491   213   213 I HidlServiceManagement: Removing namespace from process name android.hardware.atrace@1.0-service to atrace@1.0-service.
11-29 21:47:11.491     0     0 I EXT4-fs (dm-5): mounted filesystem with ordered data mode. Opts: nomblk_io_submit,errors=panic
11-29 21:47:11.491   212   212 I HidlServiceManagement: Registered android.system.suspend@1.0::ISystemSuspend/default (start delay of 15ms)
11-29 21:47:11.492   212   212 I HidlServiceManagement: Removing namespace from process name android.system.suspend@1.0-service to suspend@1.0-service.
11-29 21:47:11.494   187   187 I Checkpoint: cp_prepareCheckpoint called
11-29 21:47:11.498     0     0 I init    : Keyring created with id 950565198 in process 1
11-29 21:47:11.499     0     0 I init    : Command 'mount_all /vendor/etc/fstab.ranchu' action=fs (/vendor/etc/init/hw/init.ranchu.rc:6) took 619ms and succeeded
11-29 21:47:11.501     0     0 I init    : processing action (fs) from (/system/etc/init/logd.rc:28)
11-29 21:47:11.502     0     0 I init    : processing action (fs) from (/system/etc/init/wifi.rc:25)
11-29 21:47:11.503     0     0 I init    : processing action (post-fs) from (/system/etc/init/hw/init.rc:467)
11-29 21:47:11.504     0     0 I init    : starting service 'exec 2 (/system/bin/vdc checkpoint markBootAttempt)'...
11-29 21:47:11.507     0     0 I init    : SVC_EXEC service 'exec 2 (/system/bin/vdc checkpoint markBootAttempt)' pid 210 (uid 1000 gid 1000+0 context default) started; waiting...
11-29 21:47:11.507   187   187 I vold    : fscrypt_initialize_systemwide_keys
11-29 21:47:11.507   187   187 D vold    : Key exists, using: /data/unencrypted/key
11-29 21:47:11.510   177   177 I hwservicemanager: getTransport: Cannot find entry android.hardware.keymaster@3.0::IKeymasterDevice/default in either framework or device manifest.
11-29 21:47:11.511   187   187 I vold    : List of Keymaster HALs found:
11-29 21:47:11.511   187   187 I vold    : Keymaster HAL #1: SoftwareKeymasterDevice from Google SecurityLevel: SOFTWARE HAL: android.hardware.keymaster@4.1::IKeymasterDevice/default
11-29 21:47:11.511   187   187 I vold    : Using SoftwareKeymasterDevice from Google for encryption.  Security level: SOFTWARE, HAL: android.hardware.keymaster@4.1::IKeymasterDevice/default
11-29 21:47:11.512   187   187 D vold    : Installed fscrypt key with ref 4fc4eba404d45caddce062715cfb2343 to /data
11-29 21:47:11.512   187   187 D vold    : Added fscrypt-provisioning key for 4fc4eba404d45caddce062715cfb2343 to session keyring
11-29 21:47:11.514     0     0 I init    : Service 'exec 2 (/system/bin/vdc checkpoint markBootAttempt)' (pid 210) exited with status 0 waiting took 0.007000 seconds
11-29 21:47:11.515   187   187 I vold    : Wrote system DE key reference to:/data/unencrypted/ref
11-29 21:47:11.515     0     0 I init    : Sending signal 9 to service 'exec 2 (/system/bin/vdc checkpoint markBootAttempt)' (pid 210) process group...
11-29 21:47:11.515   187   187 D vold    : Installed fscrypt key with ref 1395d1f90d901d846f5df342c3101fbf to /data
11-29 21:47:11.515   187   187 D vold    : Added fscrypt-provisioning key for 1395d1f90d901d846f5df342c3101fbf to session keyring
11-29 21:47:11.516   187   187 I vold    : Wrote per boot key reference to:/data/unencrypted/per_boot_ref
11-29 21:47:11.516     0     0 I libprocessgroup: Successfully killed process cgroup uid 1000 pid 210 in 0ms
11-29 21:47:11.518     0     0 E selinux : SELinux:  Could not stat /sys/kernel/debug: No such file or directory.
11-29 21:47:11.519     0     0 E selinux :  
11-29 21:47:11.519     0     0 I init    : Command 'chown system cache /cache' action=post-fs (/system/etc/init/hw/init.rc:479) took 0ms and failed: lchown() failed: Read-only file system
11-29 21:47:11.521     0     0 I init    : Command 'chmod 0770 /cache' action=post-fs (/system/etc/init/hw/init.rc:480) took 0ms and failed: fchmodat() failed: Read-only file system
11-29 21:47:11.524     0     0 I init    : Command 'mkdir /cache/recovery 0770 system cache' action=post-fs (/system/etc/init/hw/init.rc:486) took 0ms and failed: mkdir() failed on /cache/recovery: Required key not available
11-29 21:47:11.526     0     0 I init    : Command 'mkdir /cache/backup_stage 0700 system system' action=post-fs (/system/etc/init/hw/init.rc:489) took 0ms and failed: mkdir() failed on /cache/backup_stage: Required key not available
11-29 21:47:11.528     0     0 I init    : Command 'mkdir /cache/backup 0700 system system' action=post-fs (/system/etc/init/hw/init.rc:490) took 0ms and failed: mkdir() failed on /cache/backup: Required key not available
11-29 21:47:11.530     0     0 I init    : Command 'mkdir /cache/lost+found 0770 root root' action=post-fs (/system/etc/init/hw/init.rc:511) took 0ms and failed: mkdir() failed on /cache/lost+found: Required key not available
11-29 21:47:11.532   225   225 W init    : type=1400 audit(0.0:4): avc: denied { execute_no_trans } for path="/vendor/bin/toybox_vendor" dev="dm-3" ino=227 scontext=u:r:init:s0 tcontext=u:object_r:vendor_toolbox_exec:s0 tclass=file permissive=0 b/132695863
11-29 21:47:11.534     0     0 I selinux : SELinux: Skipping restorecon on directory(/metadata)
11-29 21:47:11.535     0     0 I selinux :  
11-29 21:47:11.536     0     0 I selinux : SELinux: Skipping restorecon on directory(/metadata/apex)
11-29 21:47:11.537     0     0 I selinux :  
11-29 21:47:11.537     0     0 I init    : processing action (post-fs) from (/system/etc/init/atrace_userdebug.rc:7)
11-29 21:47:11.538     0     0 I init    : processing action (post-fs) from (/system/etc/init/gsid.rc:8)
11-29 21:47:11.539     0     0 I init    : processing action (post-fs) from (/system/etc/init/recovery-refresh.rc:1)
11-29 21:47:11.539     0     0 I init    : starting service 'exec 3 (/system/bin/recovery-refresh)'...
11-29 21:47:11.541     0     0 I init    : processing action (late-fs) from (/system/etc/init/hw/init.rc:531)
11-29 21:47:11.542     0     0 I init    : starting service 'system_suspend'...
11-29 21:47:11.543     0     0 I init    : starting service 'vendor.atrace-hal-1-0'...
11-29 21:47:11.545     0     0 I init    : processing action (late-fs) from (/vendor/etc/init/hw/init.ranchu.rc:8)
11-29 21:47:11.548     0     0 E init    : Unable to set property 'ro.crypto.state' from uid:0 gid:0 pid:1: Read-only property was already set
11-29 21:47:11.549     0     0 I init    : processing action (post-fs-data) from (/system/etc/init/hw/init.rc:540)
11-29 21:47:11.550     0     0 I init    : Service 'exec 3 (/system/bin/recovery-refresh)' (pid 211) exited with status 254 oneshot service took 0.009000 seconds in background
11-29 21:47:11.551     0     0 I init    : Sending signal 9 to service 'exec 3 (/system/bin/recovery-refresh)' (pid 211) process group...
11-29 21:47:11.552     0     0 I libprocessgroup: Successfully killed process cgroup uid 1000 pid 211 in 0ms
11-29 21:47:11.553     0     0 I init    : starting service 'exec 4 (/system/bin/vdc checkpoint prepareCheckpoint)'...
11-29 21:47:11.554     0     0 I init    : SVC_EXEC service 'exec 4 (/system/bin/vdc checkpoint prepareCheckpoint)' pid 214 (uid 1000 gid 1000+0 context default) started; waiting...
11-29 21:47:11.560     0     0 I init    : Service 'exec 4 (/system/bin/vdc checkpoint prepareCheckpoint)' (pid 214) exited with status 0 waiting took 0.006000 seconds
11-29 21:47:11.561     0     0 I init    : Sending signal 9 to service 'exec 4 (/system/bin/vdc checkpoint prepareCheckpoint)' (pid 214) process group...
11-29 21:47:11.563     0     0 I libprocessgroup: Successfully killed process cgroup uid 1000 pid 214 in 0ms
11-29 21:47:11.564     0     0 I init    : starting service 'exec 5 (/system/bin/vdc --wait cryptfs enablefilecrypto)'...
11-29 21:47:11.566     0     0 I init    : SVC_EXEC service 'exec 5 (/system/bin/vdc --wait cryptfs enablefilecrypto)' pid 217 (uid 0 gid 0+0 context default) started; waiting...
11-29 21:47:11.573     0     0 D vdc     : Waited 0ms for vold
11-29 21:47:11.583     0     0 I init    : Service 'exec 5 (/system/bin/vdc --wait cryptfs enablefilecrypto)' (pid 217) exited with status 0 waiting took 0.017000 seconds
11-29 21:47:11.585     0     0 I init    : Sending signal 9 to service 'exec 5 (/system/bin/vdc --wait cryptfs enablefilecrypto)' (pid 217) process group...
11-29 21:47:11.587     0     0 I libprocessgroup: Successfully killed process cgroup uid 0 pid 217 in 0ms
11-29 21:47:11.589     0     0 I fscrypt : AES-256-CTS-CBC using implementation "cts(cbc-aes-aesni)"
11-29 21:47:11.590     0     0 I init    : Verified that /data/bootchart has the encryption policy 4fc4eba404d45caddce062715cfb2343 v2 modes 1/4 flags 0x2
11-29 21:47:11.593     0     0 I init    : Switched to default mount namespace
11-29 21:47:11.593     0     0 I init    : Not setting encryption policy on: /data/apex
11-29 21:47:11.595   187   194 D vold    : Disk at 7:48 changed
11-29 21:47:11.596   227   227 W init    : type=1400 audit(0.0:5): avc: denied { execute_no_trans } for path="/vendor/bin/toybox_vendor" dev="dm-3" ino=227 scontext=u:r:init:s0 tcontext=u:object_r:vendor_toolbox_exec:s0 tclass=file permissive=0 b/132695863
11-29 21:47:11.596     0     0 I init    : Not setting encryption policy on: /data/app-staging
11-29 21:47:11.597     0     0 I init    : starting service 'apexd'...
11-29 21:47:11.600     0     0 E init    : Failed to set encryption policy of /data/misc to 4fc4eba404d45caddce062715cfb2343 v2 modes 1/4 flags 0x2: Directory not empty
11-29 21:47:11.603     0     0 I ls      : executing ls failed: Permission denied
11-29 21:47:11.603     0     0 E logwrapper: executing ls failed: Permission denied
11-29 21:47:11.604     0     0 E logwrapper:  
11-29 21:47:11.605     0     0 I ls      : ls terminated by exit(255)
11-29 21:47:11.609     0     0 I ls      :  
11-29 21:47:11.609     0     0 E init    : ls -laZ /data/misc returned failure: 255
11-29 21:47:11.610     0     0 E init    : Setting 4fc4eba404d45caddce062715cfb2343 policy on /data/misc failed!
11-29 21:47:11.610   187   194 D vold    : Disk at 7:48 changed
11-29 21:47:11.610     0     0 E init    : Rebooting into recovery
11-29 21:47:11.611     0     0 I init    : Command 'mkdir /data/misc 01771 system misc encryption=Require' action=post-fs-data (/system/etc/init/hw/init.rc:576) took 11ms and failed: Failed to set bootloader message: failed to find /misc partition
11-29 21:47:11.613     0     0 I apexd   : Scanning /system/apex for preinstalled data
11-29 21:47:11.616     0     0 I apexd   : Scanning /system_ext/apex for preinstalled data
11-29 21:47:11.616     0     0 I apexd   : ... does not exist. Skipping
11-29 21:47:11.617     0     0 I apexd   : Scanning /product/apex for preinstalled data
11-29 21:47:11.617     0     0 I apexd   : ... does not exist. Skipping
11-29 21:47:11.618     0     0 I apexd   : Scanning /vendor/apex for preinstalled data
11-29 21:47:11.618     0     0 I apexd   : ... does not exist. Skipping
11-29 21:47:11.619     0     0 I apexd   : Populating APEX database from mounts...
11-29 21:47:11.619     0     0 I init    : Verified that /data/local has the encryption policy 4fc4eba404d45caddce062715cfb2343 v2 modes 1/4 flags 0x2
11-29 21:47:11.619     0     0 I apexd   : 0 packages restored.
11-29 21:47:11.621     0     0 I apexd   : Marking APEXd as starting
11-29 21:47:11.622     0     0 I init    : Not setting encryption policy on: /data/preloads
11-29 21:47:11.622     0     0 I apexd   : Scanning /metadata/apex/sessions looking for sessions to be activated.
11-29 21:47:11.623     0     0 I init    : Verified that /data/vendor has the encryption policy 4fc4eba404d45caddce062715cfb2343 v2 modes 1/4 flags 0x2
11-29 21:47:11.623     0     0 I apexd   : Scanning /data/apex/active looking for APEX packages.
11-29 21:47:11.623   187   194 D vold    : Disk at 7:56 changed
11-29 21:47:11.624     0     0 I init    : Not setting encryption policy on: /data/vendor_ce
11-29 21:47:11.626     0     0 I apexd   : Activated 0 packages. Skipped: 0
11-29 21:47:11.626     0     0 I init    : Not setting encryption policy on: /data/vendor_de
11-29 21:47:11.626     0     0 I apexd   : Scanning /system/apex looking for APEX packages.
11-29 21:47:11.628     0     0 I apexd   : Found /system/apex/com.android.mediaprovider.apex
11-29 21:47:11.628     0     0 I init    : Not setting encryption policy on: /data/data
11-29 21:47:11.628     0     0 I apexd   : Found /system/apex/com.android.tethering.apex
11-29 21:47:11.629     0     0 I apexd   : Found /system/apex/com.android.wifi.apex
11-29 21:47:11.629     0     0 I init    : Verified that /data/app-private has the encryption policy 4fc4eba404d45caddce062715cfb2343 v2 modes 1/4 flags 0x2
11-29 21:47:11.630     0     0 I apexd   : Found /system/apex/com.android.cellbroadcast.apex
11-29 21:47:11.631     0     0 I init    : Verified that /data/app-ephemeral has the encryption policy 4fc4eba404d45caddce062715cfb2343 v2 modes 1/4 flags 0x2
11-29 21:47:11.631     0     0 I apexd   : Found /system/apex/com.android.neuralnetworks.apex
11-29 21:47:11.633     0     0 I init    : Verified that /data/app-asec has the encryption policy 4fc4eba404d45caddce062715cfb2343 v2 modes 1/4 flags 0x2
11-29 21:47:11.633     0     0 I apexd   : Found /system/apex/com.android.resolv.apex
11-29 21:47:11.636     0     0 I init    : Verified that /data/app-lib has the encryption policy 4fc4eba404d45caddce062715cfb2343 v2 modes 1/4 flags 0x2
11-29 21:47:11.636     0     0 I apexd   : Found /system/apex/com.android.media.swcodec.apex
11-29 21:47:11.639     0     0 I init    : Verified that /data/app has the encryption policy 4fc4eba404d45caddce062715cfb2343 v2 modes 1/4 flags 0x2
11-29 21:47:11.639     0     0 I apexd   : Found /system/apex/com.android.conscrypt.apex
11-29 21:47:11.640     0     0 I init    : Verified that /data/property has the encryption policy 4fc4eba404d45caddce062715cfb2343 v2 modes 1/4 flags 0x2
11-29 21:47:11.641     0     0 I apexd   : Found /system/apex/com.android.adbd.apex
11-29 21:47:11.642     0     0 I init    : Verified that /data/tombstones has the encryption policy 4fc4eba404d45caddce062715cfb2343 v2 modes 1/4 flags 0x2
11-29 21:47:11.642     0     0 I apexd   : Found /system/apex/com.android.art.debug.apex
11-29 21:47:11.644     0     0 I apexd   : Found /system/apex/com.android.permission.apex
11-29 21:47:11.645     0     0 I init    : Verified that /data/dalvik-cache has the encryption policy 4fc4eba404d45caddce062715cfb2343 v2 modes 1/4 flags 0x2
11-29 21:47:11.645     0     0 I apexd   : Found /system/apex/com.android.runtime.apex
11-29 21:47:11.647     0     0 I init    : Verified that /data/ota has the encryption policy 4fc4eba404d45caddce062715cfb2343 v2 modes 1/4 flags 0x2
11-29 21:47:11.647     0     0 I apexd   : Found /system/apex/com.android.sdkext.apex
11-29 21:47:11.649     0     0 I init    : Verified that /data/ota_package has the encryption policy 4fc4eba404d45caddce062715cfb2343 v2 modes 1/4 flags 0x2
11-29 21:47:11.649     0     0 I apexd   : Found /system/apex/com.android.tzdata.apex
11-29 21:47:11.650     0     0 I init    : Verified that /data/resource-cache has the encryption policy 4fc4eba404d45caddce062715cfb2343 v2 modes 1/4 flags 0x2
11-29 21:47:11.651     0     0 I apexd   : Found /system/apex/com.android.media.apex
11-29 21:47:11.652     0     0 I init    : Not setting encryption policy on: /data/lost+found
11-29 21:47:11.652     0     0 I apexd   : Found /system/apex/com.android.extservices.apex
11-29 21:47:11.653     0     0 I init    : Verified that /data/drm has the encryption policy 4fc4eba404d45caddce062715cfb2343 v2 modes 1/4 flags 0x2
11-29 21:47:11.653     0     0 I apexd   : Found /system/apex/com.android.vndk.current.apex
11-29 21:47:11.655     0     0 I init    : Verified that /data/mediadrm has the encryption policy 4fc4eba404d45caddce062715cfb2343 v2 modes 1/4 flags 0x2
11-29 21:47:11.655     0     0 I apexd   : Found /system/apex/com.android.os.statsd.apex
11-29 21:47:11.656     0     0 I init    : Verified that /data/anr has the encryption policy 4fc4eba404d45caddce062715cfb2343 v2 modes 1/4 flags 0x2
11-29 21:47:11.656     0     0 I apexd   : Found /system/apex/com.android.apex.cts.shim.apex
11-29 21:47:11.658     0     0 I init    : Verified that /data/nfc has the encryption policy 4fc4eba404d45caddce062715cfb2343 v2 modes 1/4 flags 0x2
11-29 21:47:11.658     0     0 I apexd   : Found /system/apex/com.android.i18n.apex
11-29 21:47:11.658   187   194 D vold    : Disk at 7:56 changed
11-29 21:47:11.659     0     0 I apexd   : Found /system/apex/com.android.ipsec.apex
11-29 21:47:11.659     0     0 I init    : Verified that /data/backup has the encryption policy 4fc4eba404d45caddce062715cfb2343 v2 modes 1/4 flags 0x2
11-29 21:47:11.660     0     0 D apexd   : Creating mount point: /apex/com.android.mediaprovider@300000000
11-29 21:47:11.661     0     0 I init    : Verified that /data/ss has the encryption policy 4fc4eba404d45caddce062715cfb2343 v2 modes 1/4 flags 0x2
11-29 21:47:11.663     0     0 E init    : Failed to set encryption policy of /data/system to 4fc4eba404d45caddce062715cfb2343 v2 modes 1/4 flags 0x2: Directory not empty
11-29 21:47:11.665     0     0 E logwrapper: executing ls failed: Permission denied
11-29 21:47:11.666     0     0 I ls      : executing ls failed: Permission denied
11-29 21:47:11.666     0     0 E logwrapper:  
11-29 21:47:11.668   187   194 D vold    : Disk at 7:64 changed
11-29 21:47:11.669     0     0 I ls      : ls terminated by exit(255)
11-29 21:47:11.670     0     0 I ls      :  
11-29 21:47:11.670     0     0 E init    : ls -laZ /data/system returned failure: 255
11-29 21:47:11.670     0     0 E init    : Setting 4fc4eba404d45caddce062715cfb2343 policy on /data/system failed!
11-29 21:47:11.671     0     0 E init    : Rebooting into recovery
11-29 21:47:11.672     0     0 I init    : Command 'mkdir /data/system 0775 system system encryption=Require' action=post-fs-data (/system/etc/init/hw/init.rc:703) took 9ms and failed: Failed to set bootloader message: failed to find /misc partition
11-29 21:47:11.675     0     0 I init    : Not setting encryption policy on: /data/system_de
11-29 21:47:11.676     0     0 I init    : Not setting encryption policy on: /data/system_ce
11-29 21:47:11.676     0     0 D apexd   : Loopback device created: /dev/block/loop6
11-29 21:47:11.677     0     0 I init    : Not setting encryption policy on: /data/misc_de
11-29 21:47:11.678     0     0 D apexd   : AVB footer verification successful.
11-29 21:47:11.679     0     0 I init    : Not setting encryption policy on: /data/misc_ce
11-29 21:47:11.681     0     0 I init    : Not setting encryption policy on: /data/user
11-29 21:47:11.682     0     0 D apexd   : /system/apex/com.android.mediaprovider.apex: public key matches.
11-29 21:47:11.683     0     0 I init    : Not setting encryption policy on: /data/user_de
11-29 21:47:11.684     0     0 I EXT4-fs (loop6): mounted filesystem without journal. Opts: (null)
11-29 21:47:11.685     0     0 I init    : Command 'rm /data/user/0' action=post-fs-data (/system/etc/init/hw/init.rc:718) took 0ms and failed: unlink() failed: Is a directory
11-29 21:47:11.685     0     0 I apexd   : Successfully mounted package /system/apex/com.android.mediaprovider.apex on /apex/com.android.mediaprovider@300000000
11-29 21:47:11.689     0     0 D apexd   : Creating bind-mount for /apex/com.android.mediaprovider for /apex/com.android.mediaprovider@300000000
11-29 21:47:11.689     0     0 D apexd   : Creating mountpoint /apex/com.android.mediaprovider
11-29 21:47:11.689     0     0 D apexd   : Bind-mounting /apex/com.android.mediaprovider@300000000 to /apex/com.android.mediaprovider
11-29 21:47:11.689     0     0 D apexd   : Successfully activated /system/apex/com.android.mediaprovider.apex package_name: com.android.mediaprovider version: 300000000
11-29 21:47:11.689     0     0 D apexd   : Creating mount point: /apex/com.android.tethering@300000000
11-29 21:47:11.690   187   194 D vold    : Disk at 7:64 changed
11-29 21:47:11.691     0     0 I init    : Verified that /data/cache has the encryption policy 4fc4eba404d45caddce062715cfb2343 v2 modes 1/4 flags 0x2
11-29 21:47:11.694     0     0 I init    : Verified that /data/rollback has the encryption policy 4fc4eba404d45caddce062715cfb2343 v2 modes 1/4 flags 0x2
11-29 21:47:11.696     0     0 I init    : Verified that /data/rollback-observer has the encryption policy 4fc4eba404d45caddce062715cfb2343 v2 modes 1/4 flags 0x2
11-29 21:47:11.697     0     0 I init    : Verified that /data/incremental has the encryption policy 4fc4eba404d45caddce062715cfb2343 v2 modes 1/4 flags 0x2
11-29 21:47:11.700   187   194 D vold    : Disk at 7:72 changed
11-29 21:47:11.724     0     0 D apexd   : Loopback device created: /dev/block/loop7
11-29 21:47:11.724     0     0 D apexd   : AVB footer verification successful.
11-29 21:47:11.727     0     0 D apexd   : /system/apex/com.android.tethering.apex: public key matches.
11-29 21:47:11.729     0     0 I EXT4-fs (loop7): mounted filesystem without journal. Opts: (null)
11-29 21:47:11.730     0     0 I apexd   : Successfully mounted package /system/apex/com.android.tethering.apex on /apex/com.android.tethering@300000000
11-29 21:47:11.733     0     0 D apexd   : Creating bind-mount for /apex/com.android.tethering for /apex/com.android.tethering@300000000
11-29 21:47:11.733     0     0 D apexd   : Creating mountpoint /apex/com.android.tethering
11-29 21:47:11.733     0     0 D apexd   : Bind-mounting /apex/com.android.tethering@300000000 to /apex/com.android.tethering
11-29 21:47:11.733     0     0 D apexd   : Successfully activated /system/apex/com.android.tethering.apex package_name: com.android.tethering version: 300000000
11-29 21:47:11.734     0     0 D apexd   : Creating mount point: /apex/com.android.wifi@300000000
11-29 21:47:11.754   187   194 D vold    : Disk at 7:72 changed
11-29 21:47:11.756     0     0 D apexd   : Loopback device created: /dev/block/loop8
11-29 21:47:11.756     0     0 D apexd   : AVB footer verification successful.
11-29 21:47:11.759     0     0 D apexd   : /system/apex/com.android.wifi.apex: public key matches.
11-29 21:47:11.760     0     0 I EXT4-fs (loop8): mounted filesystem without journal. Opts: (null)
11-29 21:47:11.762     0     0 I apexd   : Successfully mounted package /system/apex/com.android.wifi.apex on /apex/com.android.wifi@300000000
11-29 21:47:11.766     0     0 D apexd   : Creating bind-mount for /apex/com.android.wifi for /apex/com.android.wifi@300000000
11-29 21:47:11.766     0     0 D apexd   : Creating mountpoint /apex/com.android.wifi
11-29 21:47:11.766     0     0 D apexd   : Bind-mounting /apex/com.android.wifi@300000000 to /apex/com.android.wifi
11-29 21:47:11.766     0     0 D apexd   : Successfully activated /system/apex/com.android.wifi.apex package_name: com.android.wifi version: 300000000
11-29 21:47:11.766     0     0 D apexd   : Creating mount point: /apex/com.android.cellbroadcast@300000000
11-29 21:47:11.766   187   194 D vold    : Disk at 7:80 changed
11-29 21:47:11.802   187   194 D vold    : Disk at 7:80 changed
11-29 21:47:11.812   187   194 D vold    : Disk at 7:88 changed
11-29 21:47:11.820     0     0 D apexd   : Loopback device created: /dev/block/loop9
11-29 21:47:11.820     0     0 D apexd   : AVB footer verification successful.
11-29 21:47:11.823     0     0 D apexd   : /system/apex/com.android.cellbroadcast.apex: public key matches.
11-29 21:47:11.826     0     0 I EXT4-fs (loop9): mounted filesystem without journal. Opts: (null)
11-29 21:47:11.827     0     0 I apexd   : Successfully mounted package /system/apex/com.android.cellbroadcast.apex on /apex/com.android.cellbroadcast@300000000
11-29 21:47:11.831     0     0 D apexd   : Creating bind-mount for /apex/com.android.cellbroadcast for /apex/com.android.cellbroadcast@300000000
11-29 21:47:11.831     0     0 D apexd   : Creating mountpoint /apex/com.android.cellbroadcast
11-29 21:47:11.831     0     0 D apexd   : Bind-mounting /apex/com.android.cellbroadcast@300000000 to /apex/com.android.cellbroadcast
11-29 21:47:11.831     0     0 D apexd   : Successfully activated /system/apex/com.android.cellbroadcast.apex package_name: com.android.cellbroadcast version: 300000000
11-29 21:47:11.831     0     0 D apexd   : Creating mount point: /apex/com.android.neuralnetworks@300000000
11-29 21:47:11.866   187   194 D vold    : Disk at 7:88 changed
11-29 21:47:11.868     0     0 D apexd   : Loopback device created: /dev/block/loop10
11-29 21:47:11.869     0     0 D apexd   : AVB footer verification successful.
11-29 21:47:11.872     0     0 D apexd   : /system/apex/com.android.neuralnetworks.apex: public key matches.
11-29 21:47:11.873     0     0 I EXT4-fs (loop10): mounted filesystem without journal. Opts: (null)
11-29 21:47:11.875     0     0 I apexd   : Successfully mounted package /system/apex/com.android.neuralnetworks.apex on /apex/com.android.neuralnetworks@300000000
11-29 21:47:11.877     0     0 D apexd   : Creating bind-mount for /apex/com.android.neuralnetworks for /apex/com.android.neuralnetworks@300000000
11-29 21:47:11.877     0     0 D apexd   : Creating mountpoint /apex/com.android.neuralnetworks
11-29 21:47:11.877     0     0 D apexd   : Bind-mounting /apex/com.android.neuralnetworks@300000000 to /apex/com.android.neuralnetworks
11-29 21:47:11.877     0     0 D apexd   : Successfully activated /system/apex/com.android.neuralnetworks.apex package_name: com.android.neuralnetworks version: 300000000
11-29 21:47:11.877     0     0 D apexd   : Creating mount point: /apex/com.android.resolv@300000000
11-29 21:47:11.878   187   194 D vold    : Disk at 7:96 changed
11-29 21:47:11.914   187   194 D vold    : Disk at 7:96 changed
11-29 21:47:11.926   187   194 D vold    : Disk at 7:104 changed
11-29 21:47:11.932     0     0 D apexd   : Loopback device created: /dev/block/loop11
11-29 21:47:11.933     0     0 D apexd   : AVB footer verification successful.
11-29 21:47:11.936     0     0 D apexd   : /system/apex/com.android.resolv.apex: public key matches.
11-29 21:47:11.938     0     0 I EXT4-fs (loop11): mounted filesystem without journal. Opts: (null)
11-29 21:47:11.940     0     0 I apexd   : Successfully mounted package /system/apex/com.android.resolv.apex on /apex/com.android.resolv@300000000
11-29 21:47:11.943   187   194 D vold    : Disk at 7:104 changed
11-29 21:47:11.944     0     0 D apexd   : Creating bind-mount for /apex/com.android.resolv for /apex/com.android.resolv@300000000
11-29 21:47:11.944     0     0 D apexd   : Creating mountpoint /apex/com.android.resolv
11-29 21:47:11.944     0     0 D apexd   : Bind-mounting /apex/com.android.resolv@300000000 to /apex/com.android.resolv
11-29 21:47:11.944     0     0 D apexd   : Successfully activated /system/apex/com.android.resolv.apex package_name: com.android.resolv version: 300000000
11-29 21:47:11.944     0     0 D apexd   : Creating mount point: /apex/com.android.media.swcodec@300000000
11-29 21:47:11.953   187   194 D vold    : Disk at 7:112 changed
11-29 21:47:11.980     0     0 D apexd   : Loopback device created: /dev/block/loop12
11-29 21:47:11.981     0     0 D apexd   : AVB footer verification successful.
11-29 21:47:11.984     0     0 D apexd   : /system/apex/com.android.media.swcodec.apex: public key matches.
11-29 21:47:11.986     0     0 I EXT4-fs (loop12): mounted filesystem without journal. Opts: (null)
11-29 21:47:11.987     0     0 I apexd   : Successfully mounted package /system/apex/com.android.media.swcodec.apex on /apex/com.android.media.swcodec@300000000
11-29 21:47:11.991     0     0 D apexd   : Creating bind-mount for /apex/com.android.media.swcodec for /apex/com.android.media.swcodec@300000000
11-29 21:47:11.991     0     0 D apexd   : Creating mountpoint /apex/com.android.media.swcodec
11-29 21:47:11.991     0     0 D apexd   : Bind-mounting /apex/com.android.media.swcodec@300000000 to /apex/com.android.media.swcodec
11-29 21:47:11.991     0     0 D apexd   : Successfully activated /system/apex/com.android.media.swcodec.apex package_name: com.android.media.swcodec version: 300000000
11-29 21:47:11.991     0     0 D apexd   : Creating mount point: /apex/com.android.conscrypt@300000000
11-29 21:47:11.994   187   194 D vold    : Disk at 7:112 changed
11-29 21:47:12.004   187   194 D vold    : Disk at 7:120 changed
11-29 21:47:12.008     0     0 D apexd   : Loopback device created: /dev/block/loop13
11-29 21:47:12.008     0     0 D apexd   : AVB footer verification successful.
11-29 21:47:12.012     0     0 D apexd   : /system/apex/com.android.conscrypt.apex: public key matches.
11-29 21:47:12.013     0     0 I EXT4-fs (loop13): mounted filesystem without journal. Opts: (null)
11-29 21:47:12.015     0     0 I apexd   : Successfully mounted package /system/apex/com.android.conscrypt.apex on /apex/com.android.conscrypt@300000000
11-29 21:47:12.018     0     0 D apexd   : Creating bind-mount for /apex/com.android.conscrypt for /apex/com.android.conscrypt@300000000
11-29 21:47:12.018     0     0 D apexd   : Creating mountpoint /apex/com.android.conscrypt
11-29 21:47:12.018     0     0 D apexd   : Bind-mounting /apex/com.android.conscrypt@300000000 to /apex/com.android.conscrypt
11-29 21:47:12.018     0     0 D apexd   : Successfully activated /system/apex/com.android.conscrypt.apex package_name: com.android.conscrypt version: 300000000
11-29 21:47:12.018     0     0 D apexd   : Creating mount point: /apex/com.android.adbd@300000000
11-29 21:47:12.042   187   194 D vold    : Disk at 7:120 changed
11-29 21:47:12.053   187   194 D vold    : Disk at 7:128 changed
11-29 21:47:12.060     0     0 D apexd   : Loopback device created: /dev/block/loop14
11-29 21:47:12.061     0     0 D apexd   : AVB footer verification successful.
11-29 21:47:12.064     0     0 D apexd   : /system/apex/com.android.adbd.apex: public key matches.
11-29 21:47:12.066     0     0 I EXT4-fs (loop14): mounted filesystem without journal. Opts: (null)
11-29 21:47:12.067     0     0 I apexd   : Successfully mounted package /system/apex/com.android.adbd.apex on /apex/com.android.adbd@300000000
11-29 21:47:12.069     0     0 D apexd   : Creating bind-mount for /apex/com.android.adbd for /apex/com.android.adbd@300000000
11-29 21:47:12.069     0     0 D apexd   : Creating mountpoint /apex/com.android.adbd
11-29 21:47:12.069     0     0 D apexd   : Bind-mounting /apex/com.android.adbd@300000000 to /apex/com.android.adbd
11-29 21:47:12.069     0     0 D apexd   : Successfully activated /system/apex/com.android.adbd.apex package_name: com.android.adbd version: 300000000
11-29 21:47:12.069     0     0 D apexd   : Creating mount point: /apex/com.android.art@1
11-29 21:47:12.106   187   194 D vold    : Disk at 7:128 changed
11-29 21:47:12.108     0     0 D apexd   : Loopback device created: /dev/block/loop15
11-29 21:47:12.108     0     0 D apexd   : AVB footer verification successful.
11-29 21:47:12.111     0     0 D apexd   : /system/apex/com.android.art.debug.apex: public key matches.
11-29 21:47:12.113     0     0 I EXT4-fs (loop15): mounted filesystem without journal. Opts: (null)
11-29 21:47:12.115     0     0 I apexd   : Successfully mounted package /system/apex/com.android.art.debug.apex on /apex/com.android.art@1
11-29 21:47:12.118     0     0 D apexd   : Creating bind-mount for /apex/com.android.art for /apex/com.android.art@1
11-29 21:47:12.118     0     0 D apexd   : Bind-mounting /apex/com.android.art@1 to /apex/com.android.art
11-29 21:47:12.118     0     0 D apexd   : Successfully activated /system/apex/com.android.art.debug.apex package_name: com.android.art version: 1
11-29 21:47:12.118     0     0 D apexd   : Creating mount point: /apex/com.android.permission@300000000
11-29 21:47:12.119   187   194 D vold    : Disk at 7:136 changed
11-29 21:47:12.154   187   194 D vold    : Disk at 7:136 changed
11-29 21:47:12.163   187   194 D vold    : Disk at 7:144 changed
11-29 21:47:12.172     0     0 D apexd   : Loopback device created: /dev/block/loop16
11-29 21:47:12.173     0     0 D apexd   : AVB footer verification successful.
11-29 21:47:12.177     0     0 D apexd   : /system/apex/com.android.permission.apex: public key matches.
11-29 21:47:12.179     0     0 I EXT4-fs (loop16): mounted filesystem without journal. Opts: (null)
11-29 21:47:12.181     0     0 I apexd   : Successfully mounted package /system/apex/com.android.permission.apex on /apex/com.android.permission@300000000
11-29 21:47:12.184     0     0 D apexd   : Creating bind-mount for /apex/com.android.permission for /apex/com.android.permission@300000000
11-29 21:47:12.184     0     0 D apexd   : Creating mountpoint /apex/com.android.permission
11-29 21:47:12.184     0     0 D apexd   : Bind-mounting /apex/com.android.permission@300000000 to /apex/com.android.permission
11-29 21:47:12.184     0     0 D apexd   : Successfully activated /system/apex/com.android.permission.apex package_name: com.android.permission version: 300000000
11-29 21:47:12.184     0     0 D apexd   : Creating mount point: /apex/com.android.runtime@1
11-29 21:47:12.186   187   194 D vold    : Disk at 7:144 changed
11-29 21:47:12.197   187   194 D vold    : Disk at 7:152 changed
11-29 21:47:12.218   187   194 D vold    : Disk at 7:152 changed
11-29 21:47:12.220     0     0 D apexd   : Loopback device created: /dev/block/loop17
11-29 21:47:12.220     0     0 D apexd   : AVB footer verification successful.
11-29 21:47:12.223     0     0 D apexd   : /system/apex/com.android.runtime.apex: public key matches.
11-29 21:47:12.224     0     0 I EXT4-fs (loop17): mounted filesystem without journal. Opts: (null)
11-29 21:47:12.224   187   194 D vold    : Disk at 7:160 changed
11-29 21:47:12.225     0     0 I apexd   : Successfully mounted package /system/apex/com.android.runtime.apex on /apex/com.android.runtime@1
11-29 21:47:12.228     0     0 D apexd   : Creating bind-mount for /apex/com.android.runtime for /apex/com.android.runtime@1
11-29 21:47:12.228     0     0 D apexd   : Bind-mounting /apex/com.android.runtime@1 to /apex/com.android.runtime
11-29 21:47:12.228     0     0 D apexd   : Successfully activated /system/apex/com.android.runtime.apex package_name: com.android.runtime version: 1
11-29 21:47:12.228     0     0 D apexd   : Creating mount point: /apex/com.android.sdkext@300000000
11-29 21:47:12.252     0     0 D apexd   : Loopback device created: /dev/block/loop18
11-29 21:47:12.252     0     0 D apexd   : AVB footer verification successful.
11-29 21:47:12.255     0     0 D apexd   : /system/apex/com.android.sdkext.apex: public key matches.
11-29 21:47:12.256     0     0 I EXT4-fs (loop18): mounted filesystem without journal. Opts: (null)
11-29 21:47:12.258     0     0 I apexd   : Successfully mounted package /system/apex/com.android.sdkext.apex on /apex/com.android.sdkext@300000000
11-29 21:47:12.262     0     0 D apexd   : Creating bind-mount for /apex/com.android.sdkext for /apex/com.android.sdkext@300000000
11-29 21:47:12.262     0     0 D apexd   : Creating mountpoint /apex/com.android.sdkext
11-29 21:47:12.262     0     0 D apexd   : Bind-mounting /apex/com.android.sdkext@300000000 to /apex/com.android.sdkext
11-29 21:47:12.262     0     0 D apexd   : Successfully activated /system/apex/com.android.sdkext.apex package_name: com.android.sdkext version: 300000000
11-29 21:47:12.262     0     0 D apexd   : Creating mount point: /apex/com.android.tzdata@300000000
11-29 21:47:12.266   187   194 D vold    : Disk at 7:160 changed
11-29 21:47:12.279   187   194 D vold    : Disk at 7:168 changed
