11-29 21:47:12.919   287   287 D LibBpfLoader: applying relo to instruction at byte offset: 32, 	       insn offset 4 , insn 118
11-29 21:47:12.919   287   287 D LibBpfLoader: applying relo to instruction at byte offset: 80, 	       insn offset 10 , insn 118
11-29 21:47:12.919     0     0 I libprocessgroup: Successfully killed process cgroup uid 1036 pid 285 in 0ms
11-29 21:47:12.920   287   287 D LibBpfLoader: bpf_prog_load lib call for /system/etc/bpf/netd.o (cgroupskb_ingress_stats) returned fd: 16 (no error)
11-29 21:47:12.921     0     0 I init    : starting service 'exec 12 (/system/bin/flags_health_check BOOT_FAILURE)'...
11-29 21:47:12.921   287   287 D LibBpfLoader: bpf_prog_load lib call for /system/etc/bpf/netd.o (cgroupskb_egress_stats) returned fd: 17 (no error)
11-29 21:47:12.921   287   287 D LibBpfLoader: cs[2].name:skfilter_egress_xtbpf min_kver:0 .max_kver:ffffffff (kvers:5043d)
11-29 21:47:12.921   287   287 D LibBpfLoader: bpf_prog_load lib call for /system/etc/bpf/netd.o (skfilter_egress_xtbpf) returned fd: 18 (no error)
11-29 21:47:12.921   287   287 D LibBpfLoader: cs[3].name:skfilter_ingress_xtbpf min_kver:0 .max_kver:ffffffff (kvers:5043d)
11-29 21:47:12.922   287   287 D LibBpfLoader: bpf_prog_load lib call for /system/etc/bpf/netd.o (skfilter_ingress_xtbpf) returned fd: 19 (no error)
11-29 21:47:12.922   287   287 D LibBpfLoader: cs[4].name:skfilter_whitelist_xtbpf min_kver:0 .max_kver:ffffffff (kvers:5043d)
11-29 21:47:12.922   287   287 D LibBpfLoader: bpf_prog_load lib call for /system/etc/bpf/netd.o (skfilter_whitelist_xtbpf) returned fd: 20 (no error)
11-29 21:47:12.922   287   287 D LibBpfLoader: cs[5].name:skfilter_blacklist_xtbpf min_kver:0 .max_kver:ffffffff (kvers:5043d)
11-29 21:47:12.922     0     0 I init    : SVC_EXEC service 'exec 12 (/system/bin/flags_health_check BOOT_FAILURE)' pid 286 (uid 1000 gid 1000+0 context default) started; waiting...
11-29 21:47:12.922   287   287 D LibBpfLoader: bpf_prog_load lib call for /system/etc/bpf/netd.o (skfilter_blacklist_xtbpf) returned fd: 21 (no error)
11-29 21:47:12.922   287   287 D LibBpfLoader: cs[6].name:cgroupsock_inet_create min_kver:40e00 .max_kver:ffffffff (kvers:5043d)
11-29 21:47:12.923   287   287 D LibBpfLoader: bpf_prog_load lib call for /system/etc/bpf/netd.o (cgroupsock_inet_create) returned fd: 22 (no error)
11-29 21:47:12.923   287   287 I bpfloader: Loaded object: /system/etc/bpf/netd.o
11-29 21:47:12.923   287   287 D LibBpfLoader: Loading critical for netd ELF object /system/etc/bpf/clatd.o with license Apache 2.0
11-29 21:47:12.924   287   287 E LibBpfLoader: No progs section could be found in elf object
11-29 21:47:12.924   287   287 D LibBpfLoader: Loaded code section 3 (schedcls_ingress_clat_ether)
11-29 21:47:12.924   287   287 D LibBpfLoader: Loaded relo section 3 (.relschedcls/ingress/clat_ether)
11-29 21:47:12.924   287   287 D LibBpfLoader: Adding section 3 to cs list
11-29 21:47:12.924   287   287 D LibBpfLoader: Loaded code section 5 (schedcls_ingress_clat_rawip)
11-29 21:47:12.924   287   287 D LibBpfLoader: Loaded relo section 5 (.relschedcls/ingress/clat_rawip)
11-29 21:47:12.924   287   287 D LibBpfLoader: Adding section 5 to cs list
11-29 21:47:12.924   287   287 D LibBpfLoader: Loaded code section 7 (schedcls_egress_clat_ether)
11-29 21:47:12.925   287   287 D LibBpfLoader: Adding section 7 to cs list
11-29 21:47:12.925   287   287 D LibBpfLoader: Loaded code section 8 (schedcls_egress_clat_rawip)
11-29 21:47:12.925   287   287 D LibBpfLoader: Loaded relo section 8 (.relschedcls/egress/clat_rawip)
11-29 21:47:12.925   287   287 D LibBpfLoader: Adding section 8 to cs list
11-29 21:47:12.926   287   287 D LibBpfLoader: bpf_create_map name clat_ingress_map, ret: 6
11-29 21:47:12.926   287   287 D LibBpfLoader: bpf_create_map name clat_egress_map, ret: 7
11-29 21:47:12.926   287   287 D LibBpfLoader: map_fd found at 0 is 6 in /system/etc/bpf/clatd.o
11-29 21:47:12.926   287   287 D LibBpfLoader: map_fd found at 1 is 7 in /system/etc/bpf/clatd.o
11-29 21:47:12.926   287   287 D LibBpfLoader: applying relo to instruction at byte offset: 392, 	       insn offset 49 , insn 118
11-29 21:47:12.926   287   287 D LibBpfLoader: applying relo to instruction at byte offset: 352, 	       insn offset 44 , insn 118
11-29 21:47:12.926   287   287 D LibBpfLoader: applying relo to instruction at byte offset: 520, 	       insn offset 65 , insn 118
11-29 21:47:12.927   287   287 D LibBpfLoader: bpf_prog_load lib call for /system/etc/bpf/clatd.o (schedcls_ingress_clat_ether) returned fd: 8 (no error)
11-29 21:47:12.927   287   287 D LibBpfLoader: bpf_prog_load lib call for /system/etc/bpf/clatd.o (schedcls_ingress_clat_rawip) returned fd: 9 (no error)
11-29 21:47:12.927   287   287 D LibBpfLoader: bpf_prog_load lib call for /system/etc/bpf/clatd.o (schedcls_egress_clat_ether) returned fd: 10 (no error)
11-29 21:47:12.927   287   287 D LibBpfLoader: bpf_prog_load lib call for /system/etc/bpf/clatd.o (schedcls_egress_clat_rawip) returned fd: 11 (no error)
11-29 21:47:12.928   287   287 I bpfloader: Loaded object: /system/etc/bpf/clatd.o
11-29 21:47:12.936     0     0 I init    : Service 'exec 12 (/system/bin/flags_health_check BOOT_FAILURE)' (pid 286) exited with status 0 waiting took 0.014000 seconds
11-29 21:47:12.939     0     0 I init    : Sending signal 9 to service 'exec 12 (/system/bin/flags_health_check BOOT_FAILURE)' (pid 286) process group...
11-29 21:47:12.941     0     0 I libprocessgroup: Successfully killed process cgroup uid 1000 pid 286 in 0ms
11-29 21:47:12.943     0     0 I init    : processing action (load_persist_props_action) from (/system/etc/init/logcatd.rc:29)
11-29 21:47:12.944     0     0 I init    : processing action (load_bpf_programs) from (/system/etc/init/bpfloader.rc:20)
11-29 21:47:12.946     0     0 I init    : starting service 'bpfloader'...
11-29 21:47:12.948     0     0 I init    : processing action (persist.sys.fuse=true && zygote-start) from (/system/etc/init/hw/init.rc:809)
11-29 21:47:12.952     0     0 I init    : processing action (ro.crypto.state=encrypted && ro.crypto.type=file && zygote-start) from (/system/etc/init/hw/init.rc:840)
11-29 21:47:12.955     0     0 I init    : starting service 'update_verifier_nonencrypted'...
11-29 21:47:12.957     0     0 I init    : SVC_EXEC service 'update_verifier_nonencrypted' pid 288 (uid 0 gid 2001+1 context default) started; waiting...
11-29 21:47:12.973     0     0 I init    : Service 'update_verifier_nonencrypted' (pid 288) exited with status 0 waiting took 0.017000 seconds
11-29 21:47:12.975     0     0 I init    : Sending signal 9 to service 'update_verifier_nonencrypted' (pid 288) process group...
11-29 21:47:12.976     0     0 I libprocessgroup: Successfully killed process cgroup uid 0 pid 288 in 0ms
11-29 21:47:12.978     0     0 I init    : starting service 'statsd'...
11-29 21:47:12.979     0     0 I init    : Created socket '/dev/socket/statsdw', mode 222, user 1066, group 1066
11-29 21:47:12.981     0     0 I init    : starting service 'netd'...
11-29 21:47:12.982   289   289 I ServiceManager: Waiting for service 'statscompanion' on '/dev/binder'...
11-29 21:47:12.982     0     0 I init    : Created socket '/dev/socket/dnsproxyd', mode 660, user 0, group 3003
11-29 21:47:12.983     0     0 I init    : Created socket '/dev/socket/mdns', mode 660, user 0, group 1000
11-29 21:47:12.985     0     0 I init    : Created socket '/dev/socket/fwmarkd', mode 660, user 0, group 3003
11-29 21:47:13.005   295   295 I HidlServiceManagement: Registered android.hidl.allocator@1.0::IAllocator/ashmem (start delay of 28ms)
11-29 21:47:13.005   295   295 I HidlServiceManagement: Removing namespace from process name android.hidl.allocator@1.0-service to allocator@1.0-service.
11-29 21:47:13.012   290   290 I netdClient: Skipping libnetd_client init since *we* are netd
11-29 21:47:13.022     0     0 I init    : Service 'bpfloader' (pid 287) exited with status 0 oneshot service took 0.075000 seconds in background
11-29 21:47:13.024     0     0 I init    : Sending signal 9 to service 'bpfloader' (pid 287) process group...
11-29 21:47:13.026     0     0 I libprocessgroup: Successfully killed process cgroup uid 0 pid 287 in 0ms
11-29 21:47:13.029     0     0 I init    : starting service 'zygote'...
11-29 21:47:13.030     0     0 I init    : Created socket '/dev/socket/zygote', mode 660, user 0, group 1000
11-29 21:47:13.031     0     0 I init    : Created socket '/dev/socket/usap_pool_primary', mode 660, user 0, group 1000
11-29 21:47:13.033     0     0 I init    : Command 'start zygote_secondary' action=ro.crypto.state=encrypted && ro.crypto.type=file && zygote-start (/system/etc/init/hw/init.rc:846) took 0ms and failed: service zygote_secondary not found
11-29 21:47:13.033   297   297 I HidlServiceManagement: Registered android.hardware.authsecret@1.0::IAuthSecret/default (start delay of 47ms)
11-29 21:47:13.034   297   297 I HidlServiceManagement: Removing namespace from process name android.hardware.authsecret@1.0-service to authsecret@1.0-service.
11-29 21:47:13.035     0     0 I init    : processing action (zygote-start) from (/vendor/etc/init/hw/init.ranchu.rc:59)
11-29 21:47:13.037     0     0 I init    : processing action (firmware_mounts_complete) from (/system/etc/init/hw/init.rc:423)
11-29 21:47:13.038     0     0 I init    : processing action (early-boot) from (/system/etc/init/installd.rc:5)
11-29 21:47:13.044     0     0 I init    : processing action (boot) from (/system/etc/init/hw/init.rc:848)
11-29 21:47:13.045     0     0 I init    : Command 'write /sys/devices/virtual/block/${dev.mnt.blk.data}/queue/discard_max_bytes 134217728' action=boot (/system/etc/init/hw/init.rc:884) took 0ms and failed: Unable to write to file '/sys/devices/virtual/block/dm-5/queue/discard_max_bytes': Unable to write file contents: Invalid argument
11-29 21:47:13.049   302   302 I HidlServiceManagement: Registered android.hardware.contexthub@1.1::IContexthub/default (start delay of 52ms)
11-29 21:47:13.049   290   290 I netd    : netd 1.0 starting
11-29 21:47:13.049   302   302 I HidlServiceManagement: Removing namespace from process name android.hardware.contexthub@1.1-service.mock to contexthub@1.1-service.mock.
11-29 21:47:13.049     0     0 I init    : starting service 'hidl_memory'...
11-29 21:47:13.051     0     0 I init    : starting service 'vendor.audio-hal'...
11-29 21:47:13.056     0     0 I init    : starting service 'vendor.authsecret-1-0'...
11-29 21:47:13.059     0     0 I init    : starting service 'vendor.bluetooth-1-1'...
11-29 21:47:13.062     0     0 I init    : starting service 'vendor.camera-provider-2-4'...
11-29 21:47:13.064   176   176 I servicemanager: getDeviceHalManifest: Reading VINTF information.
11-29 21:47:13.064     0     0 I init    : starting service 'vendor.camera-provider-2-6-google'...
11-29 21:47:13.067     0     0 I init    : starting service 'vendor.cas-hal-1-2'...
11-29 21:47:13.068   176   176 I servicemanager: getDeviceHalManifest: Successfully processed VINTF information
11-29 21:47:13.068   176   176 I servicemanager: getFrameworkHalManifest: Reading VINTF information.
11-29 21:47:13.068   176   176 I servicemanager: getFrameworkHalManifest: Successfully processed VINTF information
11-29 21:47:13.068   176   176 I servicemanager: Found android.hardware.light.ILights/default in device VINTF manifest.
11-29 21:47:13.069     0     0 I init    : starting service 'vendor.contexthub-hal-1-1-mock'...
11-29 21:47:13.070     0     0 W libprocessgroup: Failed to open /dev/cpuset/camera-daemon/tasks: No such file or directory: No such file or directory
11-29 21:47:13.072     0     0 E init    : failed to write pid to files: couldn't write 300 to /dev/cpuset/camera-daemon/tasks: No such file or directory
11-29 21:47:13.072     0     0 W libprocessgroup: Failed to apply CameraServiceCapacity task profile: No such file or directory
11-29 21:47:13.072     0     0 I init    : starting service 'vendor.drm-hal-1-0'...
11-29 21:47:13.073     0     0 I init    : starting service 'vendor.drm-clearkey-hal-1-3'...
11-29 21:47:13.077   315   315 I android.hardware.power.stats@1.0-service-mock: power.stats service 1.0 mock is starting.
11-29 21:47:13.077     0     0 I init    : starting service 'vendor.drm-widevine-hal-1-3'...
11-29 21:47:13.078   315   315 I HidlServiceManagement: Registered android.hardware.power.stats@1.0::IPowerStats/default (start delay of 52ms)
11-29 21:47:13.078   315   315 I HidlServiceManagement: Removing namespace from process name android.hardware.power.stats@1.0-service.mock to stats@1.0-service.mock.
11-29 21:47:13.078   315   315 I android.hardware.power.stats@1.0-service-mock: power.stats service is ready
11-29 21:47:13.079     0     0 I init    : starting service 'vendor.gatekeeper-1-0'...
11-29 21:47:13.081     0     0 I init    : starting service 'vendor.gralloc-3-0'...
11-29 21:47:13.082   289   289 I ServiceManager: Waiting for service 'statscompanion' on '/dev/binder'...
11-29 21:47:13.083     0     0 I init    : starting service 'vendor.hwcomposer-2-3'...
11-29 21:47:13.085     0     0 I init    : starting service 'health-hal-2-1'...
11-29 21:47:13.086     0     0 I init    : Opened file '/dev/kmsg', flags 1
11-29 21:47:13.088     0     0 I init    : starting service 'neuralnetworks_hal_service_sample_all'...
11-29 21:47:13.088   290   290 D TetherController: Setting IP forward enable = 0
11-29 21:47:13.089   290   290 D FirewallController: Could not read /proc/self/uid_map, max uid defaulting to 4294967294
11-29 21:47:13.090     0     0 I init    : starting service 'neuralnetworks_hal_service_sample_float_fast'...
11-29 21:47:13.090   176   176 I servicemanager: Found android.hardware.power.IPower/default in device VINTF manifest.
11-29 21:47:13.092     0     0 I init    : starting service 'neuralnetworks_hal_service_sample_float_slow'...
11-29 21:47:13.095     0     0 I init    : starting service 'neuralnetworks_hal_service_sample_minimal'...
11-29 21:47:13.096   300   300 I android.hardware.pixel.camera.provider@2.6-service: Google camera provider service is starting.
11-29 21:47:13.097     0     0 I init    : starting service 'neuralnetworks_hal_service_sample_quant'...
11-29 21:47:13.099     0     0 I init    : starting service 'vendor.power.stats-hal-1-0-mock'...
11-29 21:47:13.103     0     0 I init    : starting service 'vendor.sensors-hal-2-1-multihal'...
11-29 21:47:13.105     0     0 I init    : starting service 'vendor.thermal-hal-2-0-mock'...
11-29 21:47:13.106     0     0 E ueventd : firmware: could not find firmware for regulatory.db
11-29 21:47:13.106     0     0 E ueventd : firmware: attempted /etc/firmware/regulatory.db, open failed: No such file or directory
11-29 21:47:13.107     0     0 I init    : starting service 'vendor.usb-hal-1-0'...
11-29 21:47:13.107     0     0 E ueventd : firmware: attempted /odm/firmware/regulatory.db, open failed: No such file or directory
11-29 21:47:13.110     0     0 E ueventd : firmware: attempted /vendor/firmware/regulatory.db, open failed: No such file or directory
11-29 21:47:13.111     0     0 E ueventd : firmware: attempted /firmware/image/regulatory.db, open failed: No such file or directory
11-29 21:47:13.112     0     0 I init    : starting service 'vendor.wifi_hal_legacy'...
11-29 21:47:13.112     0     0 I cfg80211: failed to load regulatory.db
11-29 21:47:13.112     0     0 I ueventd : loading /devices/platform/regulatory.0/firmware/regulatory.db took 4216ms
11-29 21:47:13.114   318   318 I HidlServiceManagement: Registered android.hardware.usb@1.0::IUsb/default (start delay of 78ms)
11-29 21:47:13.114     0     0 I init    : starting service 'vendor.identity-default'...
11-29 21:47:13.115   318   318 I HidlServiceManagement: Removing namespace from process name android.hardware.usb@1.0-service to usb@1.0-service.
11-29 21:47:13.115   318   318 I android.hardware.usb@1.0-service: USB HAL Ready.
11-29 21:47:13.117     0     0 I init    : starting service 'vendor.light-default'...
11-29 21:47:13.119     0     0 I init    : starting service 'vendor.power-default'...
11-29 21:47:13.121     0     0 I init    : starting service 'vendor.rebootescrow-default'...
11-29 21:47:13.122     0     0 I init    : starting service 'vendor.vibrator-default'...
11-29 21:47:13.124     0     0 I init    : Command 'class_start hal' action=boot (/system/etc/init/hw/init.rc:946) took 74ms and succeeded
11-29 21:47:13.125     0     0 I init    : Untracked pid 156 exited with status 0
11-29 21:47:13.126     0     0 I init    : starting service 'ranchu-setup'...
11-29 21:47:13.128     0     0 I init    : starting service 'audioserver'...
11-29 21:47:13.128   176   176 I servicemanager: Found android.hardware.rebootescrow.IRebootEscrow/default in device VINTF manifest.
11-29 21:47:13.130     0     0 I init    : starting service 'credstore'...
11-29 21:47:13.131   176   176 I servicemanager: Found android.hardware.vibrator.IVibrator/default in device VINTF manifest.
11-29 21:47:13.132     0     0 I init    : starting service 'gpu'...
11-29 21:47:13.135   298   298 I bt      : system/bt/vendor_libs/test_vendor_lib/model/setup/device_boutique.cc:33 Register: Registering beacon_swarm
11-29 21:47:13.135   298   298 I bt      : system/bt/vendor_libs/test_vendor_lib/model/setup/device_boutique.cc:33 Register: Registering beacon
11-29 21:47:13.135   298   298 I bt      : system/bt/vendor_libs/test_vendor_lib/model/setup/device_boutique.cc:33 Register: Registering scripted_beacon
11-29 21:47:13.135   298   298 I bt      : system/bt/vendor_libs/test_vendor_lib/model/setup/device_boutique.cc:33 Register: Registering remote_loopback
11-29 21:47:13.135   298   298 I bt      : system/bt/vendor_libs/test_vendor_lib/model/setup/device_boutique.cc:33 Register: Registering car_kit
11-29 21:47:13.135   298   298 I bt      : system/bt/vendor_libs/test_vendor_lib/model/setup/device_boutique.cc:33 Register: Registering classic
11-29 21:47:13.135   298   298 I bt      : system/bt/vendor_libs/test_vendor_lib/model/setup/device_boutique.cc:33 Register: Registering sniffer
11-29 21:47:13.135   298   298 I bt      : system/bt/vendor_libs/test_vendor_lib/model/setup/device_boutique.cc:33 Register: Registering keyboard
11-29 21:47:13.135   298   298 I bt      : system/bt/vendor_libs/test_vendor_lib/model/devices/device_properties.cc:81 DeviceProperties: Reading controller properties from /etc/bluetooth/car_kit_controller_properties.json.
11-29 21:47:13.137   309   309 I android.hardware.health@2.1-service: default instance initializing with healthd_config...
11-29 21:47:13.138   309   309 I HidlServiceManagement: Registered android.hardware.health@2.1::IHealth/default (start delay of 121ms)
11-29 21:47:13.138   309   309 I HidlServiceManagement: Removing namespace from process name android.hardware.health@2.1-service to health@2.1-service.
11-29 21:47:13.138   309   309 I android.hardware.health@2.1-service: default: Hal init done
11-29 21:47:13.140   299   299 I android.hardware.camera.provider@2.4-service: CameraProvider@2.4 legacy service is starting.
11-29 21:47:13.142   298   298 E bt      : system/bt/vendor_libs/test_vendor_lib/model/devices/device_properties.cc:83 DeviceProperties: Error reading controller properties from file.
11-29 21:47:13.146   303   303 I HidlServiceManagement: Registered android.hardware.drm@1.0::IDrmFactory/default (start delay of 140ms)
11-29 21:47:13.147   303   303 I HidlServiceManagement: Removing namespace from process name android.hardware.drm@1.0-service to drm@1.0-service.
11-29 21:47:13.147   303   303 I LegacySupport: Registration complete for android.hardware.drm@1.0::IDrmFactory/default.
11-29 21:47:13.147   300   300 I GCH_CameraProvider: CreateCameraProviderHwl:Loading /vendor/lib/libgooglecamerahwl_impl.so library
11-29 21:47:13.148   306   306 I HidlServiceManagement: Registered android.hardware.gatekeeper@1.0::IGatekeeper/default (start delay of 141ms)
11-29 21:47:13.148   306   306 I HidlServiceManagement: Removing namespace from process name android.hardware.gatekeeper@1.0-service.software to gatekeeper@1.0-service.software.
11-29 21:47:13.148   303   303 I HidlServiceManagement: Registered android.hardware.drm@1.0::ICryptoFactory/default (start delay of 141ms)
11-29 21:47:13.148   303   303 I HidlServiceManagement: Removing namespace from process name android.hardware.drm@1.0-service to drm@1.0-service.
11-29 21:47:13.148   303   303 I LegacySupport: Registration complete for android.hardware.drm@1.0::ICryptoFactory/default.
11-29 21:47:13.150   298   298 I bt      : system/bt/vendor_libs/test_vendor_lib/model/devices/scripted_beacon.cc:71 ScriptedBeacon: Scripted_beacon registered true
11-29 21:47:13.150   298   298 I HidlServiceManagement: Registered android.hardware.bluetooth@1.1::IBluetoothHci/default (start delay of 164ms)
11-29 21:47:13.151   298   298 I HidlServiceManagement: Removing namespace from process name android.hardware.bluetooth@1.1-service.sim to bluetooth@1.1-service.sim.
11-29 21:47:13.152   290   290 I netd    : Creating child chains: 58916us
11-29 21:47:13.152   290   290 I netd    : Setting up OEM hooks: 73us
11-29 21:47:13.152   290   290 I netd    : Setting up FirewallController hooks: 21us
11-29 21:47:13.154   304   304 I HidlServiceManagement: Registered android.hardware.drm@1.3::IDrmFactory/clearkey (start delay of 148ms)
11-29 21:47:13.154   304   304 I HidlServiceManagement: Removing namespace from process name android.hardware.drm@1.3-service.clearkey to drm@1.3-service.clearkey.
11-29 21:47:13.155   304   304 I HidlServiceManagement: Registered android.hardware.drm@1.3::ICryptoFactory/clearkey (start delay of 149ms)
11-29 21:47:13.155   304   304 I HidlServiceManagement: Removing namespace from process name android.hardware.drm@1.3-service.clearkey to drm@1.3-service.clearkey.
11-29 21:47:13.157     0     0 I init    : starting service 'surfaceflinger'...
11-29 21:47:13.158     0     0 I init    : Could not create socket 'pdx/system/vr/display/client': Failed to bind socket 'pdx/system/vr/display/client': No such file or directory
11-29 21:47:13.159   317   317 I android.hardware.thermal@2.0-service-mock: Thermal HAL Service Mock 2.0 starting...
11-29 21:47:13.160     0     0 I init    : Could not create socket 'pdx/system/vr/display/manager': Failed to bind socket 'pdx/system/vr/display/manager': No such file or directory
11-29 21:47:13.161   290   290 I netd    : Setting up TetherController hooks: 8860us
11-29 21:47:13.162     0     0 I init    : Could not create socket 'pdx/system/vr/display/vsync': Failed to bind socket 'pdx/system/vr/display/vsync': No such file or directory
11-29 21:47:13.162   317   317 I HidlServiceManagement: Registered android.hardware.thermal@2.0::IThermal/default (start delay of 125ms)
11-29 21:47:13.162   317   317 I HidlServiceManagement: Removing namespace from process name android.hardware.thermal@2.0-service.mock to thermal@2.0-service.mock.
11-29 21:47:13.163   317   317 I android.hardware.thermal@2.0-service-mock: Thermal Service started successfully.
11-29 21:47:13.164   301   301 I HidlServiceManagement: Registered android.hardware.cas@1.2::IMediaCasService/default (start delay of 167ms)
11-29 21:47:13.164   301   301 I HidlServiceManagement: Removing namespace from process name android.hardware.cas@1.2-service to cas@1.2-service.
11-29 21:47:13.165     0     0 I init    : starting service 'exec 13 (/system/bin/fsverity_init)'...
11-29 21:47:13.166   176   176 I servicemanager: Found android.hardware.identity.IIdentityCredentialStore/default in device VINTF manifest.
11-29 21:47:13.167   290   290 I netd    : Setting up BandwidthController hooks: 5608us
11-29 21:47:13.167   290   290 I netd    : Setting up IdletimerController hooks: 44us
11-29 21:47:13.167   316   316 I android.hardware.sensors@2.1-impl.ranchu: MultihalSensors:70: host sensors mask=fff, available sensors mask=fff
11-29 21:47:13.168   316   316 I HidlServiceManagement: Registered android.hardware.sensors@2.1::ISensors/default (start delay of 132ms)
11-29 21:47:13.168   316   316 I HidlServiceManagement: Removing namespace from process name android.hardware.sensors@2.1-service.multihal to sensors@2.1-service.multihal.
11-29 21:47:13.170   290   290 I netd    : Setting up StrictController hooks: 3284us
11-29 21:47:13.170   290   290 I ClatdController: 4.9+ kernel and device shipped with Q+ - clat ebpf should work.
11-29 21:47:13.170   290   290 I netd    : Initializing ClatdController: 111us
11-29 21:47:13.173   290   290 I netd    : Initializing traffic control: 2582us
11-29 21:47:13.176     0     0 I init    : SVC_EXEC service 'exec 13 (/system/bin/fsverity_init)' pid 333 (uid 0 gid 0+0 context default) started; waiting...
11-29 21:47:13.177   290   290 I netd    : Enabling bandwidth control: 4453us
11-29 21:47:13.178   290   290 I netd    : Initializing RouteController: 822us
11-29 21:47:13.178   290   290 D XfrmController: XfrmController::ipSecAddXfrmInterface, line=1377
11-29 21:47:13.179   290   290 D XfrmController: XfrmController::ipSecRemoveTunnelInterface, line=1590
11-29 21:47:13.179   290   290 D XfrmController: deviceName=ipsec_test
11-29 21:47:13.182   289   289 I ServiceManager: Waiting for service 'statscompanion' on '/dev/binder'...
11-29 21:47:13.197   148   148 W libc    : Unable to set property "ro.hardware.egl" to "emulation": error code: 0xb
11-29 21:47:13.199   290   290 D XfrmController: Sending Netlink XFRM Message: XFRM_MSG_FLUSHSA
11-29 21:47:13.199   290   290 D XfrmController: Sending Netlink XFRM Message: XFRM_MSG_FLUSHPOLICY
11-29 21:47:13.199   290   290 I netd    : Initializing XfrmController: 20519us
11-29 21:47:13.199   296   296 I HidlServiceManagement: Registered android.hardware.audio@6.0::IDevicesFactory/default (start delay of 212ms)
11-29 21:47:13.199   296   296 I HidlServiceManagement: Removing namespace from process name android.hardware.audio.service.ranchu to audio.service.ranchu.
11-29 21:47:13.201     0     0 W healthd : batteryCapacityLevelPath not found
11-29 21:47:13.202     0     0 W healthd : batteryChargeTimeToFullNowPath. not found
11-29 21:47:13.202     0     0 W healthd : batteryFullChargeDesignCapacityUahPath. not found
11-29 21:47:13.204     0     0 W healthd : battery l=100 v=5000 t=25.0 h=2 st=4 c=900000 fc=300000 cc=10 chg=
11-29 21:47:13.206   296   296 I HidlServiceManagement: Registered android.hardware.audio.effect@6.0::IEffectsFactory/default (start delay of 219ms)
11-29 21:47:13.206   296   296 I LegacySupport: Registration complete for android.hardware.audio.effect@6.0::IEffectsFactory/default.
11-29 21:47:13.214   305   305 I HidlServiceManagement: Registered android.hardware.drm@1.3::IDrmFactory/widevine (start delay of 207ms)
11-29 21:47:13.214   305   305 I HidlServiceManagement: Removing namespace from process name android.hardware.drm@1.3-service.widevine to drm@1.3-service.widevine.
11-29 21:47:13.214   290   290 I libnetd_resolv: resolv_init: Initializing resolver
11-29 21:47:13.215   305   305 I HidlServiceManagement: Registered android.hardware.drm@1.3::ICryptoFactory/widevine (start delay of 209ms)
11-29 21:47:13.215   305   305 I HidlServiceManagement: Removing namespace from process name android.hardware.drm@1.3-service.widevine to drm@1.3-service.widevine.
11-29 21:47:13.236     0     0 I init    : Service 'ranchu-setup' (pid 325) exited with status 1 oneshot service took 0.108000 seconds in background
11-29 21:47:13.237     0     0 I init    : Sending signal 9 to service 'ranchu-setup' (pid 325) process group...
11-29 21:47:13.238     0     0 I libprocessgroup: Successfully killed process cgroup uid 0 pid 325 in 0ms
11-29 21:47:13.244   307   307 D HostConnection: createUnique: call
11-29 21:47:13.245   307   307 D HostConnection: HostConnection::get() New Host Connection established 0xf56402b0, tid 307
11-29 21:47:13.246   307   307 I HidlServiceManagement: Registered android.hardware.graphics.allocator@3.0::IAllocator/default (start delay of 229ms)
11-29 21:47:13.246   307   307 I HidlServiceManagement: Removing namespace from process name android.hardware.graphics.allocator@3.0-service to allocator@3.0-service.
11-29 21:47:13.246   307   307 I android.hardware.graphics.allocator@3.0-service: graphics IAllocator@3.0 service is initialized
11-29 21:47:13.250     0     0 I init    : Service 'exec 13 (/system/bin/fsverity_init)' (pid 333) exited with status 0 waiting took 0.082000 seconds
11-29 21:47:13.251     0     0 I init    : Sending signal 9 to service 'exec 13 (/system/bin/fsverity_init)' (pid 333) process group...
11-29 21:47:13.252     0     0 I libprocessgroup: Successfully killed process cgroup uid 0 pid 333 in 0ms
11-29 21:47:13.253     0     0 I init    : processing action (persist.sys.usb.config=* && boot) from (/system/etc/init/hw/init.usb.rc:105)
11-29 21:47:13.260     0     0 I init    : processing action (boot) from (/vendor/etc/init/hw/init.ranchu.rc:65)
11-29 21:47:13.261     0     0 E init    : Unable to set property 'ro.hardware.egl' from uid:0 gid:0 pid:148: Read-only property was already set
11-29 21:47:13.269     0     0 I init    : Command 'setprop debug.stagefright.ccodec ${ro.kernel.qemu.media.ccodec}' action=boot (/vendor/etc/init/hw/init.ranchu.rc:77) took 0ms and failed: property 'ro.kernel.qemu.media.ccodec' doesn't exist while expanding '${ro.kernel.qemu.media.ccodec}'
11-29 21:47:13.273     0     0 I init    : starting service 'goldfish-logcat'...
11-29 21:47:13.275     0     0 I init    : processing action (boot) from (/system/etc/init/dumpstate.rc:1)
11-29 21:47:13.276     0     0 I init    : processing action (boot) from (/system/etc/init/gsid.rc:20)
11-29 21:47:13.277     0     0 I init    : starting service 'exec 14 (/system/bin/gsid run-startup-tasks)'...
11-29 21:47:13.280     0     0 I init    : processing action (enable_property_trigger) from (<Builtin Action>:0)
11-29 21:47:13.281     0     0 I init    : processing action (apexd.status=ready && ro.product.cpu.abilist32=*) from (/system/etc/init/hw/init.rc:89)
11-29 21:47:13.282     0     0 I init    : starting service 'boringssl_self_test_apex32'...
11-29 21:47:13.284     0     0 I init    : SVC_EXEC service 'boringssl_self_test_apex32' pid 362 (uid 0 gid 0+0 context default) started; waiting...
11-29 21:47:13.316     0     0 D logd    : logdr: UID=1036 GID=1007 PID=351 b tail=0 logMask=99 pid=0 start=0ns timeout=0ns
11-29 21:47:13.251   308   308 D HostConnection: createUnique: call
11-29 21:47:13.252   308   308 D HostConnection: HostConnection::get() New Host Connection established 0xecec1820, tid 308
11-29 21:47:13.258   300   300 I EmulatedCameraProviderHwlImpl: Create: Created EmulatedCameraProviderHwlImpl
11-29 21:47:13.258   300   300 E GCH_CameraProvider: Initialize: HWL doesn't support vendor buffer allocation Function not implemented(-38)
11-29 21:47:13.259   300   300 I HidlServiceManagement: Registered android.hardware.camera.provider@2.6::ICameraProvider/internal/0 (start delay of 262ms)
11-29 21:47:13.259   300   300 I HidlServiceManagement: Removing namespace from process name android.hardware.camera.provider@2.6-service-google to provider@2.6-service-google.
11-29 21:47:13.260   300   300 I LegacySupport: Registration complete for android.hardware.camera.provider@2.6::ICameraProvider/internal/0.
11-29 21:47:13.260   308   308 D HostConnection: HostComposition ext ANDROID_EMU_CHECKSUM_HELPER_v1 ANDROID_EMU_native_sync_v2 ANDROID_EMU_native_sync_v3 ANDROID_EMU_native_sync_v4 ANDROID_EMU_dma_v1 ANDROID_EMU_direct_mem ANDROID_EMU_host_composition_v1 ANDROID_EMU_host_composition_v2 ANDROID_EMU_vulkan ANDROID_EMU_deferred_vulkan_commands ANDROID_EMU_vulkan_null_optional_strings ANDROID_EMU_vulkan_create_resources_with_requirements ANDROID_EMU_YUV_Cache ANDROID_EMU_async_unmap_buffer ANDROID_EMU_vulkan_ignored_handles ANDROID_EMU_has_shared_slots_host_memory_allocator ANDROID_EMU_vulkan_free_memory_sync ANDROID_EMU_vulkan_shader_float16_int8 ANDROID_EMU_vulkan_async_queue_submit ANDROID_EMU_sync_buffer_data ANDROID_EMU_read_color_buffer_dma GL_OES_EGL_image_external_essl3 GL_OES_vertex_array_object GL_KHR_texture_compression_astc_ldr ANDROID_EMU_host_side_tracing ANDROID_EMU_async_frame_commands ANDROID_EMU_gles_max_version_3_0 
11-29 21:47:13.261   177   177 I hwservicemanager: getTransport: Cannot find entry android.hardware.graphics.mapper@4.0::IMapper/default in either framework or device manifest.
11-29 21:47:13.262   308   308 I Gralloc4: mapper 4.x is not supported
11-29 21:47:13.263   308   308 D HostConnection: createUnique: call
11-29 21:47:13.263   308   308 D HostConnection: HostConnection::get() New Host Connection established 0xecec0cc0, tid 308
11-29 21:47:13.263   308   308 D goldfish-address-space: allocate: Ask for block of size 0x100
11-29 21:47:13.263   308   308 D goldfish-address-space: allocate: ioctl allocate returned offset 0x3ffffe000 size 0x2000
11-29 21:47:13.283   289   289 I ServiceManager: Waiting for service 'statscompanion' on '/dev/binder'...
11-29 21:47:13.288   313   313 I HidlServiceManagement: Registered android.hardware.neuralnetworks@1.3::IDevice/nnapi-sample_minimal (start delay of 261ms)
11-29 21:47:13.288   313   313 I HidlServiceManagement: Removing namespace from process name android.hardware.neuralnetworks@1.3-service-sample-minimal to neuralnetworks@1.3-service-sample-minimal.
11-29 21:47:13.289   177   177 I hwservicemanager: getTransport: Cannot find entry android.hardware.graphics.allocator@4.0::IAllocator/default in either framework or device manifest.
11-29 21:47:13.289   308   308 W Gralloc4: allocator 3.x is not supported
11-29 21:47:13.289   296   296 I HidlServiceManagement: Registered android.hardware.soundtrigger@2.2::ISoundTriggerHw/default (start delay of 303ms)
11-29 21:47:13.289   296   296 I LegacySupport: Registration complete for android.hardware.soundtrigger@2.2::ISoundTriggerHw/default.
11-29 21:47:13.363     0     0 I init    : Service 'exec 14 (/system/bin/gsid run-startup-tasks)' (pid 354) exited with status 0 oneshot service took 0.083000 seconds in background
11-29 21:47:13.364     0     0 I init    : Sending signal 9 to service 'exec 14 (/system/bin/gsid run-startup-tasks)' (pid 354) process group...
11-29 21:47:13.365     0     0 I libprocessgroup: Successfully killed process cgroup uid 0 pid 354 in 0ms
11-29 21:47:13.296   354   354 I gsid    : no DSU: No such file or directory
11-29 21:47:13.299   307   366 D HostConnection: HostComposition ext ANDROID_EMU_CHECKSUM_HELPER_v1 ANDROID_EMU_native_sync_v2 ANDROID_EMU_native_sync_v3 ANDROID_EMU_native_sync_v4 ANDROID_EMU_dma_v1 ANDROID_EMU_direct_mem ANDROID_EMU_host_composition_v1 ANDROID_EMU_host_composition_v2 ANDROID_EMU_vulkan ANDROID_EMU_deferred_vulkan_commands ANDROID_EMU_vulkan_null_optional_strings ANDROID_EMU_vulkan_create_resources_with_requirements ANDROID_EMU_YUV_Cache ANDROID_EMU_async_unmap_buffer ANDROID_EMU_vulkan_ignored_handles ANDROID_EMU_has_shared_slots_host_memory_allocator ANDROID_EMU_vulkan_free_memory_sync ANDROID_EMU_vulkan_shader_float16_int8 ANDROID_EMU_vulkan_async_queue_submit ANDROID_EMU_sync_buffer_data ANDROID_EMU_read_color_buffer_dma GL_OES_EGL_image_external_essl3 GL_OES_vertex_array_object GL_KHR_texture_compression_astc_ldr ANDROID_EMU_host_side_tracing ANDROID_EMU_async_frame_commands ANDROID_EMU_gles_max_version_3_0 
11-29 21:47:13.300   307   366 D goldfish-address-space: claimShared: Ask to claim region [0x3fc000000 0x3fc7e9000]
11-29 21:47:13.313   319   319 I android.hardware.wifi@1.0-service: Wifi Hal is booting up...
11-29 21:47:13.318   177   177 I hwservicemanager: getTransport: Cannot find entry android.hardware.graphics.mapper@4.0::IMapper/default in either framework or device manifest.
11-29 21:47:13.319   319   319 I HidlServiceManagement: Registered android.hardware.wifi@1.4::IWifi/default (start delay of 272ms)
11-29 21:47:13.319   311   311 I HidlServiceManagement: Registered android.hardware.neuralnetworks@1.3::IDevice/nnapi-sample_float_fast (start delay of 302ms)
11-29 21:47:13.319   310   310 I HidlServiceManagement: Registered android.hardware.neuralnetworks@1.3::IDevice/nnapi-sample_all (start delay of 302ms)
11-29 21:47:13.319   319   319 I HidlServiceManagement: Removing namespace from process name android.hardware.wifi@1.0-service to wifi@1.0-service.
11-29 21:47:13.319   310   310 I HidlServiceManagement: Removing namespace from process name android.hardware.neuralnetworks@1.3-service-sample-all to neuralnetworks@1.3-service-sample-all.
11-29 21:47:13.319   311   311 I HidlServiceManagement: Removing namespace from process name android.hardware.neuralnetworks@1.3-service-sample-float-fast to neuralnetworks@1.3-service-sample-float-fast.
11-29 21:47:13.319   312   312 I HidlServiceManagement: Registered android.hardware.neuralnetworks@1.3::IDevice/nnapi-sample_float_slow (start delay of 293ms)
11-29 21:47:13.319   312   312 I HidlServiceManagement: Removing namespace from process name android.hardware.neuralnetworks@1.3-service-sample-float-slow to neuralnetworks@1.3-service-sample-float-slow.
11-29 21:47:13.323   314   314 I HidlServiceManagement: Registered android.hardware.neuralnetworks@1.3::IDevice/nnapi-sample_quant (start delay of 296ms)
11-29 21:47:13.323   314   314 I HidlServiceManagement: Removing namespace from process name android.hardware.neuralnetworks@1.3-service-sample-quant to neuralnetworks@1.3-service-sample-quant.
11-29 21:47:13.326   308   308 D HostConnection: HostComposition ext ANDROID_EMU_CHECKSUM_HELPER_v1 ANDROID_EMU_native_sync_v2 ANDROID_EMU_native_sync_v3 ANDROID_EMU_native_sync_v4 ANDROID_EMU_dma_v1 ANDROID_EMU_direct_mem ANDROID_EMU_host_composition_v1 ANDROID_EMU_host_composition_v2 ANDROID_EMU_vulkan ANDROID_EMU_deferred_vulkan_commands ANDROID_EMU_vulkan_null_optional_strings ANDROID_EMU_vulkan_create_resources_with_requirements ANDROID_EMU_YUV_Cache ANDROID_EMU_async_unmap_buffer ANDROID_EMU_vulkan_ignored_handles ANDROID_EMU_has_shared_slots_host_memory_allocator ANDROID_EMU_vulkan_free_memory_sync ANDROID_EMU_vulkan_shader_float16_int8 ANDROID_EMU_vulkan_async_queue_submit ANDROID_EMU_sync_buffer_data ANDROID_EMU_read_color_buffer_dma GL_OES_EGL_image_external_essl3 GL_OES_vertex_array_object GL_KHR_texture_compression_astc_ldr ANDROID_EMU_host_side_tracing ANDROID_EMU_async_frame_commands ANDROID_EMU_gles_max_version_3_0 
11-29 21:47:13.326   308   308 E EmuHWC2 : doGetFunction: Unknown function descriptor: 44 (SetLayerFloatColor)
11-29 21:47:13.326   308   308 E EmuHWC2 : doGetFunction: Unknown function descriptor: 45 (SetLayerPerFrameMetadata)
11-29 21:47:13.326   308   308 E EmuHWC2 : doGetFunction: Unknown function descriptor: 46 (GetPerFrameMetadataKeys)
11-29 21:47:13.326   308   308 E EmuHWC2 : doGetFunction: Unknown function descriptor: 47 (SetReadbackBuffer)
11-29 21:47:13.326   308   308 E EmuHWC2 : doGetFunction: Unknown function descriptor: 48 (GetReadbackBufferAttributes)
11-29 21:47:13.326   308   308 E EmuHWC2 : doGetFunction: Unknown function descriptor: 49 (GetReadbackBufferFence)
11-29 21:47:13.326   308   308 E EmuHWC2 : doGetFunction: Unknown function descriptor: 50 (GetRenderIntents)
11-29 21:47:13.326   308   308 E EmuHWC2 : doGetFunction: Unknown function descriptor: 51 (SetColorModeWithRenderIntent)
11-29 21:47:13.326   308   308 E EmuHWC2 : doGetFunction: Unknown function descriptor: 52 (GetDataspaceSaturationMatrix)
11-29 21:47:13.326   308   308 E EmuHWC2 : doGetFunction: Unknown function descriptor: 55 (SetLayerColorTransform)
11-29 21:47:13.326   308   308 E EmuHWC2 : doGetFunction: Unknown function descriptor: 56 (GetDisplayedContentSamplingAttributes)
11-29 21:47:13.326   308   308 E EmuHWC2 : doGetFunction: Unknown function descriptor: 57 (SetDisplayedContentSamplingEnabled)
11-29 21:47:13.326   308   308 E EmuHWC2 : doGetFunction: Unknown function descriptor: 58 (GetDisplayedContentSample)
11-29 21:47:13.326   308   308 E EmuHWC2 : doGetFunction: Unknown function descriptor: 59 (SetLayerPerFrameMetadataBlobs)
11-29 21:47:13.327   299   299 I Gralloc4: mapper 4.x is not supported
11-29 21:47:13.327   308   308 I HidlServiceManagement: Registered android.hardware.graphics.composer@2.3::IComposer/default (start delay of 311ms)
11-29 21:47:13.327   308   308 I HidlServiceManagement: Removing namespace from process name android.hardware.graphics.composer@2.3-service to composer@2.3-service.
11-29 21:47:13.331   299   299 D HostConnection: createUnique: call
11-29 21:47:13.332   299   299 D HostConnection: HostConnection::get() New Host Connection established 0xe8a40da0, tid 299
11-29 21:47:13.332   299   299 D goldfish-address-space: allocate: Ask for block of size 0x100
11-29 21:47:13.332   299   299 D goldfish-address-space: allocate: ioctl allocate returned offset 0x3fbffe000 size 0x2000
11-29 21:47:13.337   299   299 D EmulatedCamera_QemuClient: Emulated camera list: name=virtualscene channel=0 pix=876758866 dir=back framedims=640x480,352x288,320x240,176x144,1280x720,1280x960
11-29 21:47:13.337   299   299 I EmulatedCamera_QemuCamera3: Constructing emulated qemu camera 3: ID 0
11-29 21:47:13.337   299   299 I EmulatedCamera_QemuCamera3: parseResolutions: 640x480
11-29 21:47:13.337   299   299 I EmulatedCamera_QemuCamera3: parseResolutions: 352x288
11-29 21:47:13.337   299   299 I EmulatedCamera_QemuCamera3: parseResolutions: 320x240
11-29 21:47:13.337   299   299 I EmulatedCamera_QemuCamera3: parseResolutions: 176x144
11-29 21:47:13.337   299   299 I EmulatedCamera_QemuCamera3: parseResolutions: 1280x720
11-29 21:47:13.337   299   299 I EmulatedCamera_QemuCamera3: parseResolutions: 1280x960
11-29 21:47:13.337   299   299 I EmulatedCamera_QemuCamera3: Camera 0 capabilities:
11-29 21:47:13.337   299   299 I EmulatedCamera_QemuCamera3:   BACKWARD_COMPATIBLE
11-29 21:47:13.338   299   299 E EmulatedCamera_Factory: 1 cameras are being emulated. 0 of them are fake cameras.
11-29 21:47:13.339   299   383 E EmulatedCamera_HotplugThread: addWatch: Could not add watch for '/data/misc/media/emulator.camera.hotplug.0', error: 'Permission denied' (13)
11-29 21:47:13.342   299   299 I CamPrvdr@2.4-legacy: Loaded "Emulated Camera Module" camera module
11-29 21:47:13.342   299   299 E CamPrvdr@2.4-legacy: setUpVendorTags: Vendor tag operations not fully defined. Ignoring definitions.
11-29 21:47:13.342   299   299 E CamPrvdr@2.4-legacy: initialize: Vendor tag setup failed, will not be available.
11-29 21:47:13.342   299   299 V EmulatedCamera_BaseCamera: getCameraInfo
11-29 21:47:13.404     0     0 I init    : Service 'boringssl_self_test_apex32' (pid 362) exited with status 0 waiting took 0.120000 seconds
11-29 21:47:13.405     0     0 I init    : Sending signal 9 to service 'boringssl_self_test_apex32' (pid 362) process group...
11-29 21:47:13.406     0     0 I libprocessgroup: Successfully killed process cgroup uid 0 pid 362 in 0ms
11-29 21:47:13.408     0     0 I init    : processing action (sys.init.perf_lsm_hooks=1) from (/system/etc/init/hw/init.rc:1017)
11-29 21:47:13.343   299   299 I HidlServiceManagement: Registered android.hardware.camera.provider@2.4::ICameraProvider/legacy/0 (start delay of 347ms)
11-29 21:47:13.343   299   299 I HidlServiceManagement: Removing namespace from process name android.hardware.camera.provider@2.4-service to provider@2.4-service.
11-29 21:47:13.343   299   299 I LegacySupport: Registration complete for android.hardware.camera.provider@2.4::ICameraProvider/legacy/0.
11-29 21:47:13.409     0     0 I init    : processing action (security.perf_harden=1) from (/system/etc/init/hw/init.rc:1031)
11-29 21:47:13.412     0     0 I init    : processing action (ro.debuggable=1) from (/system/etc/init/hw/init.rc:1058)
11-29 21:47:13.413     0     0 I init    : processing action (sys.usb.config=adb && sys.usb.configfs=0) from (/system/etc/init/hw/init.usb.rc:37)
11-29 21:47:13.415     0     0 I init    : Command 'write /sys/class/android_usb/android0/enable 0' action=sys.usb.config=adb && sys.usb.configfs=0 (/system/etc/init/hw/init.usb.rc:38) took 0ms and failed: Unable to write to file '/sys/class/android_usb/android0/enable': open() failed: Permission denied
11-29 21:47:13.419     0     0 I init    : Command 'write /sys/class/android_usb/android0/idVendor 18d1' action=sys.usb.config=adb && sys.usb.configfs=0 (/system/etc/init/hw/init.usb.rc:39) took 0ms and failed: Unable to write to file '/sys/class/android_usb/android0/idVendor': open() failed: Permission denied
11-29 21:47:13.422     0     0 I init    : Command 'write /sys/class/android_usb/android0/idProduct 4EE7' action=sys.usb.config=adb && sys.usb.configfs=0 (/system/etc/init/hw/init.usb.rc:40) took 0ms and failed: Unable to write to file '/sys/class/android_usb/android0/idProduct': open() failed: Permission denied
11-29 21:47:13.426     0     0 I init    : Command 'write /sys/class/android_usb/android0/functions ${sys.usb.config}' action=sys.usb.config=adb && sys.usb.configfs=0 (/system/etc/init/hw/init.usb.rc:41) took 0ms and failed: Unable to write to file '/sys/class/android_usb/android0/functions': open() failed: Permission denied
11-29 21:47:13.430     0     0 I init    : Command 'write /sys/class/android_usb/android0/enable 1' action=sys.usb.config=adb && sys.usb.configfs=0 (/system/etc/init/hw/init.usb.rc:42) took 0ms and failed: Unable to write to file '/sys/class/android_usb/android0/enable': open() failed: Permission denied
11-29 21:47:13.433     0     0 I init    : starting service 'adbd'...
11-29 21:47:13.434     0     0 I init    : Created socket '/dev/socket/adbd', mode 660, user 1000, group 1000
11-29 21:47:13.437     0     0 I init    : processing action (qemu.networknamespace=ready) from (/vendor/etc/init/hw/init.ranchu.rc:109)
11-29 21:47:13.439     0     0 I init    : starting service 'ranchu-net'...
11-29 21:47:13.440     0     0 I init    : processing action (init.svc.audioserver=running) from (/system/etc/init/audioserver.rc:32)
11-29 21:47:13.442     0     0 I init    : Command 'start vendor.audio-hal-4-0-msd' action=init.svc.audioserver=running (/system/etc/init/audioserver.rc:34) took 0ms and failed: service vendor.audio-hal-4-0-msd not found
11-29 21:47:13.444     0     0 I init    : Command 'start vendor.audio-hal-2-0' action=init.svc.audioserver=running (/system/etc/init/audioserver.rc:36) took 0ms and failed: service vendor.audio-hal-2-0 not found
11-29 21:47:13.446     0     0 I init    : Command 'start audio-hal-2-0' action=init.svc.audioserver=running (/system/etc/init/audioserver.rc:37) took 0ms and failed: service audio-hal-2-0 not found
11-29 21:47:13.448     0     0 I init    : processing action (ro.persistent_properties.ready=true) from (/system/etc/init/bootstat.rc:67)
11-29 21:47:13.384   289   289 I ServiceManager: Waiting for service 'statscompanion' on '/dev/binder'...
11-29 21:47:13.450     0     0 I init    : processing action (ro.persistent_properties.ready=true) from (/system/etc/init/bootstat.rc:71)
11-29 21:47:13.451     0     0 I init    : starting service 'exec 15 (/system/bin/bootstat --set_system_boot_reason)'...
11-29 21:47:13.453     0     0 I init    : processing action (persist.heapprofd.enable= && traced.lazy.heapprofd=) from (/system/etc/init/heapprofd.rc:34)
11-29 21:47:13.455     0     0 I init    : processing action (ro.debuggable=1) from (/system/etc/init/llkd-debuggable.rc:1)
11-29 21:47:13.457     0     0 I init    : processing action (ro.debuggable=*) from (/system/etc/init/llkd.rc:2)
11-29 21:47:13.459     0     0 I init    : processing action (ro.enable.native.bridge.exec=1) from (/system/etc/init/ndk_translation.rc:5)
11-29 21:47:13.461     0     0 I init    : processing action (debug.atrace.user_initiated= && persist.traced.enable=1) from (/system/etc/init/perfetto.rc:47)
11-29 21:47:13.462     0     0 I init    : starting service 'traced_probes'...
11-29 21:47:13.463     0     0 I init    : Opened file '/dev/kmsg', flags 1
11-29 21:47:13.464     0     0 I init    : processing action (persist.traced.enable=1) from (/system/etc/init/perfetto.rc:50)
11-29 21:47:13.465     0     0 I init    : starting service 'traced'...
11-29 21:47:13.467     0     0 I init    : Created socket '/dev/socket/traced_consumer', mode 666, user 0, group 0
11-29 21:47:13.468     0     0 I init    : Created socket '/dev/socket/traced_producer', mode 666, user 0, group 0
11-29 21:47:13.471     0     0 I init    : processing action (persist.traced_perf.enable= && sys.init.perf_lsm_hooks=1 && traced.lazy.traced_perf=) from (/system/etc/init/traced_perf.rc:43)
11-29 21:47:13.472     0     0 I init    : processing action (nonencrypted) from (/system/etc/init/hw/init.rc:953)
11-29 21:47:13.473     0     0 I init    : starting service 'cameraserver'...
11-29 21:47:13.475     0     0 I init    : starting service 'drm'...
11-29 21:47:13.411   388   388 I bootstat: Service started: /system/bin/bootstat --set_system_boot_reason 
11-29 21:47:13.412   388   388 I bootstat: Canonical boot reason: reboot
11-29 21:47:13.478     0     0 I init    : starting service 'idmap2d'...
11-29 21:47:13.482     0     0 W libprocessgroup: Failed to open /dev/cpuset/camera-daemon/tasks: No such file or directory: No such file or directory
11-29 21:47:13.483     0     0 W libprocessgroup: Failed to apply CameraServiceCapacity task profile: No such file or directory
11-29 21:47:13.412   388   388 I bootstat: Canonical boot reason: reboot
11-29 21:47:13.421   391   391 W perfetto: service.cc:97           Started traced, listening on /dev/socket/traced_producer /dev/socket/traced_consumer
11-29 21:47:13.485     0     0 I init    : starting service 'incidentd'...
11-29 21:47:13.486     0     0 I init    : starting service 'installd'...
11-29 21:47:13.425   388   388 E bootstat: Failed to read /metadata/bootstat/persist.sys.boot.reason: No such file or directory
