11-29 21:47:13.425   388   388 I bootstat: Value of persist.sys.boot.reason : 
11-29 21:47:13.425   388   388 I bootstat: Normalized last reboot reason : reboot
11-29 21:47:13.491     0     0 I init    : starting service 'iorapd'...
11-29 21:47:13.430   390   390 I perfetto: probes.cc:77            Starting /system/bin/traced_probes service
11-29 21:47:13.431   388   388 E bootstat: Failed to unlink /metadata/bootstat/persist.sys.boot.reason: No such file or directory
11-29 21:47:13.433   177   177 I hwservicemanager: getTransport: Cannot find entry android.hardware.configstore@1.0::ISurfaceFlingerConfigs/default in either framework or device manifest.
11-29 21:47:13.498     0     0 I init    : starting service 'keystore'...
11-29 21:47:13.500     0     0 I init    : starting service 'mediaextractor'...
11-29 21:47:13.501     0     0 I init    : starting service 'mediametrics'...
11-29 21:47:13.503     0     0 I init    : starting service 'media'...
11-29 21:47:13.440   390   390 I perfetto: probes_producer.cc:100  Connected to the service
11-29 21:47:13.441   332   332 I SurfaceFlinger: Using HWComposer service: 'default'
11-29 21:47:13.441   332   332 E SurfaceFlinger: ro.sf.lcd_density must be defined as a build property
11-29 21:47:13.505     0     0 I init    : starting service 'storaged'...
11-29 21:47:13.507     0     0 I init    : Could not open file '/d/mmc0/mmc0:0001/ext_csd': Failed to open file '/d/mmc0/mmc0:0001/ext_csd': No such file or directory
11-29 21:47:13.448   332   332 I SurfaceFlinger: SurfaceFlinger is starting
11-29 21:47:13.448   177   177 I hwservicemanager: getTransport: Cannot find entry android.hardware.configstore@1.1::ISurfaceFlingerConfigs/default in either framework or device manifest.
11-29 21:47:13.509     0     0 I init    : starting service 'wificond'...
11-29 21:47:13.511     0     0 I init    : starting service 'vendor.media.omx'...
11-29 21:47:13.513     0     0 I init    : starting service 'vendor.ril-daemon'...
11-29 21:47:13.514     0     0 E init    : Could not start service 'vendor_flash_recovery' as part of class 'main': Cannot find '/vendor/bin/install-recovery.sh': No such file or directory
11-29 21:47:13.452   332   332 I SurfaceFlinger: Disabling blur effects, they are not supported.
11-29 21:47:13.452   332   332 I SurfaceFlinger: Treble testing override: 'false'
11-29 21:47:13.453   332   332 I SurfaceFlinger: SurfaceFlinger's main thread ready to run. Initializing graphics H/W...
11-29 21:47:13.453   332   332 D RenderEngine: RenderEngine GLES Backend
11-29 21:47:13.457   332   332 D libEGL  : loaded /vendor/lib/egl/libEGL_emulation.so
11-29 21:47:13.525     0     0 I init    : starting service 'media.swcodec'...
11-29 21:47:13.527     0     0 I init    : Command 'class_start main' action=nonencrypted (/system/etc/init/hw/init.rc:954) took 53ms and succeeded
11-29 21:47:13.528     0     0 I init    : Service 'exec 15 (/system/bin/bootstat --set_system_boot_reason)' (pid 388) exited with status 0 oneshot service took 0.074000 seconds in background
11-29 21:47:13.539     0     0 I init    : Sending signal 9 to service 'exec 15 (/system/bin/bootstat --set_system_boot_reason)' (pid 388) process group...
11-29 21:47:13.475   332   332 D libEGL  : loaded /vendor/lib/egl/libGLESv1_CM_emulation.so
11-29 21:47:13.546     0     0 D ieee80211 phy0: Selected rate control algorithm 'minstrel_ht'
11-29 21:47:13.550     0     0 I libprocessgroup: Successfully killed process cgroup uid 1000 pid 388 in 0ms
11-29 21:47:13.551     0     0 I init    : starting service 'gatekeeperd'...
11-29 21:47:13.552     0     0 D ieee80211 phy1: Selected rate control algorithm 'minstrel_ht'
11-29 21:47:13.553     0     0 I init    : starting service 'usbd'...
11-29 21:47:13.554     0     0 I init    : starting service 'vendor.face-hal-1-0-default'...
11-29 21:47:13.556     0     0 I init    : starting service 'vendor.fps_hal'...
11-29 21:47:13.558     0     0 I init    : processing action (nonencrypted) from (/system/etc/init/hw/init.rc:953)
11-29 21:47:13.559     0     0 I init    : processing action (llk.enable=1) from (/system/etc/init/llkd.rc:9)
11-29 21:47:13.560     0     0 I init    : processing action (khungtask.enable=1) from (/system/etc/init/llkd.rc:18)
11-29 21:47:13.562     0     0 I init    : processing action (llk.enable=0) from (/system/etc/init/llkd.rc:12)
11-29 21:47:13.563     0     0 I init    : processing action (khungtask.enable=0) from (/system/etc/init/llkd.rc:21)
11-29 21:47:13.476   332   332 D libEGL  : loaded /vendor/lib/egl/libGLESv2_emulation.so
11-29 21:47:13.489   332   332 D HostConnection: HostConnection::get() New Host Connection established 0xf5a40a90, tid 332
11-29 21:47:13.493   406   406 V MediaUtils: physMem: 2076880896
11-29 21:47:13.493   406   406 V MediaUtils: requested limit: 134217728
11-29 21:47:13.493   406   406 I libc    : malloc_limit: Allocation limit enabled, max size 134217728 bytes
11-29 21:47:13.493   406   406 D AudioPowerUsage: AudioPowerUsage
11-29 21:47:13.493   406   406 D AudioAnalytics: AudioAnalytics
11-29 21:47:13.493   406   406 D MediaMetricsService: MediaMetricsService
11-29 21:47:13.495   400   400 I installd: installd firing up
11-29 21:47:13.497   332   332 D HostConnection: HostComposition ext ANDROID_EMU_CHECKSUM_HELPER_v1 ANDROID_EMU_native_sync_v2 ANDROID_EMU_native_sync_v3 ANDROID_EMU_native_sync_v4 ANDROID_EMU_dma_v1 ANDROID_EMU_direct_mem ANDROID_EMU_host_composition_v1 ANDROID_EMU_host_composition_v2 ANDROID_EMU_vulkan ANDROID_EMU_deferred_vulkan_commands ANDROID_EMU_vulkan_null_optional_strings ANDROID_EMU_vulkan_create_resources_with_requirements ANDROID_EMU_YUV_Cache ANDROID_EMU_async_unmap_buffer ANDROID_EMU_vulkan_ignored_handles ANDROID_EMU_has_shared_slots_host_memory_allocator ANDROID_EMU_vulkan_free_memory_sync ANDROID_EMU_vulkan_shader_float16_int8 ANDROID_EMU_vulkan_async_queue_submit ANDROID_EMU_sync_buffer_data ANDROID_EMU_read_color_buffer_dma GL_OES_EGL_image_external_essl3 GL_OES_vertex_array_object GL_KHR_texture_compression_astc_ldr ANDROID_EMU_host_side_tracing ANDROID_EMU_async_frame_commands ANDROID_EMU_gles_max_version_3_0 
11-29 21:47:13.565     0     0 I init    : processing action (init.svc.media=*) from (/system/etc/init/mediaserver.rc:1)
11-29 21:47:13.501   332   332 I RenderEngine: EGL information:
11-29 21:47:13.501   332   332 I RenderEngine: vendor    : Android
11-29 21:47:13.501   332   332 I RenderEngine: version   : 1.4 Android META-EGL
11-29 21:47:13.501   332   332 I RenderEngine: extensions: EGL_KHR_get_all_proc_addresses EGL_ANDROID_presentation_time EGL_KHR_swap_buffers_with_damage EGL_ANDROID_get_native_client_buffer EGL_ANDROID_front_buffer_auto_refresh EGL_ANDROID_get_frame_timestamps EGL_EXT_surface_SMPTE2086_metadata EGL_EXT_surface_CTA861_3_metadata EGL_KHR_image EGL_KHR_image_base EGL_KHR_gl_texture_2D_image EGL_KHR_fence_sync EGL_KHR_create_context EGL_ANDROID_image_native_buffer EGL_KHR_wait_sync EGL_ANDROID_recordable 
11-29 21:47:13.501   332   332 I RenderEngine: Client API: OpenGL_ES
11-29 21:47:13.501   332   332 I RenderEngine: EGLSurface: 8-8-8-8, config=0x3
11-29 21:47:13.502   332   332 D EGL_emulation: eglCreateContext: 0xf5a413c0: maj 3 min 0 rcv 3
11-29 21:47:13.503   289   289 I ServiceManager: Waiting for service 'statscompanion' on '/dev/binder'...
11-29 21:47:13.505   385   427 I adbd    : Waiting for persist.adb.tls_server.enable=1
11-29 21:47:13.573     0     0 I init    : processing action (llk.enable=true) from (/system/etc/init/llkd.rc:34)
11-29 21:47:13.574     0     0 I init    : starting service 'llkd-1'...
11-29 21:47:13.575     0     0 I init    : Opened file '/dev/kmsg', flags 1
11-29 21:47:13.575     0     0 I init    : Opened file '/proc/sysrq-trigger', flags 1
11-29 21:47:13.578     0     0 I init    : processing action (khungtask.enable=true) from (/system/etc/init/llkd.rc:25)
11-29 21:47:13.580     0     0 I init    : processing action (khungtask.enable=false) from (/system/etc/init/llkd.rc:31)
11-29 21:47:13.582     0     0 I init    : starting service 'mdnsd'...
11-29 21:47:13.584     0     0 I init    : Created socket '/dev/socket/mdnsd', mode 660, user 1020, group 3003
11-29 21:47:13.588     0     0 I init    : Control message: Processed ctl.start for 'mdnsd' from pid: 385 (/apex/com.android.adbd/bin/adbd --root_seclabel=u:r:su:s0)
11-29 21:47:13.590     0     0 I init    : processing action (init.svc.mediadrm=running) from (/vendor/etc/init/android.hardware.drm@1.3-service.widevine.rc:1)
11-29 21:47:13.507   385   385 I adbd    : Setup mdns on port= 5555
11-29 21:47:13.508   385   385 I adbd    : adbd listening on tcp:5555
11-29 21:47:13.508   385   385 I adbd    : adbd listening on vsock:5555
11-29 21:47:13.540   423   423 D android.hardware.biometrics.fingerprint@2.1-service: Opening fingerprint hal library...
11-29 21:47:13.541   423   423 D FingerprintHal: ----------------> fingerprint_open ----------------->
11-29 21:47:13.541   423   423 D FingerprintHal: ----------------> set_notify_callback ----------------->
11-29 21:47:13.541   423   423 D FingerprintHal: fingerprint callback notification set
11-29 21:47:13.542   423   423 I HidlServiceManagement: Registered android.hardware.biometrics.fingerprint@2.1::IBiometricsFingerprint/default (start delay of 55ms)
11-29 21:47:13.542   423   423 I HidlServiceManagement: Removing namespace from process name android.hardware.biometrics.fingerprint@2.1-service to fingerprint@2.1-service.
11-29 21:47:13.542   423   436 D FingerprintHal: ----------------> listenerFunction ----------------->
11-29 21:47:13.542   422   422 I android.hardware.biometrics.face@1.0-service: BiometricsFace HAL is being started.
11-29 21:47:13.543   422   422 I HidlServiceManagement: Registered android.hardware.biometrics.face@1.0::IBiometricsFace/default (start delay of 57ms)
11-29 21:47:13.543   422   422 I HidlServiceManagement: Removing namespace from process name android.hardware.biometrics.face@1.0-service.example to face@1.0-service.example.
11-29 21:47:13.543   422   422 I android.hardware.biometrics.face@1.0-service: BiometricsFace HAL has started successfully.
11-29 21:47:13.545   418   418 I gatekeeperd: Starting gatekeeperd...
11-29 21:47:13.550   401   401 I iorapd  : iorapd (the prefetchening) firing up
11-29 21:47:13.552   326   326 I FastMixerState: sMaxFastTracks = 8
11-29 21:47:13.556   332   332 D EGL_emulation: eglMakeCurrent: 0xf5a413c0: ver 3 0 (tinfo 0xf5c00910) (first time)
11-29 21:47:13.558   385   437 I adbd    : host-14: read thread spawning
11-29 21:47:13.558   177   177 I hwservicemanager: getTransport: Cannot find entry android.hardware.usb.gadget@1.0::IUsbGadget/default in either framework or device manifest.
11-29 21:47:13.559   385   385 I adbd    : host-14: already offline
11-29 21:47:13.559   385   385 I adbd    : authentication not required
11-29 21:47:13.559   385   438 I adbd    : host-14: write thread spawning
11-29 21:47:13.559   332   332 I RenderEngine: OpenGL ES informations:
11-29 21:47:13.559   332   332 I RenderEngine: vendor    : Google (NVIDIA Corporation)
11-29 21:47:13.559   332   332 I RenderEngine: renderer  : Android Emulator OpenGL ES Translator (NVIDIA GeForce GTX 970/PCIe/SSE2)
11-29 21:47:13.559   332   332 I RenderEngine: version   : OpenGL ES 3.0 (4.5.0 NVIDIA 470.82.00)
11-29 21:47:13.559   332   332 I RenderEngine: extensions: GL_EXT_debug_marker GL_EXT_robustness GL_OES_EGL_sync GL_OES_EGL_image GL_OES_EGL_image_external GL_OES_depth24 GL_OES_depth32 GL_OES_element_index_uint GL_OES_texture_float GL_OES_texture_float_linear GL_OES_compressed_paletted_texture GL_OES_compressed_ETC1_RGB8_texture GL_OES_depth_texture GL_OES_texture_half_float GL_OES_texture_half_float_linear GL_OES_packed_depth_stencil GL_OES_vertex_half_float GL_OES_texture_npot GL_OES_rgb8_rgba8 GL_EXT_color_buffer_float GL_EXT_color_buffer_half_float GL_EXT_texture_format_BGRA8888 GL_APPLE_texture_format_BGRA8888 ANDROID_EMU_CHECKSUM_HELPER_v1 ANDROID_EMU_native_sync_v2 ANDROID_EMU_native_sync_v3 ANDROID_EMU_native_sync_v4 ANDROID_EMU_dma_v1 ANDROID_EMU_direct_mem ANDROID_EMU_host_composition_v1 ANDROID_EMU_host_composition_v2 ANDROID_EMU_vulkan ANDROID_EMU_deferred_vulkan_commands ANDROID_EMU_vulkan_null_optional_strings ANDROID_EMU_vulkan_create_resources_with_requirements ANDROID_EMU_YUV_Cache ANDROID_EMU_async_unmap_buffer ANDROID_EMU_vulkan_ignor
11-29 21:47:13.559   332   332 I RenderEngine: GL_MAX_TEXTURE_SIZE = 16384
11-29 21:47:13.559   332   332 I RenderEngine: GL_MAX_VIEWPORT_DIMS = 16384
11-29 21:47:13.561   177   177 I hwservicemanager: getTransport: Cannot find entry android.hardware.graphics.mapper@4.0::IMapper/default in either framework or device manifest.
11-29 21:47:13.561   308   308 I ComposerResources: failed to get mapper 4.0 service, falling back to mapper 3.0
11-29 21:47:13.561   308   308 D HostConnection: createUnique: call
11-29 21:47:13.562   308   308 D HostConnection: HostConnection::get() New Host Connection established 0xecec1270, tid 308
11-29 21:47:13.562   308   308 D goldfish-address-space: allocate: Ask for block of size 0x100
11-29 21:47:13.562   308   308 D goldfish-address-space: allocate: ioctl allocate returned offset 0x3fbffe000 size 0x2000
11-29 21:47:13.569   332   332 E HWComposer: loadLayerMetadataSupport: getLayerGenericMetadataKeys failed: UNSUPPORTED (8)
11-29 21:47:13.570   332   332 I HWComposer: Switching to generalized multi-display mode
11-29 21:47:13.570   332   332 E HWComposer: isConnected failed for display 8141603649153536: Invalid display
11-29 21:47:13.571   332   444 W SurfaceFlinger: Ignoring VSYNC request while display is disconnected
11-29 21:47:13.571   332   444 W SurfaceFlinger: Ignoring VSYNC request while display is disconnected
11-29 21:47:13.571   332   445 W SurfaceFlinger: Ignoring VSYNC request while display is disconnected
11-29 21:47:13.571   332   445 W SurfaceFlinger: Ignoring VSYNC request while display is disconnected
11-29 21:47:13.571   433   433 I livelock: started
11-29 21:47:13.571   332   332 E HWComposer: getDisplayConnectionType: getDisplayConnectionType failed for display 8141603649153536: Unsupported (8)
11-29 21:47:13.571   332   444 W SurfaceFlinger: Ignoring VSYNC request while display is disconnected
11-29 21:47:13.571   332   444 W SurfaceFlinger: Ignoring VSYNC request while display is disconnected
11-29 21:47:13.572   433   433 W livelock: [khungtaskd] not configurable
11-29 21:47:13.572   433   433 I livelock: ro.config.low_ram=false
11-29 21:47:13.572   433   433 I livelock: ro.llk.sysrq_t=true
11-29 21:47:13.572   433   433 I livelock: ro.llk.enable=true
11-29 21:47:13.572   433   433 I livelock: ro.khungtask.enable=true
11-29 21:47:13.572   433   433 I livelock: ro.llk.mlockall=true
11-29 21:47:13.572   433   433 I livelock: ro.llk.killtest=true
11-29 21:47:13.572   433   433 I livelock: ro.khungtask.timeout=720s
11-29 21:47:13.572   433   433 I livelock: ro.llk.timeout_ms=600.000s
11-29 21:47:13.572   433   433 I livelock: ro.llk.D.timeout_ms=600.000s
11-29 21:47:13.572   433   433 I livelock: ro.llk.Z.timeout_ms=600.000s
11-29 21:47:13.572   433   433 I livelock: ro.llk.stack.timeout_ms=600.000s
11-29 21:47:13.572   433   433 I livelock: ro.llk.check_ms=120.000s
11-29 21:47:13.572   433   433 I livelock: ro.llk.stack=wait_on_page_bit_killable,bit_wait_io,__get_user_pages,cma_alloc
11-29 21:47:13.572   433   433 I livelock: ro.llk.ignorelist.process.stack=apexd,ueventd,init,keystore,lmkd.llkd,llkd
11-29 21:47:13.572   433   433 I livelock: ro.llk.ignorelist.process=[watchdogd/0],[watchdog/1],watchdogd,[khungtaskd],lmkd,[watchdogd],[kthreadd],[watchdog/2],2,llkd,1,0,[watchdog/3],433,init
11-29 21:47:13.572   433   433 I livelock: ro.llk.ignorelist.parent=[kthreadd],2,0,adbd&[setsid]
11-29 21:47:13.572   433   433 I livelock: ro.llk.ignorelist.uid=
11-29 21:47:13.575   326   326 V MediaUtils: physMem: 2076880896
11-29 21:47:13.575   326   326 V MediaUtils: requested limit: 415376160
11-29 21:47:13.575   326   326 I libc    : malloc_limit: Allocation limit enabled, max size 415376160 bytes
11-29 21:47:13.576   401   401 I iorapd  : Opened existing database at '/data/misc/iorapd/sqlite.db'
11-29 21:47:13.577   332   332 I FramebufferSurface: framebuffer size has been limited to [1080x1920] from [1080x1920]
11-29 21:47:13.577   332   332 W HwcComposer: getPerFrameMetadataKeys failed with 8
11-29 21:47:13.578   421   421 I usbd    : Usb HAL not found
11-29 21:47:13.580   403   403 I keystore: found android.hardware.keymaster@4.0::IKeymasterDevice with interface name default and seclevel SOFTWARE
11-29 21:47:13.580   177   177 I hwservicemanager: getTransport: Cannot find entry android.hardware.keymaster@3.0::IKeymasterDevice/default in either framework or device manifest.
11-29 21:47:13.581   403   403 W keystore: No secure Keymaster implementation found, but device offers insecure Keymaster HAL. Using as default.
11-29 21:47:13.583   401   401 W iorapd  : Reconnect to package manager service: 1 times
11-29 21:47:13.584   401   401 I ServiceManager: Waiting for service 'package_native' on '/dev/binder'...
11-29 21:47:13.654     0     0 I         : ip (420) used greatest stack depth: 11520 bytes left
11-29 21:47:13.661     0     0 I init    : Service 'usbd' (pid 421) exited with status 0 oneshot service took 0.107000 seconds in background
11-29 21:47:13.662     0     0 I init    : Sending signal 9 to service 'usbd' (pid 421) process group...
11-29 21:47:13.664     0     0 I libprocessgroup: Successfully killed process cgroup uid 0 pid 421 in 0ms
11-29 21:47:13.604   289   289 I ServiceManager: Waiting for service 'statscompanion' on '/dev/binder'...
11-29 21:47:13.679     0     0 I         : ip (451) used greatest stack depth: 11000 bytes left
11-29 21:47:13.626   452   452 I audioserver: ServiceManager: 0xedac0590
11-29 21:47:13.627   452   452 W BatteryNotifier: batterystats service unavailable!
11-29 21:47:13.627   409   409 I wificond: wificond is starting up...
11-29 21:47:13.629   409   409 I HidlServiceManagement: Registered android.system.wifi.keystore@1.0::IKeystore/default (start delay of 192ms)
11-29 21:47:13.657   410   410 I android.hardware.media.omx@1.0-service: mediacodecservice starting
11-29 21:47:13.672   410   410 W android.hardware.media.omx@1.0-service: Could not read additional policy file '/vendor/etc/seccomp_policy/mediacodec.policy'
11-29 21:47:13.673   410   410 W android.hardware.media.omx@1.0-service: libminijail[410]: failed to get path of fd 4: No such file or directory
11-29 21:47:13.673   410   410 W android.hardware.media.omx@1.0-service: libminijail[410]: allowing syscall: socketcall
11-29 21:47:13.673   410   410 W android.hardware.media.omx@1.0-service: libminijail[410]: allowing syscall: writev
11-29 21:47:13.673   410   410 W android.hardware.media.omx@1.0-service: libminijail[410]: allowing syscall: fcntl64
11-29 21:47:13.673   410   410 W android.hardware.media.omx@1.0-service: libminijail[410]: allowing syscall: clock_gettime
11-29 21:47:13.673   410   410 W android.hardware.media.omx@1.0-service: libminijail[410]: compile_file: <fd>(34): nonexistent syscall 'newfstatat'
11-29 21:47:13.673   332   332 D RenderEngine: shader cache generated - 48 shaders in 93.847000 ms
11-29 21:47:13.674   332   332 I HidlServiceManagement: Registered android.frameworks.displayservice@1.0::IDisplayService/default (start delay of 578ms)
11-29 21:47:13.674   332   332 D SurfaceFlinger: Setting power mode 2 on display 8141603649153536
11-29 21:47:13.675   332   332 D SurfaceFlinger: Finished setting power mode 2 on display 8141603649153536
11-29 21:47:13.746     0     0 I init    : starting service 'bootanim'...
11-29 21:47:13.747     0     0 I init    : Control message: Processed ctl.start for 'bootanim' from pid: 332 (/system/bin/surfaceflinger)
11-29 21:47:13.683   410   410 W android.hardware.media.omx@1.0-service: libminijail[410]: logging seccomp filter failures
11-29 21:47:13.684   410   410 D GoldfishOMXPlugin: called createOMXPlugin for Goldfish
11-29 21:47:13.684   410   410 D GoldfishOMXPlugin: useAndroidGoldfishComponentInstance 73 found prop ro.kernel.qemu.hwcodec.vpxdec val 2
11-29 21:47:13.684   410   410 D GoldfishOMXPlugin: found and use kComponents[i].name OMX.android.goldfish.vp8.decoder
11-29 21:47:13.684   410   410 D GoldfishOMXPlugin: useAndroidGoldfishComponentInstance 73 found prop ro.kernel.qemu.hwcodec.vpxdec val 2
11-29 21:47:13.684   410   410 D GoldfishOMXPlugin: found and use kComponents[i].name OMX.android.goldfish.vp9.decoder
11-29 21:47:13.684   410   410 D GoldfishOMXPlugin: useAndroidGoldfishComponentInstance 73 found prop ro.kernel.qemu.hwcodec.avcdec val 2
11-29 21:47:13.684   410   410 D GoldfishOMXPlugin: found and use kComponents[i].name OMX.android.goldfish.h264.decoder
11-29 21:47:13.684   410   410 D GoldfishOMXPlugin: enumerate OMX.android.goldfish.vp8.decoder component
11-29 21:47:13.684   410   410 D GoldfishOMXPlugin: enumerate OMX.android.goldfish.vp9.decoder component
11-29 21:47:13.685   410   410 D GoldfishOMXPlugin: enumerate OMX.android.goldfish.h264.decoder component
11-29 21:47:13.685   401   401 I ServiceManager: Waiting for service 'package_native' on '/dev/binder'...
11-29 21:47:13.685   410   410 I SoftOMXPlugin: createOMXPlugin
11-29 21:47:13.686   410   410 D MediaCodecsXmlParser: parsing /vendor/etc/media_codecs.xml...
11-29 21:47:13.686   405   405 V MediaUtils: physMem: 2076880896
11-29 21:47:13.686   405   405 V MediaUtils: requested limit: 415376160
11-29 21:47:13.686   410   410 D MediaCodecsXmlParser: Ignoring unrecognized tag <MediaCodec> at line 85 of /vendor/etc/media_codecs.xml
11-29 21:47:13.686   410   410 D MediaCodecsXmlParser: Ignoring unrecognized tag <MediaCodec> at line 88 of /vendor/etc/media_codecs.xml
11-29 21:47:13.686   410   410 D MediaCodecsXmlParser: Ignoring unrecognized tag <MediaCodec> at line 91 of /vendor/etc/media_codecs.xml
11-29 21:47:13.686   405   405 I libc    : malloc_limit: Allocation limit enabled, max size 415376160 bytes
11-29 21:47:13.686   410   410 D MediaCodecsXmlParser: parsing /vendor/etc/media_codecs_google_audio.xml...
11-29 21:47:13.687   410   410 D MediaCodecsXmlParser: parsing /vendor/etc/media_codecs_google_telephony.xml...
11-29 21:47:13.687   410   410 D MediaCodecsXmlParser: parsing /vendor/etc/media_codecs_google_video.xml...
11-29 21:47:13.687   410   410 D MediaCodecsXmlParser: parsing /vendor/etc/media_codecs_performance.xml...
11-29 21:47:13.690   405   405 W mediaextractor: Could not read additional policy file '/vendor/etc/seccomp_policy/mediaextractor.policy'
11-29 21:47:13.690   410   410 D MediaCodecsXmlParser: Cannot find /data/misc/media/media_codecs_profiling_results.xml
11-29 21:47:13.691   410   410 I HidlServiceManagement: Registered android.hardware.media.omx@1.0::IOmx/default (start delay of 245ms)
11-29 21:47:13.691   410   410 I HidlServiceManagement: Removing namespace from process name android.hardware.media.omx@1.0-service to omx@1.0-service.
11-29 21:47:13.691   410   410 I android.hardware.media.omx@1.0-service: IOmx HAL service created.
11-29 21:47:13.691   410   410 D MediaCodecsXmlParser: parsing /vendor/etc/media_codecs.xml...
11-29 21:47:13.691   410   410 D MediaCodecsXmlParser: Ignoring unrecognized tag <MediaCodec> at line 85 of /vendor/etc/media_codecs.xml
11-29 21:47:13.691   410   410 D MediaCodecsXmlParser: Ignoring unrecognized tag <MediaCodec> at line 88 of /vendor/etc/media_codecs.xml
11-29 21:47:13.691   410   410 D MediaCodecsXmlParser: Ignoring unrecognized tag <MediaCodec> at line 91 of /vendor/etc/media_codecs.xml
11-29 21:47:13.691   410   410 D MediaCodecsXmlParser: parsing /vendor/etc/media_codecs_google_audio.xml...
11-29 21:47:13.692   410   410 D MediaCodecsXmlParser: parsing /vendor/etc/media_codecs_google_telephony.xml...
11-29 21:47:13.692   410   410 D MediaCodecsXmlParser: parsing /vendor/etc/media_codecs_google_video.xml...
11-29 21:47:13.692   410   410 D MediaCodecsXmlParser: parsing /vendor/etc/media_codecs_performance.xml...
11-29 21:47:13.692   410   410 D MediaCodecsXmlParser: Cannot find /data/misc/media/media_codecs_profiling_results.xml
11-29 21:47:13.694   410   410 I HidlServiceManagement: Registered android.hardware.media.omx@1.0::IOmxStore/default (start delay of 248ms)
11-29 21:47:13.694   410   410 I HidlServiceManagement: Removing namespace from process name android.hardware.media.omx@1.0-service to omx@1.0-service.
11-29 21:47:13.695   405   405 W mediaextractor: libminijail[405]: failed to get path of fd 4: No such file or directory
11-29 21:47:13.695   405   405 W mediaextractor: libminijail[405]: allowing syscall: socketcall
11-29 21:47:13.695   405   405 W mediaextractor: libminijail[405]: allowing syscall: writev
11-29 21:47:13.695   405   405 W mediaextractor: libminijail[405]: allowing syscall: fcntl64
11-29 21:47:13.763     0     0 D logd    : logdr: UID=2000 GID=2000 PID=458 b tail=0 logMask=99 pid=0 start=0ns timeout=0ns
11-29 21:47:13.695   405   405 W mediaextractor: libminijail[405]: allowing syscall: clock_gettime
11-29 21:47:13.700   405   405 W mediaextractor: libminijail[405]: logging seccomp filter failures
11-29 21:47:13.703   407   407 I mediaserver: ServiceManager: 0xed140c10
11-29 21:47:13.704   289   289 I ServiceManager: Waiting for service 'statscompanion' on '/dev/binder'...
11-29 21:47:13.707   291   291 D AndroidRuntime: >>>>>> START com.android.internal.os.ZygoteInit uid 0 <<<<<<
11-29 21:47:13.708   407   407 D mediaserver: Time zone APEX ICU file found: /apex/com.android.tzdata/etc/icu/icu_tzdata.dat
11-29 21:47:13.712   452   452 I AudioFlinger: Using default 3000 mSec as standby time.
11-29 21:47:13.712   406   425 I ServiceManager: Waiting for service 'package_native' on '/dev/binder'...
11-29 21:47:13.718   408   408 I ServiceManager: Waiting for service 'package_native' on '/dev/binder'...
11-29 21:47:13.720   452   452 E APM::Serializer: deserialize: Could not parse /odm/etc/audio_policy_configuration.xml document.
11-29 21:47:13.793     0     0 I         : ip (474) used greatest stack depth: 10872 bytes left
11-29 21:47:13.734   452   452 D APM_EngineLoader: Loaded engine from libaudiopolicyenginedefault.so
11-29 21:47:13.734   452   452 E APM::AudioPolicyEngine/Config: parse: Could not parse document /vendor/etc/audio_policy_engine_configuration.xml
11-29 21:47:13.734   452   452 E libxml2 : I/O warning : failed to load external entity "/vendor/etc/audio_policy_engine_configuration.xml"
11-29 21:47:13.734   452   452 W APM::AudioPolicyEngine/Base: loadAudioPolicyEngineConfig: No configuration found, using default matching phone experience.
11-29 21:47:13.734   452   452 E APM::AudioPolicyEngine/Config: parseLegacyVolumeFile: Could not parse document /odm/etc/audio_policy_configuration.xml
11-29 21:47:13.734   452   452 E libxml2 : I/O warning : failed to load external entity "/odm/etc/audio_policy_configuration.xml"
11-29 21:47:13.736   452   452 W APM::AudioPolicyEngine/Base: loadAudioPolicyEngineConfig: No configuration of AUDIO_STREAM_CALL_ASSISTANT found, using default volume configuration
11-29 21:47:13.739   393   393 I cameraserver: ServiceManager: 0xebb40c10
11-29 21:47:13.739   407   407 D mediaserver: I18n APEX ICU file found: /apex/com.android.i18n/etc/icu/icudt66l.dat
11-29 21:47:13.741   393   393 I CameraService: CameraService started (pid=393)
11-29 21:47:13.741   393   393 I CameraService: CameraService process starting
11-29 21:47:13.741   393   393 W BatteryNotifier: batterystats service unavailable!
11-29 21:47:13.804     0     0 I IPv6    : ADDRCONF(NETDEV_CHANGE): radio0: link becomes ready
11-29 21:47:13.805     0     0 I IPv6    : ADDRCONF(NETDEV_CHANGE): radio0-peer: link becomes ready
11-29 21:47:13.742   393   393 W BatteryNotifier: batterystats service unavailable!
11-29 21:47:13.745   393   393 I CameraProviderManager: Connecting to new camera provider: internal/0, isRemote? 1
11-29 21:47:13.749   393   393 I CameraProviderManager: Enumerating new camera device: device@3.5/internal/1
11-29 21:47:13.749   300   369 I EmulatedCameraDeviceHwlImpl: Create: Created EmulatedCameraDeviceHwlImpl for camera 1
11-29 21:47:13.749   300   369 I GCH_CameraDevice: Create: Created a camera device for public(1)
11-29 21:47:13.750   300   369 W GCH_HalVendorTags: ModifyCharacteristicsKeys: failed to get ANDROID_REQUEST_AVAILABLE_SESSION_KEYS
11-29 21:47:13.750   393   393 E CameraProviderManager: addDynamicDepthTags: Advertised depth exclusive tag but value is not present!
11-29 21:47:13.750   393   393 E CameraProviderManager: DeviceInfo3: Failed appending dynamic depth tags: Invalid argument (-22)
11-29 21:47:13.751   452   452 I AudioFlinger: loadHwModule() Loaded primary audio interface, handle 10
11-29 21:47:13.751   452   452 I AudioFlinger: openOutput() this 0xeae05fb0, module 10 Device type:0x2,@:, SamplingRate 44100, Format 0x000001, Channels 0x3, flags 0x2
11-29 21:47:13.753   300   369 W GCH_HalVendorTags: ModifyCharacteristicsKeys: failed to get ANDROID_REQUEST_AVAILABLE_SESSION_KEYS
11-29 21:47:13.814     0     0 D logd    : logdr: UID=2000 GID=2000 PID=475 b tail=0 logMask=99 pid=0 start=0ns timeout=0ns
11-29 21:47:13.754   300   369 I chatty  : uid=1000(system) HwBinder:300_1 identical 1 line
11-29 21:47:13.754   300   369 W GCH_HalVendorTags: ModifyCharacteristicsKeys: failed to get ANDROID_REQUEST_AVAILABLE_SESSION_KEYS
11-29 21:47:13.754   393   393 I CameraProviderManager: Camera provider internal/0 ready with 1 camera devices
11-29 21:47:13.755   393   484 I CameraProviderManager: Camera device device@3.5/internal/1 physical device 14 status is now NOT_PRESENT, was NOT_PRESENT
11-29 21:47:13.755   393   484 I CameraService: onDeviceStatusChanged: Status changed for cameraId=1, physicalCameraId=14, newStatus=0
11-29 21:47:13.756   393   484 E CameraService: onDeviceStatusChanged: Physical camera id 1 status change on a non-present ID 14
11-29 21:47:13.756   452   452 I AudioFlinger: HAL output buffer size 976 frames, normal sink buffer size 976 frames
11-29 21:47:13.758   407   407 W BatteryNotifier: batterystats service unavailable!
11-29 21:47:13.759   407   407 W BatteryNotifier: batterystats service unavailable!
11-29 21:47:13.762   393   393 I CameraProviderManager: Connecting to new camera provider: legacy/0, isRemote? 1
11-29 21:47:13.763   452   452 I BufferProvider: found effect "Multichannel Downmix To Stereo" from The Android Open Source Project
11-29 21:47:13.763   296   296 E android.hardware.audio.service.ranchu: device/generic/goldfish/audio/stream_out.cpp:setEventCallback:457 failure: Result::NOT_SUPPORTED
11-29 21:47:13.764   452   452 E AudioFlinger: Failed to add event callback
11-29 21:47:13.764   296   296 E android.hardware.audio.service.ranchu: device/generic/goldfish/audio/primary_device.cpp:getParameters:234 failure: Result::NOT_SUPPORTED
11-29 21:47:13.765   452   488 I AudioFlinger: AudioFlinger's thread 0xed397030 tid=488 ready to run
11-29 21:47:13.765   452   488 W AudioFlinger: no wake lock to update, system not ready yet
11-29 21:47:13.765   452   488 D AudioFlinger: ro.audio.silent is ignored since no output device is set
11-29 21:47:13.765   296   296 E android.hardware.audio.service.ranchu: device/generic/goldfish/audio/stream_out.cpp:getPresentationPosition:487 failure: Result::NOT_SUPPORTED
11-29 21:47:13.766   452   488 W AudioFlinger: no wake lock to update, system not ready yet
11-29 21:47:13.766   452   488 D AudioFlinger: ro.audio.silent is ignored since no output device is set
11-29 21:47:13.766   393   393 I CameraProviderManager: Enumerating new camera device: device@3.3/legacy/0
11-29 21:47:13.766   393   393 E CameraProviderManager: DeviceInfo3: Converted ICameraDevice instance to nullptr
11-29 21:47:13.766   393   393 I CameraProviderManager: Camera provider legacy/0 ready with 1 camera devices
11-29 21:47:13.766   393   482 W CameraProviderManager: addProviderLocked: Camera provider HAL with name 'internal/0' already registered
11-29 21:47:13.766   393   482 I CameraService: onDeviceStatusChanged: Status changed for cameraId=1, newStatus=1
11-29 21:47:13.766   393   482 I CameraService: onDeviceStatusChanged: Unknown camera ID 1, a new camera is added
11-29 21:47:13.767   393   482 I CameraService: onDeviceStatusChanged: Status changed for cameraId=0, newStatus=1
11-29 21:47:13.767   393   482 I CameraService: onDeviceStatusChanged: Unknown camera ID 0, a new camera is added
11-29 21:47:13.767   393   482 W CameraProviderManager: addProviderLocked: Camera provider HAL with name 'legacy/0' already registered
11-29 21:47:13.767   393   393 I cameraserver: Waiting for activity service
11-29 21:47:13.767   452   452 V APM_AudioPolicyManager: checkAndSetVolume cannot set volume group 4 volume with force use = 0 for comm
11-29 21:47:13.779   452   452 W AudioFlinger: moveEffects() bad srcOutput 0
11-29 21:47:13.779   452   452 V APM_AudioPolicyManager: selectOutputForMusicEffects selected output 13
11-29 21:47:13.779   452   452 V APM_AudioPolicyManager: setOutputDevices device {type:0x2,@:} delayMs 0
11-29 21:47:13.779   452   452 V APM_AudioPolicyManager: setOutputDevices() prevDevice {type:0x2,@:}
11-29 21:47:13.779   452   452 V APM_AudioPolicyManager: setOutputDevices changing device to {type:0x2,@:}
11-29 21:47:13.782   411   411 I HidlServiceManagement: Registered android.hardware.radio@1.1::IRadio/slot1 (start delay of 335ms)
11-29 21:47:13.785   401   401 I ServiceManager: Waiting for service 'package_native' on '/dev/binder'...
11-29 21:47:13.791   452   452 V APM_AudioPolicyManager: setOutputDevices() AF::createAudioPatch returned 0 patchHandle 12 num_sources 1 num_sinks 1
11-29 21:47:13.792   452   452 V APM_AudioPolicyManager: checkAndSetVolume cannot set volume group 4 volume with force use = 0 for comm
11-29 21:47:13.796   452   452 I AudioFlinger: openOutput() this 0xeae05fb0, module 10 Device type:0x10000,@:, SamplingRate 44100, Format 0x000001, Channels 0x3, flags 0
11-29 21:47:13.797   452   452 I AudioFlinger: HAL output buffer size 976 frames, normal sink buffer size 976 frames
11-29 21:47:13.798   296   296 E android.hardware.audio.service.ranchu: device/generic/goldfish/audio/stream_out.cpp:setEventCallback:457 failure: Result::NOT_SUPPORTED
11-29 21:47:13.798   452   452 E AudioFlinger: Failed to add event callback
11-29 21:47:13.798   296   296 E android.hardware.audio.service.ranchu: device/generic/goldfish/audio/primary_device.cpp:getParameters:234 failure: Result::NOT_SUPPORTED
11-29 21:47:13.799   452   494 I AudioFlinger: AudioFlinger's thread 0xecee0030 tid=494 ready to run
11-29 21:47:13.799   452   494 W AudioFlinger: no wake lock to update, system not ready yet
11-29 21:47:13.799   452   494 D AudioFlinger: ro.audio.silent is ignored since no output device is set
11-29 21:47:13.799   296   296 E android.hardware.audio.service.ranchu: device/generic/goldfish/audio/stream_out.cpp:getPresentationPosition:487 failure: Result::NOT_SUPPORTED
11-29 21:47:13.799   452   494 W AudioFlinger: no wake lock to update, system not ready yet
11-29 21:47:13.799   452   494 D AudioFlinger: ro.audio.silent is ignored since no output device is set
11-29 21:47:13.800   452   452 V APM_AudioPolicyManager: checkAndSetVolume cannot set volume group 4 volume with force use = 0 for comm
11-29 21:47:13.803   291   291 I AndroidRuntime: Using default boot image
11-29 21:47:13.803   291   291 I AndroidRuntime: Leaving lock profiling enabled
11-29 21:47:13.805   289   289 I ServiceManager: Waiting for service 'statscompanion' on '/dev/binder'...
11-29 21:47:13.807   452   452 V APM_AudioPolicyManager: selectOutputForMusicEffects selected output 13
11-29 21:47:13.807   452   452 V APM_AudioPolicyManager: setOutputDevices device {type:0x10000,@:} delayMs 0
11-29 21:47:13.807   452   452 V APM_AudioPolicyManager: setOutputDevices() prevDevice {type:0x10000,@:}
11-29 21:47:13.807   452   452 V APM_AudioPolicyManager: setOutputDevices changing device to {type:0x10000,@:}
11-29 21:47:13.813   406   425 I ServiceManager: Waiting for service 'package_native' on '/dev/binder'...
11-29 21:47:13.820   405   405 E MediaExtractorFactory: couldn't opendir(/system/lib/extractors)
11-29 21:47:13.820   405   405 E MediaExtractorFactory: couldn't opendir(/system_ext/lib/extractors)
11-29 21:47:13.820   452   452 V APM_AudioPolicyManager: setOutputDevices() AF::createAudioPatch returned 0 patchHandle 20 num_sources 1 num_sinks 1
11-29 21:47:13.821   452   452 V APM_AudioPolicyManager: checkAndSetVolume cannot set volume group 4 volume with force use = 0 for comm
11-29 21:47:13.821   408   408 I ServiceManager: Waiting for service 'package_native' on '/dev/binder'...
11-29 21:47:13.825   452   499 I AudioFlinger: AudioFlinger's thread 0xecb67030 tid=499 ready to run
11-29 21:47:13.825   452   499 W AudioFlinger: no wake lock to update, system not ready yet
11-29 21:47:13.829   452   503 I AudioFlinger: AudioFlinger's thread 0xecb67030 tid=503 ready to run
11-29 21:47:13.830   452   503 W AudioFlinger: no wake lock to update, system not ready yet
11-29 21:47:13.839   462   462 D BootAnimation: BootAnimationStartTiming start time: 13242ms
11-29 21:47:13.839   462   462 D BootAnimation: BootAnimationPreloadTiming start time: 13242ms
11-29 21:47:13.840   415   415 I mediaswcodec: media swcodec service starting
11-29 21:47:13.841   415   415 W mediaswcodec: Could not read additional policy file '/vendor/etc/seccomp_policy/mediaswcodec.policy'
11-29 21:47:13.841   415   415 W mediaswcodec: libminijail[415]: failed to get path of fd 4: No such file or directory
11-29 21:47:13.841   415   415 W mediaswcodec: libminijail[415]: allowing syscall: socketcall
11-29 21:47:13.841   415   415 W mediaswcodec: libminijail[415]: allowing syscall: writev
11-29 21:47:13.841   415   415 W mediaswcodec: libminijail[415]: allowing syscall: fcntl64
11-29 21:47:13.841   415   415 W mediaswcodec: libminijail[415]: allowing syscall: clock_gettime
11-29 21:47:13.842   415   415 W mediaswcodec: libminijail[415]: compile_file: <fd>(34): nonexistent syscall 'newfstatat'
11-29 21:47:13.842   415   415 W mediaswcodec: libminijail[415]: logging seccomp filter failures
11-29 21:47:13.843   415   415 I CodecServiceRegistrant: Creating software Codec2 service...
11-29 21:47:13.910     0     0 I init    : starting service 'netmgr'...
11-29 21:47:13.846   291   291 I zygote  : option[0]=-Xzygote
11-29 21:47:13.846   291   291 I zygote  : option[1]=exit
11-29 21:47:13.846   291   291 I zygote  : option[2]=vfprintf
11-29 21:47:13.846   291   291 I zygote  : option[3]=sensitiveThread
11-29 21:47:13.846   291   291 I zygote  : option[4]=-verbose:gc
11-29 21:47:13.846   291   291 I zygote  : option[5]=-XX:PerfettoHprof=true
11-29 21:47:13.846   291   291 I zygote  : option[6]=-Xprimaryzygote
11-29 21:47:13.846   291   291 I zygote  : option[7]=-Xms8m
11-29 21:47:13.846   291   291 I zygote  : option[8]=-Xmx512m
11-29 21:47:13.846   291   291 I zygote  : option[9]=-XX:HeapGrowthLimit=192m
11-29 21:47:13.846   291   291 I zygote  : option[10]=-XX:HeapMinFree=512k
11-29 21:47:13.846   291   291 I zygote  : option[11]=-XX:HeapMaxFree=8m
11-29 21:47:13.846   291   291 I zygote  : option[12]=-XX:HeapTargetUtilization=0.75
11-29 21:47:13.846   291   291 I zygote  : option[13]=-Xusejit:true
11-29 21:47:13.846   291   291 I zygote  : option[14]=-Xjitsaveprofilinginfo
11-29 21:47:13.846   291   291 I zygote  : option[15]=-XjdwpOptions:suspend=n,server=y
11-29 21:47:13.847   291   291 I zygote  : option[16]=-XjdwpProvider:default
11-29 21:47:13.847   291   291 I zygote  : option[17]=-Xopaque-jni-ids:swapable
11-29 21:47:13.847   291   291 I zygote  : option[18]=-Xlockprofthreshold:500
11-29 21:47:13.847   291   291 I zygote  : option[19]=-Xcompiler-option
11-29 21:47:13.847   291   291 I zygote  : option[20]=--instruction-set-variant=x86
11-29 21:47:13.847   291   291 I zygote  : option[21]=-Xcompiler-option
11-29 21:47:13.847   291   291 I zygote  : option[22]=--instruction-set-features=default
11-29 21:47:13.847   291   291 I zygote  : option[23]=-Xcompiler-option
11-29 21:47:13.847   291   291 I zygote  : option[24]=--generate-mini-debug-info
11-29 21:47:13.847   291   291 I zygote  : option[25]=-Ximage-compiler-option
11-29 21:47:13.847   291   291 I zygote  : option[26]=--runtime-arg
11-29 21:47:13.847   291   291 I zygote  : option[27]=-Ximage-compiler-option
11-29 21:47:13.847   291   291 I zygote  : option[28]=-Xms64m
11-29 21:47:13.912     0     0 I init    : Control message: Processed ctl.start for 'netmgr' from pid: 505 (setprop ctl.start netmgr)
11-29 21:47:13.847   291   291 I zygote  : option[29]=-Ximage-compiler-option
11-29 21:47:13.847   291   291 I zygote  : option[30]=--runtime-arg
11-29 21:47:13.847   291   291 I zygote  : option[31]=-Ximage-compiler-option
11-29 21:47:13.847   291   291 I zygote  : option[32]=-Xmx64m
11-29 21:47:13.847   291   291 I zygote  : option[33]=-Ximage-compiler-option
11-29 21:47:13.847   291   291 I zygote  : option[34]=--dirty-image-objects=/system/etc/dirty-image-objects
11-29 21:47:13.847   291   291 I zygote  : option[35]=-Ximage-compiler-option
11-29 21:47:13.847   291   291 I zygote  : option[36]=--instruction-set-variant=x86
11-29 21:47:13.847   291   291 I zygote  : option[37]=-Ximage-compiler-option
11-29 21:47:13.847   291   291 I zygote  : option[38]=--instruction-set-features=default
11-29 21:47:13.847   291   291 I zygote  : option[39]=-Ximage-compiler-option
11-29 21:47:13.847   291   291 I zygote  : option[40]=--generate-mini-debug-info
11-29 21:47:13.847   291   291 I zygote  : option[41]=-Duser.locale=en-US
11-29 21:47:13.847   291   291 I zygote  : option[42]=-XX:NativeBridge=libndk_translation.so
11-29 21:47:13.847   291   291 I zygote  : option[43]=--cpu-abilist=x86,armeabi-v7a,armeabi
11-29 21:47:13.847   291   291 I zygote  : option[44]=-Xcore-platform-api-policy:just-warn
11-29 21:47:13.847   291   291 I zygote  : option[45]=-Xfingerprint:Android/sdk_phone_x86/generic_x86:11/RSR1.210210.001.A1/7193139:userdebug/dev-keys
11-29 21:47:13.860   415   415 D C2Store : Default ION heapmask = -1
11-29 21:47:13.860   415   415 D C2Store : Default ION flags = 0
11-29 21:47:13.860   415   415 D C2Store : Default ION align = 0
11-29 21:47:13.929     0     0 I init    : starting service 'wifi_forwarder'...
11-29 21:47:13.929     0     0 I br0     : port 1(eth0) entered blocking state
11-29 21:47:13.930     0     0 I br0     : port 1(eth0) entered disabled state
11-29 21:47:13.865   415   415 I HidlServiceManagement: Registered android.hardware.media.c2@1.1::IComponentStore/software (start delay of 409ms)
11-29 21:47:13.865   177   177 I hwservicemanager: getTransport: Cannot find entry android.hardware.media.c2@1.0::IComponentStore/default in either framework or device manifest.
11-29 21:47:13.865   415   415 I CodecServiceRegistrant: Preferred Codec2 store is defaulted to "software".
11-29 21:47:13.865   415   415 I CodecServiceRegistrant: Software Codec2 service created and registered.
11-29 21:47:13.931     0     0 I         : device eth0 entered promiscuous mode
11-29 21:47:13.931     0     0 I init    : Control message: Processed ctl.start for 'wifi_forwarder' from pid: 509 (setprop ctl.start wifi_forwarder)
11-29 21:47:13.932     0     0 I br0     : port 1(eth0) entered blocking state
11-29 21:47:13.934     0     0 I br0     : port 1(eth0) entered forwarding state
11-29 21:47:13.934     0     0 I br0     : port 2(radio0-peer) entered blocking state
11-29 21:47:13.935     0     0 I br0     : port 2(radio0-peer) entered disabled state
11-29 21:47:13.935     0     0 I         : device radio0-peer entered promiscuous mode
11-29 21:47:13.936     0     0 I br0     : port 2(radio0-peer) entered blocking state
11-29 21:47:13.936     0     0 I br0     : port 2(radio0-peer) entered forwarding state
11-29 21:47:13.873   508   508 E netmgr  : qemu_pipe_open_ns:62: Could not connect to the 'pipe:qemud:network' service: Invalid argument
11-29 21:47:13.873   508   508 E netmgr  : Failed to open QEMU pipe 'qemud:network': Invalid argument
11-29 21:47:13.937     0     0 I init    : processing action (vendor.network.bridged=1) from (/vendor/etc/init/hw/init.ranchu.rc:150)
11-29 21:47:13.940     0     0 I init    : starting service 'dhcpclient_rtr'...
11-29 21:47:13.943     0     0 I init    : starting service 'emu_hostapd'...
11-29 21:47:13.945     0     0 I init    : Control message: Processed ctl.start for 'emu_hostapd' from pid: 513 (setprop ctl.start emu_hostapd)
11-29 21:47:13.885   401   401 I ServiceManager: Waiting for service 'package_native' on '/dev/binder'...
11-29 21:47:13.889   511   511 E wifi_forwarder: qemu_pipe_open_ns:62: Could not connect to the 'pipe:qemud:wififorward' service: Invalid argument
11-29 21:47:13.889   511   511 E wifi_forwarder: RemoteConnection failed to initialize: RemoteConnection failed to open pipe
11-29 21:47:13.905   289   289 I ServiceManager: Waiting for service 'statscompanion' on '/dev/binder'...
11-29 21:47:13.967     0     0 I init    : Service 'ranchu-net' (pid 386) exited with status 0 oneshot service took 0.527000 seconds in background
11-29 21:47:13.969     0     0 I init    : Sending signal 9 to service 'ranchu-net' (pid 386) process group...
11-29 21:47:13.970     0     0 I libprocessgroup: Successfully killed process cgroup uid 0 pid 386 in 0ms
11-29 21:47:13.913   406   425 I ServiceManager: Waiting for service 'package_native' on '/dev/binder'...
11-29 21:47:13.921   408   408 I ServiceManager: Waiting for service 'package_native' on '/dev/binder'...
11-29 21:47:13.986   401   401 I ServiceManager: Waiting for service 'package_native' on '/dev/binder'...
11-29 21:47:13.998   291   291 I zygote  : Core platform API reporting enabled, enforcing=false
11-29 21:47:14.005   289   289 I ServiceManager: Waiting for service 'statscompanion' on '/dev/binder'...
11-29 21:47:14.070     0     0 I capability: warning: `hostapd_nohidl' uses 32-bit capabilities (legacy support in use)
11-29 21:47:14.013   406   425 I ServiceManager: Waiting for service 'package_native' on '/dev/binder'...
11-29 21:47:14.021   408   408 I ServiceManager: Waiting for service 'package_native' on '/dev/binder'...
11-29 21:47:14.027   452   503 W AudioFlinger: no wake lock to update, system not ready yet
11-29 21:47:14.028   452   518 I AudioFlinger: AudioFlinger's thread 0xecb67030 tid=518 ready to run
11-29 21:47:14.029   452   518 W AudioFlinger: no wake lock to update, system not ready yet
11-29 21:47:14.030   452   518 W AudioFlinger: no wake lock to update, system not ready yet
11-29 21:47:14.032   296   502 I r_submix: adev_open(name=audio_hw_if)
11-29 21:47:14.032   296   498 I r_submix: adev_init_check()
11-29 21:47:14.032   452   452 I AudioFlinger: loadHwModule() Loaded r_submix audio interface, handle 18
11-29 21:47:14.032   296   498 D r_submix: adev_open_input_stream(addr=0)
11-29 21:47:14.032   296   498 D r_submix: submix_audio_device_create_pipe_l(addr=0, idx=9)
11-29 21:47:14.032   296   498 D r_submix:   now using address 0 for route 9
11-29 21:47:14.034   452   520 I AudioFlinger: AudioFlinger's thread 0xecb67030 tid=520 ready to run
11-29 21:47:14.034   296   498 I r_submix: in_standby()
11-29 21:47:14.034   452   520 W AudioFlinger: no wake lock to update, system not ready yet
11-29 21:47:14.034   296   498 I r_submix: in_standby()
11-29 21:47:14.035   452   520 W AudioFlinger: no wake lock to update, system not ready yet
11-29 21:47:14.035   296   498 D r_submix: adev_close_input_stream()
11-29 21:47:14.035   296   498 D r_submix: submix_audio_device_release_pipe_l(idx=9) addr=0
11-29 21:47:14.035   296   498 D r_submix: submix_audio_device_destroy_pipe_l(): pipe destroyed
11-29 21:47:14.035   452   452 W APM::AudioPolicyEngine: getDevicesForStrategy() unknown strategy: -1
11-29 21:47:14.035   452   452 W APM::AudioPolicyEngine: getDevicesForStrategy() unknown strategy: -1
11-29 21:47:14.036   452   452 I audioserver: Waiting for activity service
11-29 21:47:14.049   515   515 I hostapd : rfkill: Cannot get wiphy information
11-29 21:47:14.050   515   515 I hostapd : wlan1: interface state UNINITIALIZED->COUNTRY_UPDATE
11-29 21:47:14.115     0     0 I br0     : port 3(wlan1) entered blocking state
11-29 21:47:14.116     0     0 I br0     : port 3(wlan1) entered disabled state
11-29 21:47:14.117     0     0 I         : device wlan1 entered promiscuous mode
11-29 21:47:14.118     0     0 I br0     : port 3(wlan1) entered blocking state
11-29 21:47:14.119     0     0 I br0     : port 3(wlan1) entered forwarding state
11-29 21:47:14.086   401   401 I ServiceManager: Waiting for service 'package_native' on '/dev/binder'...
11-29 21:47:14.106   289   289 I ServiceManager: Waiting for service 'statscompanion' on '/dev/binder'...
11-29 21:47:14.114   406   425 I ServiceManager: Waiting for service 'package_native' on '/dev/binder'...
11-29 21:47:14.122   408   408 I ServiceManager: Waiting for service 'package_native' on '/dev/binder'...
11-29 21:47:14.186   401   401 I ServiceManager: Waiting for service 'package_native' on '/dev/binder'...
11-29 21:47:14.206   289   289 I ServiceManager: Waiting for service 'statscompanion' on '/dev/binder'...
11-29 21:47:14.214   406   425 I ServiceManager: Waiting for service 'package_native' on '/dev/binder'...
11-29 21:47:14.222   408   408 I ServiceManager: Waiting for service 'package_native' on '/dev/binder'...
11-29 21:47:14.227   462   462 D BootAnimation: BootAnimationPreloadStopTiming start time: 13631ms
11-29 21:47:14.230   177   177 I hwservicemanager: getTransport: Cannot find entry android.hardware.graphics.mapper@4.0::IMapper/default in either framework or device manifest.
11-29 21:47:14.230   332   404 I Gralloc4: mapper 4.x is not supported
11-29 21:47:14.232   332   404 D HostConnection: createUnique: call
