11-29 21:47:18.103   538   538 D SystemServerTiming: StartStorageStatsService took to complete: 3ms
11-29 21:47:18.103   538   538 I SystemServerTiming: StartUiModeManager
11-29 21:47:18.103   538   538 I SystemServiceManager: Starting com.android.server.UiModeManagerService
11-29 21:47:18.103   538   604 I SystemServerTimingAsync: InitThreadPoolExec:UiModeManager.onStart
11-29 21:47:18.103   538   604 D SystemServerInitThreadPool: Started executing UiModeManager.onStart
11-29 21:47:18.104   538   538 D SystemServerTiming: StartUiModeManager took to complete: 0ms
11-29 21:47:18.104   538   538 I SystemServerTiming: UpdatePackagesIfNeeded
11-29 21:47:18.104   538   538 I Watchdog: Pausing HandlerChecker: main thread for reason: dexopt. Pause count: 1
11-29 21:47:18.104   538   538 I Watchdog: Resuming HandlerChecker: main thread for reason: dexopt. Pause count: 0
11-29 21:47:18.104   538   538 D SystemServerTiming: UpdatePackagesIfNeeded took to complete: 1ms
11-29 21:47:18.104   538   538 I SystemServerTiming: PerformFstrimIfNeeded
11-29 21:47:18.104   538   538 D SystemServerTiming: PerformFstrimIfNeeded took to complete: 0ms
11-29 21:47:18.104   538   538 I SystemServerTiming: StartLockSettingsService
11-29 21:47:18.104   538   538 I SystemServiceManager: Starting com.android.server.locksettings.LockSettingsService$Lifecycle
11-29 21:47:18.106   538   604 D SystemServerInitThreadPool: Finished executing UiModeManager.onStart
11-29 21:47:18.106   538   604 D SystemServerTimingAsync: InitThreadPoolExec:UiModeManager.onStart took to complete: 3ms
11-29 21:47:18.118   538   538 D SystemServerTiming: StartLockSettingsService took to complete: 13ms
11-29 21:47:18.118   538   538 I SystemServerTiming: StartTestHarnessMode
11-29 21:47:18.118   538   538 I SystemServiceManager: Starting com.android.server.testharness.TestHarnessModeService
11-29 21:47:18.118   538   538 D SystemServerTiming: StartTestHarnessMode took to complete: 1ms
11-29 21:47:18.119   177   177 I hwservicemanager: getTransport: Cannot find entry android.hardware.oemlock@1.0::IOemLock/default in either framework or device manifest.
11-29 21:47:18.119   538   538 I OemLock : OemLock HAL not present on device
11-29 21:47:18.119   538   538 I SystemServerTiming: StartDeviceIdleController
11-29 21:47:18.120   538   538 I SystemServiceManager: Starting com.android.server.DeviceIdleController
11-29 21:47:18.121   538   538 D SystemServerTiming: StartDeviceIdleController took to complete: 2ms
11-29 21:47:18.121   538   538 I SystemServerTiming: StartDevicePolicyManager
11-29 21:47:18.121   538   538 I SystemServiceManager: Starting com.android.server.devicepolicy.DevicePolicyManagerService$Lifecycle
11-29 21:47:18.146   538   538 I DevicePolicyManager: Set ro.organization_owned property to false
11-29 21:47:18.147   538   538 D SystemServerTiming: StartDevicePolicyManager took to complete: 26ms
11-29 21:47:18.147   538   538 I SystemServerTiming: StartStatusBarManagerService
11-29 21:47:18.148   538   538 D SystemServerTiming: StartStatusBarManagerService took to complete: 0ms
11-29 21:47:18.148   538   538 D SystemServer: ContentCaptureService disabled because resource is not overlaid
11-29 21:47:18.148   538   538 D SystemServer: AttentionService is not configured on this device
11-29 21:47:18.148   538   538 D SystemServer: SystemCaptionsManagerService disabled because resource is not overlaid
11-29 21:47:18.148   538   538 D SystemServer: AppPredictionService not defined by OEM
11-29 21:47:18.148   538   538 D SystemServer: ContentSuggestionsService not defined by OEM
11-29 21:47:18.148   538   538 I SystemServerTiming: InitConnectivityModuleConnector
11-29 21:47:18.148   538   538 D ConnectivityModuleConnector: Network stack init
11-29 21:47:18.150   538   538 D SystemServerTiming: InitConnectivityModuleConnector took to complete: 2ms
11-29 21:47:18.150   538   538 I SystemServerTiming: InitNetworkStackClient
11-29 21:47:18.152   538   538 D SystemServerTiming: InitNetworkStackClient took to complete: 2ms
11-29 21:47:18.152   538   538 I SystemServerTiming: StartNetworkManagementService
11-29 21:47:18.162   538   538 D SystemServerTiming: StartNetworkManagementService took to complete: 9ms
11-29 21:47:18.162   538   538 I SystemServerTiming: StartIpSecService
11-29 21:47:18.162   538   538 D SystemServerTiming: StartIpSecService took to complete: 0ms
11-29 21:47:18.163   538   538 I SystemServerTiming: StartTextServicesManager
11-29 21:47:18.163   538   538 I SystemServiceManager: Starting com.android.server.textservices.TextServicesManagerService$Lifecycle
11-29 21:47:18.163   538   538 D SystemServerTiming: StartTextServicesManager took to complete: 1ms
11-29 21:47:18.163   538   538 I SystemServerTiming: StartTextClassificationManagerService
11-29 21:47:18.163   538   538 I SystemServiceManager: Starting com.android.server.textclassifier.TextClassificationManagerService$Lifecycle
11-29 21:47:18.164   538   538 D SystemServerTiming: StartTextClassificationManagerService took to complete: 1ms
11-29 21:47:18.164   538   538 I SystemServerTiming: StartNetworkScoreService
11-29 21:47:18.164   538   538 I SystemServiceManager: Starting com.android.server.NetworkScoreService$Lifecycle
11-29 21:47:18.165   538   538 I NetworkScoreService: Registering network_score
11-29 21:47:18.165   538   538 D SystemServerTiming: StartNetworkScoreService took to complete: 1ms
11-29 21:47:18.165   538   538 I SystemServerTiming: StartNetworkStatsService
11-29 21:47:18.166   538   538 D SystemServerTiming: StartNetworkStatsService took to complete: 1ms
11-29 21:47:18.166   538   538 I SystemServerTiming: StartNetworkPolicyManagerService
11-29 21:47:18.169   538   538 D SystemServerTiming: StartNetworkPolicyManagerService took to complete: 3ms
11-29 21:47:18.169   538   538 I SystemServerTiming: StartWifi
11-29 21:47:18.182   538   538 I SystemServiceManager: Starting com.android.server.wifi.WifiService
11-29 21:47:18.191   538   538 V NetworkScoreManager: registerNetworkScoreCallback: callback=com.android.server.wifi.WifiNetworkScoreCache@be14b31, executor=com.android.wifi.x.android.os.HandlerExecutor@cbc2216
11-29 21:47:18.243   538   538 D WifiCountryCode: mDefaultCountryCode null
11-29 21:47:18.245   538   538 I WifiContext: Found Wifi Resources APK at: com.android.wifi.resources
11-29 21:47:18.275   538   538 D WifiOpenNetworkNotifier: Settings toggle enabled=true
11-29 21:47:18.282   538   538 W HalDevMgr: isWifiStarted called but mWifi is null!?
11-29 21:47:18.282   538   538 W HalDevMgr: isWifiStarted called but mWifi is null!?
11-29 21:47:18.283   538   538 D WakeupController: WifiWake enabled
11-29 21:47:18.283   538   538 E HistoricalRegistry: Interaction before persistence initialized
11-29 21:47:18.284   538   538 E WifiClientModeImpl: getWifiLinkLayerStats called without an interface
11-29 21:47:18.291   538   538 I WifiService: Registering wifi
11-29 21:47:18.291   538   538 D SystemServerTiming: StartWifi took to complete: 121ms
11-29 21:47:18.291   538   538 I SystemServerTiming: StartWifiScanning
11-29 21:47:18.291   538   538 I SystemServiceManager: Starting com.android.server.wifi.scanner.WifiScanningService
11-29 21:47:18.291   538   538 I WifiScanningService: Creating wifiscanner
11-29 21:47:18.293   538   538 I WifiScanningService: Publishing wifiscanner
11-29 21:47:18.293   538   538 D SystemServerTiming: StartWifiScanning took to complete: 2ms
11-29 21:47:18.293   538   538 I SystemServerTiming: StartWifiP2P
11-29 21:47:18.293   538   538 I SystemServiceManager: Starting com.android.server.wifi.p2p.WifiP2pService
11-29 21:47:18.300   538   538 W HalDevMgr: isWifiStarted called but mWifi is null!?
11-29 21:47:18.300   538   538 I WifiP2pService: Registering wifip2p
11-29 21:47:18.300   538   538 D SystemServerTiming: StartWifiP2P took to complete: 7ms
11-29 21:47:18.301   538   538 I SystemServerTiming: StartConnectivityService
11-29 21:47:18.311   538   538 D ConnectivityService: ConnectivityService starting up
11-29 21:47:18.312   538   538 D ConnectivityService: wifiOnly=false
11-29 21:47:18.314   538   538 D CompatibilityChangeReporter: Compat change id reported: 147600208; UID 1000; state: ENABLED
11-29 21:47:18.318   538   538 D SystemServerTiming: StartConnectivityService took to complete: 17ms
11-29 21:47:18.318   538   538 I SystemServerTiming: StartNsdService
11-29 21:47:18.318   538   538 D NsdService: Network service discovery is enabled
11-29 21:47:18.319   538   538 D SystemServerTiming: StartNsdService took to complete: 2ms
11-29 21:47:18.319   538   538 I SystemServerTiming: StartSystemUpdateManagerService
11-29 21:47:18.319   538   538 I SystemUpdateManagerService: No existing info file /data/system/system-update-info.xml
11-29 21:47:18.320   538   538 D SystemServerTiming: StartSystemUpdateManagerService took to complete: 0ms
11-29 21:47:18.320   538   538 I SystemServerTiming: StartUpdateLockService
11-29 21:47:18.320   538   538 D SystemServerTiming: StartUpdateLockService took to complete: 1ms
11-29 21:47:18.320   538   538 I SystemServerTiming: StartNotificationManager
11-29 21:47:18.320   538   538 I SystemServiceManager: Starting com.android.server.notification.NotificationManagerService
11-29 21:47:18.338   538   538 D ConditionProviders.SCP: new ScheduleConditionProvider()
11-29 21:47:18.343   538   538 I NotificationAssistants: Read notification assistant permissions from xml
11-29 21:47:18.343   538   538 I ConditionProviders: Read condition provider permissions from xml
11-29 21:47:18.344   538   538 I ConditionProviders: Read condition provider permissions from xml
11-29 21:47:18.344   538   538 D NotificationAssistants: Approving default notification assistant for user 0
11-29 21:47:18.344   538   538 I ConditionProviders:  Allowing condition provider android.ext.services/android.ext.services.notification.Assistant
11-29 21:47:18.348   538   538 D SystemServerTiming: StartNotificationManager took to complete: 28ms
11-29 21:47:18.348   538   538 I SystemServerTiming: StartDeviceMonitor
11-29 21:47:18.348   538   538 I SystemServiceManager: Starting com.android.server.storage.DeviceStorageMonitorService
11-29 21:47:18.349   538   538 D SystemServerTiming: StartDeviceMonitor took to complete: 1ms
11-29 21:47:18.349   538   538 I SystemServerTiming: StartLocationManagerService
11-29 21:47:18.349   538   538 I SystemServiceManager: Starting com.android.server.location.LocationManagerService$Lifecycle
11-29 21:47:18.352   538   538 D SystemServerTiming: StartLocationManagerService took to complete: 3ms
11-29 21:47:18.352   538   538 I SystemServerTiming: StartCountryDetectorService
11-29 21:47:18.353   538   538 D SystemServerTiming: StartCountryDetectorService took to complete: 0ms
11-29 21:47:18.353   538   538 I SystemServerTiming: StartTimeDetectorService
11-29 21:47:18.353   538   538 I SystemServiceManager: Starting com.android.server.timedetector.TimeDetectorService$Lifecycle
11-29 21:47:18.353   538   538 D SystemServerTiming: StartTimeDetectorService took to complete: 1ms
11-29 21:47:18.353   538   538 I SystemServerTiming: StartTimeZoneDetectorService
11-29 21:47:18.353   538   538 I SystemServiceManager: Starting com.android.server.timezonedetector.TimeZoneDetectorService$Lifecycle
11-29 21:47:18.354   538   538 D SystemServerTiming: StartTimeZoneDetectorService took to complete: 1ms
11-29 21:47:18.354   538   538 I SystemServerTiming: StartSearchManagerService
11-29 21:47:18.354   538   538 I SystemServiceManager: Starting com.android.server.search.SearchManagerService$Lifecycle
11-29 21:47:18.355   538   538 D SystemServerTiming: StartSearchManagerService took to complete: 0ms
11-29 21:47:18.355   538   538 I SystemServerTiming: StartWallpaperManagerService
11-29 21:47:18.355   538   538 I SystemServiceManager: Starting com.android.server.wallpaper.WallpaperManagerService$Lifecycle
11-29 21:47:18.356   538   538 D SystemServerTiming: StartWallpaperManagerService took to complete: 0ms
11-29 21:47:18.356   538   538 I SystemServerTiming: StartAudioService
11-29 21:47:18.356   538   538 I SystemServiceManager: Starting com.android.server.audio.AudioService$Lifecycle
11-29 21:47:18.367   324   324 I android.hardware.vibrator-service.example: Vibrator reporting capabilities
11-29 21:47:18.373   538   538 I android_os_HwBinder: HwBinder: Starting thread pool for getting: android.hidl.manager@1.0::IServiceManager/default
11-29 21:47:18.376   452   488 W AudioFlinger: no wake lock to update, system not ready yet
11-29 21:47:18.376   452   494 W AudioFlinger: no wake lock to update, system not ready yet
11-29 21:47:18.378   538   538 W TelecomManager: Telecom Service not found.
11-29 21:47:18.378   452   452 D PermissionCache: checking android.permission.MODIFY_AUDIO_ROUTING for uid=1000 => granted (310 us)
11-29 21:47:18.380   452   480 W APM::AudioPolicyEngine: getDevicesForStrategy() unknown strategy: -1
11-29 21:47:18.380   452   480 W APM::AudioPolicyEngine: getDevicesForStrategy() unknown strategy: -1
11-29 21:47:18.381   452   479 D PermissionCache: checking android.permission.MODIFY_AUDIO_SETTINGS for uid=1000 => granted (84 us)
11-29 21:47:18.405   452   452 D AudioFlinger: isLowRamDevice:false totalMemory:2076880896 mClientSharedHeapSize:4194304
11-29 21:47:18.406   538   538 D SystemServerTiming: StartAudioService took to complete: 51ms
11-29 21:47:18.406   538   538 I SystemServerTiming: StartSoundTriggerMiddlewareService
11-29 21:47:18.406   538   538 I SystemServiceManager: Starting com.android.server.soundtrigger_middleware.SoundTriggerMiddlewareService$Lifecycle
11-29 21:47:18.407   538   538 D SoundTriggerMiddlewareService: Connecting to default ISoundTriggerHw
11-29 21:47:18.408   538   538 I android_os_HwBinder: HwBinder: Starting thread pool for getting: android.hardware.soundtrigger@2.0::ISoundTriggerHw/default
11-29 21:47:18.410   452   452 I CaptureStateNotifier: Registering a listener
11-29 21:47:18.410   538   538 D SystemServerTiming: StartSoundTriggerMiddlewareService took to complete: 4ms
11-29 21:47:18.410   538   538 I SystemServerTiming: StartDockObserver
11-29 21:47:18.410   538   538 I SystemServiceManager: Starting com.android.server.DockObserver
11-29 21:47:18.411   538   538 W DockObserver: This kernel does not have dock station support
11-29 21:47:18.411   538   647 I SoundTriggerMiddlewareLogging: setCaptureState[this=com.android.server.soundtrigger_middleware.SoundTriggerMiddlewareImpl@800faea, caller=1000/538](false)
11-29 21:47:18.411   538   538 D SystemServerTiming: StartDockObserver took to complete: 1ms
11-29 21:47:18.411   538   538 I SystemServerTiming: StartWiredAccessoryManager
11-29 21:47:18.411   538   538 W WiredAccessoryManager: This kernel does not have usb audio support
11-29 21:47:18.412   538   538 W WiredAccessoryManager: This kernel does not have HDMI audio support
11-29 21:47:18.412   538   538 D SystemServerTiming: StartWiredAccessoryManager took to complete: 0ms
11-29 21:47:18.412   538   538 I SystemServerTiming: StartMidiManager
11-29 21:47:18.412   538   538 I SystemServiceManager: Starting com.android.server.midi.MidiService$Lifecycle
11-29 21:47:18.412   538   538 D SystemServerTiming: StartMidiManager took to complete: 1ms
11-29 21:47:18.412   538   538 I SystemServerTiming: StartAdbService
11-29 21:47:18.412   538   538 I SystemServiceManager: Starting com.android.server.adb.AdbService$Lifecycle
11-29 21:47:18.413   538   538 D SystemServerTiming: StartAdbService took to complete: 0ms
11-29 21:47:18.413   538   538 I SystemServerTiming: StartUsbService
11-29 21:47:18.413   538   538 I SystemServiceManager: Starting com.android.server.usb.UsbService$Lifecycle
11-29 21:47:18.413   538   538 D SystemServerTiming: StartUsbService took to complete: 0ms
11-29 21:47:18.413   538   538 I SystemServerTiming: StartSerialService
11-29 21:47:18.413   538   562 I SystemServerTimingAsync: InitThreadPoolExec:UsbService$Lifecycle#onStart
11-29 21:47:18.413   538   562 D SystemServerInitThreadPool: Started executing UsbService$Lifecycle#onStart
11-29 21:47:18.414   538   538 D SystemServerTiming: StartSerialService took to complete: 1ms
11-29 21:47:18.414   538   538 I SystemServerTiming: StartHardwarePropertiesManagerService
11-29 21:47:18.414   538   538 D HardwarePropertiesManagerService-JNI: Link to death notification successful
11-29 21:47:18.414   538   562 E UsbDeviceManager: failed to write to /sys/class/android_usb/android0/f_rndis/ethaddr
11-29 21:47:18.415   177   177 I hwservicemanager: getTransport: Cannot find entry android.hardware.usb.gadget@1.0::IUsbGadget/default in either framework or device manifest.
11-29 21:47:18.415   538   538 D SystemServerTiming: StartHardwarePropertiesManagerService took to complete: 1ms
11-29 21:47:18.415   538   538 I SystemServerTiming: StartTwilightService
11-29 21:47:18.415   538   538 I SystemServiceManager: Starting com.android.server.twilight.TwilightService
11-29 21:47:18.415   538   538 D SystemServerTiming: StartTwilightService took to complete: 0ms
11-29 21:47:18.415   538   538 I SystemServerTiming: StartColorDisplay
11-29 21:47:18.415   538   538 I SystemServiceManager: Starting com.android.server.display.color.ColorDisplayService
11-29 21:47:18.418   538   538 D SystemServerTiming: StartColorDisplay took to complete: 3ms
11-29 21:47:18.418   538   538 I SystemServerTiming: StartJobScheduler
11-29 21:47:18.418   538   562 I UsbDeviceManager: USB GADGET HAL not present in the device
11-29 21:47:18.418   538   562 I UsbDeviceManager: java.util.NoSuchElementException
11-29 21:47:18.418   538   562 I UsbDeviceManager: 	at android.os.HwBinder.getService(Native Method)
11-29 21:47:18.418   538   562 I UsbDeviceManager: 	at android.hardware.usb.gadget.V1_0.IUsbGadget.getService(IUsbGadget.java:55)
11-29 21:47:18.418   538   562 I UsbDeviceManager: 	at android.hardware.usb.gadget.V1_0.IUsbGadget.getService(IUsbGadget.java:62)
11-29 21:47:18.418   538   562 I UsbDeviceManager: 	at com.android.server.usb.UsbDeviceManager.<init>(UsbDeviceManager.java:265)
11-29 21:47:18.418   538   562 I UsbDeviceManager: 	at com.android.server.usb.UsbService.<init>(UsbService.java:178)
11-29 21:47:18.418   538   562 I UsbDeviceManager: 	at com.android.server.usb.UsbService$Lifecycle.lambda$onStart$0$UsbService$Lifecycle(UsbService.java:92)
11-29 21:47:18.418   538   562 I UsbDeviceManager: 	at com.android.server.usb.-$$Lambda$UsbService$Lifecycle$KjOG0MXO3C0J-L5Ymrj6FnSwXwQ.run(Unknown Source:2)
11-29 21:47:18.418   538   562 I UsbDeviceManager: 	at com.android.server.SystemServerInitThreadPool.lambda$submitTask$0$SystemServerInitThreadPool(SystemServerInitThreadPool.java:103)
11-29 21:47:18.418   538   562 I UsbDeviceManager: 	at com.android.server.-$$Lambda$SystemServerInitThreadPool$o2_GLo0lnkotYmRdTfg66UETEwQ.run(Unknown Source:6)
11-29 21:47:18.418   538   562 I UsbDeviceManager: 	at java.util.concurrent.Executors$RunnableAdapter.call(Executors.java:462)
11-29 21:47:18.418   538   562 I UsbDeviceManager: 	at java.util.concurrent.FutureTask.run(FutureTask.java:266)
11-29 21:47:18.418   538   562 I UsbDeviceManager: 	at java.util.concurrent.ThreadPoolExecutor.runWorker(ThreadPoolExecutor.java:1167)
11-29 21:47:18.418   538   562 I UsbDeviceManager: 	at java.util.concurrent.ThreadPoolExecutor$Worker.run(ThreadPoolExecutor.java:641)
11-29 21:47:18.418   538   562 I UsbDeviceManager: 	at com.android.internal.util.ConcurrentUtils$1$1.run(ConcurrentUtils.java:65)
11-29 21:47:18.418   538   562 E UsbDeviceManagerJNI: could not open control for mtp No such file or directory
11-29 21:47:18.418   538   562 E UsbDeviceManager: Failed to open control for mtp
11-29 21:47:18.418   538   562 E UsbDeviceManagerJNI: could not open control for ptp No such file or directory
11-29 21:47:18.418   538   562 E UsbDeviceManager: Failed to open control for ptp
11-29 21:47:18.419   538   538 I SystemServiceManager: Starting com.android.server.job.JobSchedulerService
11-29 21:47:18.424   538   538 D JobStore: Start tag: job-info
11-29 21:47:18.426   538   538 I JobStore: Read 7 jobs
11-29 21:47:18.427   538   538 I TetheringManager: registerTetheringEventCallback:android
11-29 21:47:18.428   538   633 D ConnectivityService: NetReassign [no changes]
11-29 21:47:18.429   538   562 W StorageManagerService: No primary storage defined yet; hacking together a stub
11-29 21:47:18.429   538   538 E HistoricalRegistry: Interaction before persistence initialized
11-29 21:47:18.430   538   562 E UsbDeviceManagerJNI: could not open /dev/usb_accessory
11-29 21:47:18.430   538   538 D SystemServerTiming: StartJobScheduler took to complete: 11ms
11-29 21:47:18.430   538   538 I SystemServerTiming: StartSoundTrigger
11-29 21:47:18.430   538   538 I SystemServiceManager: Starting com.android.server.soundtrigger.SoundTriggerService
11-29 21:47:18.430   538   538 D SystemServerTiming: StartSoundTrigger took to complete: 0ms
11-29 21:47:18.430   538   538 I SystemServerTiming: StartTrustManager
11-29 21:47:18.430   538   538 I SystemServiceManager: Starting com.android.server.trust.TrustManagerService
11-29 21:47:18.430   538   538 D SystemServerTiming: StartTrustManager took to complete: 0ms
11-29 21:47:18.431   538   538 I SystemServerTiming: StartBackupManager
11-29 21:47:18.431   538   538 I SystemServiceManager: Starting com.android.server.backup.BackupManagerService$Lifecycle
11-29 21:47:18.431   538   562 I android_os_HwBinder: HwBinder: Starting thread pool for getting: android.hidl.manager@1.0::IServiceManager/default
11-29 21:47:18.431   538   619 I UsbPortManager: Usb hal service started android.hardware.usb@1.0::IUsb default
11-29 21:47:18.432   538   619 I android_os_HwBinder: HwBinder: Starting thread pool for getting: android.hardware.usb@1.0::IUsb/default
11-29 21:47:18.432   318   318 I android.hardware.usb@1.0-service: registering callback
11-29 21:47:18.433   318   653 E android.hardware.usb@1.0-service: creating thread
11-29 21:47:18.433   318   318 E android.hardware.usb@1.0-service: Failed to open /sys/class/dual_role_usb
11-29 21:47:18.434   538   538 D SystemServerTiming: StartBackupManager took to complete: 4ms
11-29 21:47:18.435   538   538 I SystemServerTiming: StartAppWidgetService
11-29 21:47:18.435   538   538 I SystemServiceManager: Starting com.android.server.appwidget.AppWidgetService
11-29 21:47:18.435   538   562 D SystemServerInitThreadPool: Finished executing UsbService$Lifecycle#onStart
11-29 21:47:18.435   538   562 D SystemServerTimingAsync: InitThreadPoolExec:UsbService$Lifecycle#onStart took to complete: 23ms
11-29 21:47:18.438   538   538 D SystemServerTiming: StartAppWidgetService took to complete: 3ms
11-29 21:47:18.438   538   538 I SystemServerTiming: StartRoleManagerService
11-29 21:47:18.438   538   538 D SystemServerTiming: StartRoleManagerService took to complete: 1ms
11-29 21:47:18.438   538   538 I SystemServerTiming: StartVoiceRecognitionManager
11-29 21:47:18.439   538   538 I SystemServiceManager: Starting com.android.server.voiceinteraction.VoiceInteractionManagerService
11-29 21:47:18.442   538   538 W VoiceInteractionManager: Unable to resolve default voice recognition service.
11-29 21:47:18.442   538   538 D SystemServerTiming: StartVoiceRecognitionManager took to complete: 4ms
11-29 21:47:18.442   538   538 I SystemServerTiming: StartGestureLauncher
11-29 21:47:18.442   538   538 I SystemServiceManager: Starting com.android.server.GestureLauncherService
11-29 21:47:18.442   538   538 D SystemServerTiming: StartGestureLauncher took to complete: 0ms
11-29 21:47:18.442   538   538 I SystemServerTiming: StartSensorNotification
11-29 21:47:18.442   538   538 I SystemServiceManager: Starting com.android.server.SensorNotificationService
11-29 21:47:18.442   538   538 D SystemServerTiming: StartSensorNotification took to complete: 0ms
11-29 21:47:18.442   538   538 I SystemServerTiming: StartDiskStatsService
11-29 21:47:18.444   538   538 D SystemServerTiming: StartDiskStatsService took to complete: 2ms
11-29 21:47:18.444   538   538 I SystemServerTiming: RuntimeService
11-29 21:47:18.444   538   538 D SystemServerTiming: RuntimeService took to complete: 0ms
11-29 21:47:18.445   538   538 I SystemServerTiming: StartNetworkTimeUpdateService
11-29 21:47:18.445   538   538 D SystemServerTiming: StartNetworkTimeUpdateService took to complete: 1ms
11-29 21:47:18.445   538   538 I SystemServerTiming: CertBlacklister
11-29 21:47:18.445   538   538 D SystemServerTiming: CertBlacklister took to complete: 0ms
11-29 21:47:18.445   538   538 I SystemServerTiming: StartEmergencyAffordanceService
11-29 21:47:18.445   538   538 I SystemServiceManager: Starting com.android.server.emergency.EmergencyAffordanceService
11-29 21:47:18.446   538   538 D SystemServerTiming: StartEmergencyAffordanceService took to complete: 0ms
11-29 21:47:18.446   538   538 I SystemServerTiming: StartDreamManager
11-29 21:47:18.446   538   587 I SystemServerTimingAsync: InitThreadPoolExec:startBlobStoreManagerService
11-29 21:47:18.446   538   538 I SystemServiceManager: Starting com.android.server.dreams.DreamManagerService
11-29 21:47:18.446   538   587 D SystemServerInitThreadPool: Started executing startBlobStoreManagerService
11-29 21:47:18.446   538   587 I SystemServerTimingAsync: startBlobStoreManagerService
11-29 21:47:18.446   538   538 D SystemServerTiming: StartDreamManager took to complete: 1ms
11-29 21:47:18.446   538   538 I SystemServerTiming: AddGraphicsStatsService
11-29 21:47:18.447   538   538 D SystemServerTiming: AddGraphicsStatsService took to complete: 0ms
11-29 21:47:18.447   538   538 I SystemServerTiming: StartPrintManager
11-29 21:47:18.447   538   538 I SystemServiceManager: Starting com.android.server.print.PrintManagerService
11-29 21:47:18.447   289   293 I ServiceManager: Waiting for service 'statscompanion' on '/dev/binder'...
11-29 21:47:18.448   538   538 D SystemServerTiming: StartPrintManager took to complete: 0ms
11-29 21:47:18.448   538   538 I SystemServerTiming: StartCompanionDeviceManager
11-29 21:47:18.448   538   538 I SystemServiceManager: Starting com.android.server.companion.CompanionDeviceManagerService
11-29 21:47:18.448   538   538 D SystemServerTiming: StartCompanionDeviceManager took to complete: 1ms
11-29 21:47:18.448   538   538 I SystemServerTiming: StartRestrictionManager
11-29 21:47:18.448   538   538 I SystemServiceManager: Starting com.android.server.restrictions.RestrictionsManagerService
11-29 21:47:18.448   538   587 I SystemServiceManager: Starting com.android.server.blob.BlobStoreManagerService
11-29 21:47:18.449   538   538 D SystemServerTiming: StartRestrictionManager took to complete: 0ms
11-29 21:47:18.449   538   538 I SystemServerTiming: StartMediaSessionService
11-29 21:47:18.449   538   538 I SystemServiceManager: Starting com.android.server.media.MediaSessionService
11-29 21:47:18.450   538   587 D SystemServerTimingAsync: startBlobStoreManagerService took to complete: 5ms
11-29 21:47:18.450   538   587 D SystemServerInitThreadPool: Finished executing startBlobStoreManagerService
11-29 21:47:18.450   538   587 D SystemServerTimingAsync: InitThreadPoolExec:startBlobStoreManagerService took to complete: 5ms
11-29 21:47:18.455   538   538 D SystemServerTiming: StartMediaSessionService took to complete: 5ms
11-29 21:47:18.455   538   538 I SystemServerTiming: StartMediaResourceMonitor
11-29 21:47:18.455   538   538 I SystemServiceManager: Starting com.android.server.media.MediaResourceMonitorService
11-29 21:47:18.455   538   538 D SystemServerTiming: StartMediaResourceMonitor took to complete: 1ms
11-29 21:47:18.455   538   538 I SystemServerTiming: StartMediaRouterService
11-29 21:47:18.456   538   538 D SystemServerTiming: StartMediaRouterService took to complete: 0ms
11-29 21:47:18.456   538   538 I SystemServerTiming: StartFingerprintSensor
11-29 21:47:18.456   538   538 I SystemServiceManager: Starting com.android.server.biometrics.fingerprint.FingerprintService
11-29 21:47:18.456   538   538 D SystemServerTiming: StartFingerprintSensor took to complete: 1ms
11-29 21:47:18.456   538   538 I SystemServerTiming: StartBiometricService
11-29 21:47:18.456   538   538 I SystemServiceManager: Starting com.android.server.biometrics.BiometricService
11-29 21:47:18.456   538   595 I SystemServerTimingAsync: InitThreadPoolExec:FingerprintService.onStart
11-29 21:47:18.456   538   595 D SystemServerInitThreadPool: Started executing FingerprintService.onStart
11-29 21:47:18.457   538   595 V FingerprintService: mDaemon was null, reconnect to fingerprint
11-29 21:47:18.457   538   595 I android_os_HwBinder: HwBinder: Starting thread pool for getting: android.hardware.biometrics.fingerprint@2.1::IBiometricsFingerprint/default
11-29 21:47:18.458   538   538 D SystemServerTiming: StartBiometricService took to complete: 1ms
11-29 21:47:18.458   538   538 I SystemServerTiming: StartAuthService
11-29 21:47:18.458   538   538 I SystemServiceManager: Starting com.android.server.biometrics.AuthService
11-29 21:47:18.458   538   538 D AuthService: Registering ID: 0 Modality: 2 Strength: 15
11-29 21:47:18.458   538   595 V FingerprintService: Fingerprint HAL id: 4114621600
11-29 21:47:18.458   538   538 D FingerprintService: initConfiguredStrengthInternal(15)
11-29 21:47:18.458   538   538 D BiometricService: Registering ID: 0 Modality: 2 Strength: 15
11-29 21:47:18.458   423   423 D FingerprintHal: ----------------> fingerprint_set_active_group -----------------> path /data/vendor_de/0/fpdata
11-29 21:47:18.459   538   538 D BiometricStrengthController: Flags are null or empty
11-29 21:47:18.459   423   423 D FingerprintHal: ----------------> loadFingerprints ----------------->
11-29 21:47:18.459   538   538 D SystemServerTiming: StartAuthService took to complete: 1ms
11-29 21:47:18.459   423   423 E FingerprintHal: Could not load fingerprints from storage at /data/vendor_de/0/fpdata/emufp.bin; it has not yet been created.
11-29 21:47:18.459   538   538 I SystemServerTiming: StartBackgroundDexOptService
11-29 21:47:18.459   423   423 D FingerprintHal: ----------------> loadAuthenticatorId ----------------->
11-29 21:47:18.459   538   538 W BackgroundDexOptService: SysProp pm.dexopt.downgrade_after_inactive_days not set
11-29 21:47:18.459   423   423 D FingerprintHal: Read authenticator id (0x6b8b4567327b23c6)
11-29 21:47:18.459   538   538 D SystemServerTiming: StartBackgroundDexOptService took to complete: 1ms
11-29 21:47:18.459   538   538 I SystemServerTiming: StartDynamicCodeLoggingService
11-29 21:47:18.460   538   595 V FingerprintService: Enumerating user(0)
11-29 21:47:18.460   538   595 D SystemServerInitThreadPool: Finished executing FingerprintService.onStart
11-29 21:47:18.460   538   595 D SystemServerTimingAsync: InitThreadPoolExec:FingerprintService.onStart took to complete: 3ms
11-29 21:47:18.460   538   538 D SystemServerTiming: StartDynamicCodeLoggingService took to complete: 1ms
11-29 21:47:18.460   538   538 I SystemServerTiming: StartPruneInstantAppsJobService
11-29 21:47:18.460   538   538 D SystemServerTiming: StartPruneInstantAppsJobService took to complete: 0ms
11-29 21:47:18.460   538   538 I SystemServerTiming: StartShortcutServiceLifecycle
11-29 21:47:18.460   538   538 I SystemServiceManager: Starting com.android.server.pm.ShortcutService$Lifecycle
11-29 21:47:18.462   538   538 E HistoricalRegistry: Interaction before persistence initialized
11-29 21:47:18.462   538   538 D SystemServerTiming: StartShortcutServiceLifecycle took to complete: 1ms
11-29 21:47:18.462   538   538 I SystemServerTiming: StartLauncherAppsService
11-29 21:47:18.462   538   538 I SystemServiceManager: Starting com.android.server.pm.LauncherAppsService
11-29 21:47:18.462   538   538 D SystemServerTiming: StartLauncherAppsService took to complete: 1ms
11-29 21:47:18.462   538   538 I SystemServerTiming: StartCrossProfileAppsService
11-29 21:47:18.462   538   538 I SystemServiceManager: Starting com.android.server.pm.CrossProfileAppsService
11-29 21:47:18.462   538   538 D SystemServerTiming: StartCrossProfileAppsService took to complete: 0ms
11-29 21:47:18.463   538   538 I SystemServerTiming: StartPeopleService
11-29 21:47:18.463   538   538 I SystemServiceManager: Starting com.android.server.people.PeopleService
11-29 21:47:18.463   538   538 D SystemServerTiming: StartPeopleService took to complete: 0ms
11-29 21:47:18.463   538   538 I SystemServerTiming: StartMediaProjectionManager
11-29 21:47:18.463   538   538 I SystemServiceManager: Starting com.android.server.media.projection.MediaProjectionManagerService
11-29 21:47:18.472   538   538 V MediaRouter: Selecting route: RouteInfo{ name=Phone, description=null, status=null, category=RouteCategory{ name=System types=ROUTE_TYPE_LIVE_AUDIO ROUTE_TYPE_LIVE_VIDEO  groupable=false }, supportedTypes=ROUTE_TYPE_LIVE_AUDIO ROUTE_TYPE_LIVE_VIDEO , presentationDisplay=null }
11-29 21:47:18.473   538   538 D SystemServerTiming: StartMediaProjectionManager took to complete: 10ms
11-29 21:47:18.473   538   538 I SystemServerTiming: StartSliceManagerService
11-29 21:47:18.473   538   538 I SystemServiceManager: Starting com.android.server.slice.SliceManagerService$Lifecycle
11-29 21:47:18.474   538   538 D SystemServerTiming: StartSliceManagerService took to complete: 0ms
11-29 21:47:18.474   538   538 I SystemServerTiming: StartCameraServiceProxy
11-29 21:47:18.474   538   538 I SystemServiceManager: Starting com.android.server.camera.CameraServiceProxy
11-29 21:47:18.475   538   538 D SystemServerTiming: StartCameraServiceProxy took to complete: 1ms
11-29 21:47:18.475   538   538 I SystemServerTiming: StartStatsCompanion
11-29 21:47:18.481   538   538 I SystemServiceManager: Starting com.android.server.stats.StatsCompanion$Lifecycle
11-29 21:47:18.484   538   538 D SystemServerTiming: StartStatsCompanion took to complete: 9ms
11-29 21:47:18.484   538   538 I SystemServerTiming: StartStatsPullAtomService
11-29 21:47:18.528   538   538 I SystemServiceManager: Starting com.android.server.stats.pull.StatsPullAtomService
11-29 21:47:18.528   538   538 D SystemServerTiming: StartStatsPullAtomService took to complete: 44ms
11-29 21:47:18.528   538   538 I SystemServerTiming: StartIncidentCompanionService
11-29 21:47:18.528   538   538 I SystemServiceManager: Starting com.android.server.incident.IncidentCompanionService
11-29 21:47:18.529   538   538 D SystemServerTiming: StartIncidentCompanionService took to complete: 1ms
11-29 21:47:18.529   538   538 I SystemServerTiming: StartMmsService
11-29 21:47:18.529   538   538 I SystemServiceManager: Starting com.android.server.MmsServiceBroker
11-29 21:47:18.530   538   538 D SystemServerTiming: StartMmsService took to complete: 0ms
11-29 21:47:18.530   538   538 I SystemServerTiming: StartAutoFillService
11-29 21:47:18.532   538   538 I SystemServiceManager: Starting com.android.server.autofill.AutofillManagerService
11-29 21:47:18.533   538   538 D AutofillManagerService: setLogLevelFromSettings(): level=2, debug=true, verbose=false
11-29 21:47:18.533   538   538 D AutofillManagerService: setMaxPartitionsFromSettings(): 10
11-29 21:47:18.533   538   538 D AutofillManagerService: setMaxVisibleDatasetsFromSettings(): 0
11-29 21:47:18.534   538   556 D AutofillUI: destroySaveUiUiThread(): already destroyed
11-29 21:47:18.534   538   538 E AutofillManagerServiceImpl: Bad service name: com.google.android.gms/.autofill.service.AutofillService
11-29 21:47:18.534   538   538 D AutofillManagerServiceImpl: Reset component for user 0:com.google.android.gms/.autofill.service.AutofillService
11-29 21:47:18.535   538   538 D SystemServerTiming: StartAutoFillService took to complete: 5ms
11-29 21:47:18.535   538   538 I SystemServerTiming: StartClipboardService
11-29 21:47:18.535   538   538 I SystemServiceManager: Starting com.android.server.clipboard.ClipboardService
11-29 21:47:18.536   538   538 D SystemServerTiming: StartClipboardService took to complete: 2ms
11-29 21:47:18.536   538   538 I SystemServerTiming: AppServiceManager
11-29 21:47:18.536   538   538 I SystemServiceManager: Starting com.android.server.appbinding.AppBindingService$Lifecycle
11-29 21:47:18.536   538   538 D SystemServerTiming: AppServiceManager took to complete: 0ms
11-29 21:47:18.537   538   538 I SystemServerTiming: MakeVibratorServiceReady
11-29 21:47:18.537   538   538 E HistoricalRegistry: Interaction before persistence initialized
11-29 21:47:18.538   538   538 D SystemServerTiming: MakeVibratorServiceReady took to complete: 1ms
11-29 21:47:18.538   538   538 I SystemServerTiming: MakeLockSettingsServiceReady
11-29 21:47:18.543   177   177 I hwservicemanager: getTransport: Cannot find entry android.hardware.weaver@1.0::IWeaver/default in either framework or device manifest.
11-29 21:47:18.543   538   538 I SyntheticPasswordManager: Device does not support weaver
11-29 21:47:18.544   538   538 I android_os_HwBinder: HwBinder: Starting thread pool for getting: android.hardware.authsecret@1.0::IAuthSecret/default
11-29 21:47:18.545   538   538 D SystemServerTiming: MakeLockSettingsServiceReady took to complete: 8ms
11-29 21:47:18.545   538   538 I SystemServerTiming: StartBootPhaseLockSettingsReady
11-29 21:47:18.545   538   538 I SystemServiceManager: Starting phase 480
11-29 21:47:18.545   538   538 I SystemServerTiming: OnBootPhase_480
11-29 21:47:18.545   538   538 I SystemServerTiming: OnBootPhase_480_com.android.server.security.FileIntegrityService
11-29 21:47:18.545   538   538 D SystemServerTiming: OnBootPhase_480_com.android.server.security.FileIntegrityService took to complete: 0ms
11-29 21:47:18.545   538   538 I SystemServerTiming: OnBootPhase_480_com.android.server.pm.Installer
11-29 21:47:18.545   538   538 D SystemServerTiming: OnBootPhase_480_com.android.server.pm.Installer took to complete: 0ms
11-29 21:47:18.545   538   538 I SystemServerTiming: OnBootPhase_480_com.android.server.os.DeviceIdentifiersPolicyService
11-29 21:47:18.545   538   538 D SystemServerTiming: OnBootPhase_480_com.android.server.os.DeviceIdentifiersPolicyService took to complete: 0ms
11-29 21:47:18.545   538   538 I SystemServerTiming: OnBootPhase_480_com.android.server.uri.UriGrantsManagerService$Lifecycle
11-29 21:47:18.545   538   538 D SystemServerTiming: OnBootPhase_480_com.android.server.uri.UriGrantsManagerService$Lifecycle took to complete: 0ms
11-29 21:47:18.545   538   538 I SystemServerTiming: OnBootPhase_480_com.android.server.wm.ActivityTaskManagerService$Lifecycle
11-29 21:47:18.545   538   538 D SystemServerTiming: OnBootPhase_480_com.android.server.wm.ActivityTaskManagerService$Lifecycle took to complete: 0ms
11-29 21:47:18.545   538   538 I SystemServerTiming: OnBootPhase_480_com.android.server.am.ActivityManagerService$Lifecycle
11-29 21:47:18.545   538   538 D SystemServerTiming: OnBootPhase_480_com.android.server.am.ActivityManagerService$Lifecycle took to complete: 0ms
11-29 21:47:18.545   538   538 I SystemServerTiming: OnBootPhase_480_com.android.server.pm.DataLoaderManagerService
11-29 21:47:18.545   538   538 D SystemServerTiming: OnBootPhase_480_com.android.server.pm.DataLoaderManagerService took to complete: 0ms
11-29 21:47:18.545   538   538 I SystemServerTiming: OnBootPhase_480_com.android.server.power.PowerManagerService
11-29 21:47:18.545   538   538 D SystemServerTiming: OnBootPhase_480_com.android.server.power.PowerManagerService took to complete: 0ms
11-29 21:47:18.546   538   538 I SystemServerTiming: OnBootPhase_480_com.android.server.power.ThermalManagerService
11-29 21:47:18.546   538   538 D SystemServerTiming: OnBootPhase_480_com.android.server.power.ThermalManagerService took to complete: 0ms
11-29 21:47:18.546   538   538 I SystemServerTiming: OnBootPhase_480_com.android.server.recoverysystem.RecoverySystemService$Lifecycle
11-29 21:47:18.546   538   538 D SystemServerTiming: OnBootPhase_480_com.android.server.recoverysystem.RecoverySystemService$Lifecycle took to complete: 0ms
11-29 21:47:18.546   538   538 I SystemServerTiming: OnBootPhase_480_com.android.server.lights.LightsService
11-29 21:47:18.546   538   538 D SystemServerTiming: OnBootPhase_480_com.android.server.lights.LightsService took to complete: 0ms
11-29 21:47:18.546   538   538 I SystemServerTiming: OnBootPhase_480_com.android.server.display.DisplayManagerService
11-29 21:47:18.546   538   538 D SystemServerTiming: OnBootPhase_480_com.android.server.display.DisplayManagerService took to complete: 0ms
11-29 21:47:18.546   538   538 I SystemServerTiming: OnBootPhase_480_com.android.server.pm.UserManagerService$LifeCycle
11-29 21:47:18.546   538   538 D SystemServerTiming: OnBootPhase_480_com.android.server.pm.UserManagerService$LifeCycle took to complete: 0ms
11-29 21:47:18.546   538   538 I SystemServerTiming: OnBootPhase_480_com.android.server.om.OverlayManagerService
11-29 21:47:18.546   538   538 D SystemServerTiming: OnBootPhase_480_com.android.server.om.OverlayManagerService took to complete: 0ms
11-29 21:47:18.546   538   538 I SystemServerTiming: OnBootPhase_480_com.android.server.SensorPrivacyService
11-29 21:47:18.546   538   538 D SystemServerTiming: OnBootPhase_480_com.android.server.SensorPrivacyService took to complete: 0ms
11-29 21:47:18.546   538   538 I SystemServerTiming: OnBootPhase_480_com.android.server.SystemConfigService
11-29 21:47:18.546   538   538 D SystemServerTiming: OnBootPhase_480_com.android.server.SystemConfigService took to complete: 0ms
11-29 21:47:18.546   538   538 I SystemServerTiming: OnBootPhase_480_com.android.server.BatteryService
11-29 21:47:18.546   538   538 D SystemServerTiming: OnBootPhase_480_com.android.server.BatteryService took to complete: 0ms
11-29 21:47:18.546   538   538 I SystemServerTiming: OnBootPhase_480_com.android.server.usage.UsageStatsService
11-29 21:47:18.546   538   538 D SystemServerTiming: OnBootPhase_480_com.android.server.usage.UsageStatsService took to complete: 0ms
11-29 21:47:18.546   538   538 I SystemServerTiming: OnBootPhase_480_com.android.server.webkit.WebViewUpdateService
11-29 21:47:18.546   538   538 D SystemServerTiming: OnBootPhase_480_com.android.server.webkit.WebViewUpdateService took to complete: 0ms
11-29 21:47:18.546   538   538 I SystemServerTiming: OnBootPhase_480_com.android.server.CachedDeviceStateService
11-29 21:47:18.546   538   538 D SystemServerTiming: OnBootPhase_480_com.android.server.CachedDeviceStateService took to complete: 0ms
11-29 21:47:18.546   538   538 I SystemServerTiming: OnBootPhase_480_com.android.server.BinderCallsStatsService$LifeCycle
11-29 21:47:18.546   538   538 D SystemServerTiming: OnBootPhase_480_com.android.server.BinderCallsStatsService$LifeCycle took to complete: 0ms
11-29 21:47:18.546   538   538 I SystemServerTiming: OnBootPhase_480_com.android.server.LooperStatsService$Lifecycle
11-29 21:47:18.546   538   538 D SystemServerTiming: OnBootPhase_480_com.android.server.LooperStatsService$Lifecycle took to complete: 0ms
11-29 21:47:18.546   538   538 I SystemServerTiming: OnBootPhase_480_com.android.server.rollback.RollbackManagerService
11-29 21:47:18.546   538   538 D SystemServerTiming: OnBootPhase_480_com.android.server.rollback.RollbackManagerService took to complete: 0ms
11-29 21:47:18.546   538   538 I SystemServerTiming: OnBootPhase_480_com.android.server.os.BugreportManagerService
11-29 21:47:18.546   538   538 D SystemServerTiming: OnBootPhase_480_com.android.server.os.BugreportManagerService took to complete: 0ms
11-29 21:47:18.546   538   538 I SystemServerTiming: OnBootPhase_480_com.android.server.gpu.GpuService
11-29 21:47:18.546   538   538 D SystemServerTiming: OnBootPhase_480_com.android.server.gpu.GpuService took to complete: 0ms
11-29 21:47:18.546   538   538 I SystemServerTiming: OnBootPhase_480_com.android.server.security.KeyChainSystemService
11-29 21:47:18.546   538   538 D SystemServerTiming: OnBootPhase_480_com.android.server.security.KeyChainSystemService took to complete: 0ms
11-29 21:47:18.546   538   538 I SystemServerTiming: OnBootPhase_480_com.android.server.telecom.TelecomLoaderService
11-29 21:47:18.546   538   538 D SystemServerTiming: OnBootPhase_480_com.android.server.telecom.TelecomLoaderService took to complete: 0ms
11-29 21:47:18.546   538   538 I SystemServerTiming: OnBootPhase_480_com.android.server.accounts.AccountManagerService$Lifecycle
11-29 21:47:18.546   538   538 D SystemServerTiming: OnBootPhase_480_com.android.server.accounts.AccountManagerService$Lifecycle took to complete: 0ms
11-29 21:47:18.546   538   538 I SystemServerTiming: OnBootPhase_480_com.android.server.content.ContentService$Lifecycle
11-29 21:47:18.546   538   538 D SystemServerTiming: OnBootPhase_480_com.android.server.content.ContentService$Lifecycle took to complete: 0ms
11-29 21:47:18.546   538   538 I SystemServerTiming: OnBootPhase_480_com.android.server.DropBoxManagerService
11-29 21:47:18.546   538   538 D SystemServerTiming: OnBootPhase_480_com.android.server.DropBoxManagerService took to complete: 0ms
11-29 21:47:18.546   538   538 I SystemServerTiming: OnBootPhase_480_com.android.server.AlarmManagerService
11-29 21:47:18.546   538   538 D SystemServerTiming: OnBootPhase_480_com.android.server.AlarmManagerService took to complete: 0ms
11-29 21:47:18.546   538   538 I SystemServerTiming: OnBootPhase_480_com.android.server.BluetoothService
11-29 21:47:18.546   538   538 D SystemServerTiming: OnBootPhase_480_com.android.server.BluetoothService took to complete: 0ms
11-29 21:47:18.546   538   538 I SystemServerTiming: OnBootPhase_480_com.android.server.connectivity.IpConnectivityMetrics
11-29 21:47:18.546   538   538 D SystemServerTiming: OnBootPhase_480_com.android.server.connectivity.IpConnectivityMetrics took to complete: 0ms
11-29 21:47:18.546   538   538 I SystemServerTiming: OnBootPhase_480_com.android.server.net.watchlist.NetworkWatchlistService$Lifecycle
11-29 21:47:18.546   538   538 D SystemServerTiming: OnBootPhase_480_com.android.server.net.watchlist.NetworkWatchlistService$Lifecycle took to complete: 0ms
11-29 21:47:18.546   538   538 I SystemServerTiming: OnBootPhase_480_com.android.server.PinnerService
11-29 21:47:18.546   538   538 D SystemServerTiming: OnBootPhase_480_com.android.server.PinnerService took to complete: 0ms
11-29 21:47:18.546   538   538 I SystemServerTiming: OnBootPhase_480_com.google.android.startop.iorap.IorapForwardingService
11-29 21:47:18.546   538   538 D SystemServerTiming: OnBootPhase_480_com.google.android.startop.iorap.IorapForwardingService took to complete: 0ms
11-29 21:47:18.546   538   538 I SystemServerTiming: OnBootPhase_480_com.android.server.integrity.AppIntegrityManagerService
11-29 21:47:18.546   538   538 D SystemServerTiming: OnBootPhase_480_com.android.server.integrity.AppIntegrityManagerService took to complete: 0ms
11-29 21:47:18.546   538   538 I SystemServerTiming: OnBootPhase_480_com.android.server.inputmethod.InputMethodManagerService$Lifecycle
11-29 21:47:18.546   538   538 D SystemServerTiming: OnBootPhase_480_com.android.server.inputmethod.InputMethodManagerService$Lifecycle took to complete: 0ms
11-29 21:47:18.546   538   538 I SystemServerTiming: OnBootPhase_480_com.android.server.accessibility.AccessibilityManagerService$Lifecycle
11-29 21:47:18.547   538   538 D SystemServerTiming: OnBootPhase_480_com.android.server.accessibility.AccessibilityManagerService$Lifecycle took to complete: 0ms
11-29 21:47:18.547   538   538 I SystemServerTiming: OnBootPhase_480_com.android.server.StorageManagerService$Lifecycle
11-29 21:47:18.547   538   538 D SystemServerTiming: OnBootPhase_480_com.android.server.StorageManagerService$Lifecycle took to complete: 0ms
11-29 21:47:18.547   538   538 I SystemServerTiming: OnBootPhase_480_com.android.server.usage.StorageStatsService$Lifecycle
11-29 21:47:18.547   538   538 D SystemServerTiming: OnBootPhase_480_com.android.server.usage.StorageStatsService$Lifecycle took to complete: 0ms
11-29 21:47:18.547   538   538 I SystemServerTiming: OnBootPhase_480_com.android.server.UiModeManagerService
11-29 21:47:18.547   538   538 D SystemServerTiming: OnBootPhase_480_com.android.server.UiModeManagerService took to complete: 0ms
11-29 21:47:18.547   538   538 I SystemServerTiming: OnBootPhase_480_com.android.server.locksettings.LockSettingsService$Lifecycle
11-29 21:47:18.547   538   538 D SystemServerTiming: OnBootPhase_480_com.android.server.locksettings.LockSettingsService$Lifecycle took to complete: 0ms
11-29 21:47:18.547   538   538 I SystemServerTiming: OnBootPhase_480_com.android.server.testharness.TestHarnessModeService
11-29 21:47:18.547   538   538 D SystemServerTiming: OnBootPhase_480_com.android.server.testharness.TestHarnessModeService took to complete: 0ms
11-29 21:47:18.547   538   538 I SystemServerTiming: OnBootPhase_480_com.android.server.DeviceIdleController
11-29 21:47:18.547   538   538 D SystemServerTiming: OnBootPhase_480_com.android.server.DeviceIdleController took to complete: 0ms
11-29 21:47:18.547   538   538 I SystemServerTiming: OnBootPhase_480_com.android.server.devicepolicy.DevicePolicyManagerService$Lifecycle
11-29 21:47:18.549   538   538 D SystemServerTiming: OnBootPhase_480_com.android.server.devicepolicy.DevicePolicyManagerService$Lifecycle took to complete: 3ms
11-29 21:47:18.549   538   604 I SystemServerTimingAsync: InitThreadPoolExec:DevicePolicyManager
11-29 21:47:18.549   538   538 I SystemServerTiming: OnBootPhase_480_com.android.server.textservices.TextServicesManagerService$Lifecycle
11-29 21:47:18.549   538   604 D SystemServerInitThreadPool: Started executing DevicePolicyManager
11-29 21:47:18.549   538   538 D SystemServerTiming: OnBootPhase_480_com.android.server.textservices.TextServicesManagerService$Lifecycle took to complete: 0ms
11-29 21:47:18.549   538   538 I SystemServerTiming: OnBootPhase_480_com.android.server.textclassifier.TextClassificationManagerService$Lifecycle
